23.06.2025 
15:21
$SIZES PD=-1000 LVR=-150 LTH=-200
$PROBLEM single pyDarwin individual, one among multitude
$INPUT ID TIME DV AMT EVID MDV CMT WT DROP
$DATA "../../../dataset.csv" IGNORE=@
$SUBROUTINE ADVAN4 TRANS4
$PK
  CL = THETA(1)  * EXP(ETA(1)) ; CL
  Ka = THETA(2) ; Ka
  ; V is not used ; V
  Q = THETA(3) ; Q
  V2 = THETA(4) *(WT/70)**(THETA(5)) * EXP(ETA(2))
  SC = V2 ; V2
  V3 = THETA(6)  * EXP(ETA(3)) ; V3
  ; Q3 is not used ; Q3
  ; Q4 is not used ; Q4
  ; V4 is not used ; V4
$ERROR
  IPRED = F
  Y = F *(1+EPS(1))
$SIGMA
  ;proportional error
  0.015	; EPS(1)
$THETA
  (0, 2) ; CL 

  (0, 1) ; Ka
  ; V is not used
  (0, 25) ; Q
  (0, 5) ; V2 
  (0.5); V2~WT
  (0, 1) ; V3
  ; Q3 is not used
  ; Q4 is not used
  ; V4 is not used
$OMEGA
  0.1  ; CL
  ; Ka is not used
  ; V is not used
  ; Q is not used
  0.1  ; V2
  0.1  ; V3
  ; Q3 is not used
  ; Q4 is not used
  ; V4 is not used
$EST METHOD = COND INTER NOABORT MAX = 999999
$COV UNCOND PRINT=E


;; Phenotype: ([('ADVAN', 1), ('CL~WT', 0), ('CL_OMEGA', 1), ('V2~WT', 1), ('V2_OMEGA', 1), ('V3_OMEGA', 1), ('RESERR', 0)])
;; Genotype: [1, 0, 1, 0, 0, 1, 1, 1, 0]
;; Num non-influential tokens: 2
  
NM-TRAN MESSAGES 
  
 WARNINGS AND ERRORS (IF ANY) FOR PROBLEM    1
             
 (WARNING  2) NM-TRAN INFERS THAT THE DATA ARE POPULATION.

 (DATA WARNING   5) RECORD        23, DATA ITEM   3, CONTENTS: 0.578207755584716
 THE DV DATA ITEM IS POSITIVE, BUT THE MDV DATA ITEM IS 1

 (DATA WARNING   5) RECORD        36, DATA ITEM   3, CONTENTS: 0.253037376101637
 THE DV DATA ITEM IS POSITIVE, BUT THE MDV DATA ITEM IS 1

 (DATA WARNING   5) RECORD        49, DATA ITEM   3, CONTENTS: 0.0374968196880104
 THE DV DATA ITEM IS POSITIVE, BUT THE MDV DATA ITEM IS 1

 (DATA WARNING   5) RECORD        53, DATA ITEM   3, CONTENTS: 0.216962267108867
 THE DV DATA ITEM IS POSITIVE, BUT THE MDV DATA ITEM IS 1

 (DATA WARNING   5) RECORD        56, DATA ITEM   3, CONTENTS: 0.179385292288255
 THE DV DATA ITEM IS POSITIVE, BUT THE MDV DATA ITEM IS 1

 (DATA WARNING   5) RECORD        65, DATA ITEM   3, CONTENTS: 0.0560124573900807
 THE DV DATA ITEM IS POSITIVE, BUT THE MDV DATA ITEM IS 1

 (DATA WARNING   5) RECORD        70, DATA ITEM   3, CONTENTS: 0.0321758955915845
 THE DV DATA ITEM IS POSITIVE, BUT THE MDV DATA ITEM IS 1

 (DATA WARNING   5) RECORD        71, DATA ITEM   3, CONTENTS: 0.0117016277588702
 THE DV DATA ITEM IS POSITIVE, BUT THE MDV DATA ITEM IS 1

 (DATA WARNING   5) RECORD       113, DATA ITEM   3, CONTENTS: 0.636975335478493
 THE DV DATA ITEM IS POSITIVE, BUT THE MDV DATA ITEM IS 1

 (DATA WARNING   5) RECORD       127, DATA ITEM   3, CONTENTS: 0.280786803798414
 THE DV DATA ITEM IS POSITIVE, BUT THE MDV DATA ITEM IS 1

 (DATA WARNING   5) RECORD       161, DATA ITEM   3, CONTENTS: 0.391616493629251
 THE DV DATA ITEM IS POSITIVE, BUT THE MDV DATA ITEM IS 1

 (DATA WARNING   5) RECORD       163, DATA ITEM   3, CONTENTS: 0.197686284633705
 THE DV DATA ITEM IS POSITIVE, BUT THE MDV DATA ITEM IS 1

 (DATA WARNING   5) RECORD       178, DATA ITEM   3, CONTENTS: 0.00121654228389062
 THE DV DATA ITEM IS POSITIVE, BUT THE MDV DATA ITEM IS 1

 (DATA WARNING   5) RECORD       184, DATA ITEM   3, CONTENTS: 0.0291155654689958
 THE DV DATA ITEM IS POSITIVE, BUT THE MDV DATA ITEM IS 1

 (DATA WARNING   5) RECORD       188, DATA ITEM   3, CONTENTS: 1.63583829078595
 THE DV DATA ITEM IS POSITIVE, BUT THE MDV DATA ITEM IS 1

 (DATA WARNING   5) RECORD       194, DATA ITEM   3, CONTENTS: 1.59600918358031
 THE DV DATA ITEM IS POSITIVE, BUT THE MDV DATA ITEM IS 1

 (DATA WARNING   5) RECORD       207, DATA ITEM   3, CONTENTS: 0.544471908565958
 THE DV DATA ITEM IS POSITIVE, BUT THE MDV DATA ITEM IS 1

 (DATA WARNING   5) RECORD       209, DATA ITEM   3, CONTENTS: 0.459251437694241
 THE DV DATA ITEM IS POSITIVE, BUT THE MDV DATA ITEM IS 1

 (DATA WARNING   5) RECORD       217, DATA ITEM   3, CONTENTS: 0.383136442550548
 THE DV DATA ITEM IS POSITIVE, BUT THE MDV DATA ITEM IS 1

 (DATA WARNING   5) RECORD       225, DATA ITEM   3, CONTENTS: 1.20199405742937
 THE DV DATA ITEM IS POSITIVE, BUT THE MDV DATA ITEM IS 1*

 * THE MAXIMUM NUMBER OF WARNINGS OF ONE OR MORE TYPES WAS REACHED.
 IT IS POSSIBLE THAT SOME WARNING MESSAGES WERE SUPPRESSED.
  
License Registered to: Universitat des Saarlandes
Expiration Date:    14 NOV 2025
Current Date:       23 JUN 2025
Days until program expires : 141
1NONLINEAR MIXED EFFECTS MODEL PROGRAM (NONMEM) VERSION 7.4.3
 ORIGINALLY DEVELOPED BY STUART BEAL, LEWIS SHEINER, AND ALISON BOECKMANN
 CURRENT DEVELOPERS ARE ROBERT BAUER, ICON DEVELOPMENT SOLUTIONS,
 AND ALISON BOECKMANN. IMPLEMENTATION, EFFICIENCY, AND STANDARDIZATION
 PERFORMED BY NOUS INFOSYSTEMS.

 PROBLEM NO.:         1
 single pyDarwin individual, one among multitude
0DATA CHECKOUT RUN:              NO
 DATA SET LOCATED ON UNIT NO.:    2
 THIS UNIT TO BE REWOUND:        NO
 NO. OF DATA RECS IN DATA SET:      370
 NO. OF DATA ITEMS IN DATA SET:   8
 ID DATA ITEM IS DATA ITEM NO.:   1
 DEP VARIABLE IS DATA ITEM NO.:   3
 MDV DATA ITEM IS DATA ITEM NO.:  6
0INDICES PASSED TO SUBROUTINE PRED:
   5   2   4   0   0   0   7   0   0   0   0
0LABELS FOR DATA ITEMS:
 ID TIME DV AMT EVID MDV CMT WT
0FORMAT FOR DATA:
 (2E3.0,E20.0,E4.0,3E2.0,E17.0)

 TOT. NO. OF OBS RECS:      324
 TOT. NO. OF INDIVIDUALS:       10
0LENGTH OF THETA:   6
0DEFAULT THETA BOUNDARY TEST OMITTED:    NO
0OMEGA HAS SIMPLE DIAGONAL FORM WITH DIMENSION:   3
0DEFAULT OMEGA BOUNDARY TEST OMITTED:    NO
0SIGMA HAS SIMPLE DIAGONAL FORM WITH DIMENSION:   1
0DEFAULT SIGMA BOUNDARY TEST OMITTED:    NO
0INITIAL ESTIMATE OF THETA:
 LOWER BOUND    INITIAL EST    UPPER BOUND
  0.0000E+00     0.2000E+01     0.1000E+07
  0.0000E+00     0.1000E+01     0.1000E+07
  0.0000E+00     0.2500E+02     0.1000E+07
  0.0000E+00     0.5000E+01     0.1000E+07
 -0.1000E+07     0.5000E+00     0.1000E+07
  0.0000E+00     0.1000E+01     0.1000E+07
0INITIAL ESTIMATE OF OMEGA:
 0.1000E+00
 0.0000E+00   0.1000E+00
 0.0000E+00   0.0000E+00   0.1000E+00
0INITIAL ESTIMATE OF SIGMA:
 0.1500E-01
0COVARIANCE STEP OMITTED:        NO
 EIGENVLS. PRINTED:             YES
 SPECIAL COMPUTATION:            NO
 COMPRESSED FORMAT:              NO
 GRADIENT METHOD USED:     NOSLOW
 SIGDIGITS ETAHAT (SIGLO):                  -1
 SIGDIGITS GRADIENTS (SIGL):                -1
 EXCLUDE COV FOR FOCE (NOFCOV):              NO
 TURN OFF Cholesky Transposition of R Matrix (CHOLROFF): NO
 KNUTHSUMOFF:                                -1
 RESUME COV ANALYSIS (RESUME):               NO
 SIR SAMPLE SIZE (SIRSAMPLE):              -1
 NON-LINEARLY TRANSFORM THETAS DURING COV (THBND): 1
 PRECONDTIONING CYCLES (PRECOND):        0
 PRECONDTIONING TYPES (PRECONDS):        TOS
 FORCED PRECONDTIONING CYCLES (PFCOND):0
 PRECONDTIONING TYPE (PRETYPE):        0
 FORCED POS. DEFINITE SETTING: (FPOSDEF):0
1DOUBLE PRECISION PREDPP VERSION 7.4.3

 TWO COMPARTMENT MODEL WITH FIRST-ORDER ABSORPTION (ADVAN4)
0MAXIMUM NO. OF BASIC PK PARAMETERS:   5
0BASIC PK PARAMETERS (AFTER TRANSLATION):
   BASIC PK PARAMETER NO.  1: ELIMINATION RATE (K)
   BASIC PK PARAMETER NO.  2: CENTRAL-TO-PERIPH. RATE (K23)
   BASIC PK PARAMETER NO.  3: PERIPH.-TO-CENTRAL RATE (K32)
   BASIC PK PARAMETER NO.  5: ABSORPTION RATE (KA)
 TRANSLATOR WILL CONVERT PARAMETERS
 CL, V2, Q, V3 TO K, K23, K32 (TRANS4)
0COMPARTMENT ATTRIBUTES
 COMPT. NO.   FUNCTION   INITIAL    ON/OFF      DOSE      DEFAULT    DEFAULT
                         STATUS     ALLOWED    ALLOWED    FOR DOSE   FOR OBS.
    1         DEPOT        OFF        YES        YES        YES        NO
    2         CENTRAL      ON         NO         YES        NO         YES
    3         PERIPH.      ON         NO         YES        NO         NO
    4         OUTPUT       OFF        YES        NO         NO         NO
1
 ADDITIONAL PK PARAMETERS - ASSIGNMENT OF ROWS IN GG
 COMPT. NO.                             INDICES
              SCALE      BIOAVAIL.   ZERO-ORDER  ZERO-ORDER  ABSORB
                         FRACTION    RATE        DURATION    LAG
    1            *           *           *           *           *
    2            6           *           *           *           *
    3            *           *           *           *           *
    4            *           -           -           -           -
             - PARAMETER IS NOT ALLOWED FOR THIS MODEL
             * PARAMETER IS NOT SUPPLIED BY PK SUBROUTINE;
               WILL DEFAULT TO ONE IF APPLICABLE
0DATA ITEM INDICES USED BY PRED ARE:
   EVENT ID DATA ITEM IS DATA ITEM NO.:      5
   TIME DATA ITEM IS DATA ITEM NO.:          2
   DOSE AMOUNT DATA ITEM IS DATA ITEM NO.:   4
   COMPT. NO. DATA ITEM IS DATA ITEM NO.:    7

0PK SUBROUTINE CALLED WITH EVERY EVENT RECORD.
 PK SUBROUTINE NOT CALLED AT NONEVENT (ADDITIONAL OR LAGGED) DOSE TIMES.
0ERROR SUBROUTINE CALLED WITH EVERY EVENT RECORD.
1


 #TBLN:      1
 #METH: First Order Conditional Estimation with Interaction

 ESTIMATION STEP OMITTED:                 NO
 ANALYSIS TYPE:                           POPULATION
 NUMBER OF SADDLE POINT RESET ITERATIONS:      0
 GRADIENT METHOD USED:               NOSLOW
 CONDITIONAL ESTIMATES USED:              YES
 CENTERED ETA:                            NO
 EPS-ETA INTERACTION:                     YES
 LAPLACIAN OBJ. FUNC.:                    NO
 NO. OF FUNCT. EVALS. ALLOWED:            999999
 NO. OF SIG. FIGURES REQUIRED:            3
 INTERMEDIATE PRINTOUT:                   YES
 ESTIMATE OUTPUT TO MSF:                  NO
 ABORT WITH PRED EXIT CODE 1:             NO
 IND. OBJ. FUNC. VALUES SORTED:           NO
 NUMERICAL DERIVATIVE
       FILE REQUEST (NUMDER):               NONE
 MAP (ETAHAT) ESTIMATION METHOD (OPTMAP):   0
 ETA HESSIAN EVALUATION METHOD (ETADER):    0
 INITIAL ETA FOR MAP ESTIMATION (MCETA):    0
 SIGDIGITS FOR MAP ESTIMATION (SIGLO):      100
 GRADIENT SIGDIGITS OF
       FIXED EFFECTS PARAMETERS (SIGL):     100
 NOPRIOR SETTING (NOPRIOR):                 OFF
 NOCOV SETTING (NOCOV):                     OFF
 DERCONT SETTING (DERCONT):                 OFF
 FINAL ETA RE-EVALUATION (FNLETA):          ON
 EXCLUDE NON-INFLUENTIAL (NON-INFL.) ETAS
       IN SHRINKAGE (ETASTYPE):             NO
 NON-INFL. ETA CORRECTION (NONINFETA):      OFF
 RAW OUTPUT FILE (FILE): NM_0_345.ext
 EXCLUDE TITLE (NOTITLE):                   NO
 EXCLUDE COLUMN LABELS (NOLABEL):           NO
 FORMAT FOR ADDITIONAL FILES (FORMAT):      S1PE12.5
 PARAMETER ORDER FOR OUTPUTS (ORDER):       TSOL
 WISHART PRIOR DF INTERPRETATION (WISHTYPE):0
 KNUTHSUMOFF:                               0
 INCLUDE LNTWOPI:                           NO
 INCLUDE CONSTANT TERM TO PRIOR (PRIORC):   NO
 INCLUDE CONSTANT TERM TO OMEGA (ETA) (OLNTWOPI):NO
 ADDITIONAL CONVERGENCE TEST (CTYPE=4)?:    NO
 EM OR BAYESIAN METHOD USED:                 NONE


 THE FOLLOWING LABELS ARE EQUIVALENT
 PRED=PREDI
 RES=RESI
 WRES=WRESI
 IWRS=IWRESI
 IPRD=IPREDI
 IRS=IRESI

 MONITORING OF SEARCH:


0ITERATION NO.:    0    OBJECTIVE VALUE:   2247.66582755754        NO. OF FUNC. EVALS.:   9
 CUMULATIVE NO. OF FUNC. EVALS.:        9
 NPARAMETR:  2.0000E+00  1.0000E+00  2.5000E+01  5.0000E+00  5.0000E-01  1.0000E+00  1.0000E-01  1.0000E-01  1.0000E-01  1.5000E-02

 PARAMETER:  1.0000E-01  1.0000E-01  1.0000E-01  1.0000E-01  1.0000E-01  1.0000E-01  1.0000E-01  1.0000E-01  1.0000E-01  1.0000E-01

 GRADIENT:  -1.4549E+02  5.9571E+01 -5.1331E-02 -4.7320E+02  6.0489E+01 -9.6910E+00 -1.0292E+02 -1.1150E+03 -4.6459E-01 -6.1490E+03


0ITERATION NO.:  159    OBJECTIVE VALUE:  -778.776460592180        NO. OF FUNC. EVALS.:3312
 CUMULATIVE NO. OF FUNC. EVALS.:     3321
 NPARAMETR:  5.0645E+00  8.5264E-01  1.4945E+03  6.5488E+01  6.5612E-03  2.4827E-02  3.0952E-02  8.5678E-03  1.3736E+01  1.9788E-01

 PARAMETER:  1.0291E+00 -5.9422E-02  4.1907E+00  2.6724E+00  1.3122E-03 -3.5958E+00 -4.8637E-01 -1.1286E+00  2.5613E+00  1.3898E+00

 GRADIENT:  -2.0880E-02 -2.3194E-04  3.1358E-06  3.7474E-02 -2.5061E-04  6.5800E-06 -3.9203E-04 -1.0191E-03 -1.1572E-05 -5.7358E-04


 #TERM:
0MINIMIZATION SUCCESSFUL
 HOWEVER, PROBLEMS OCCURRED WITH THE MINIMIZATION.
 REGARD THE RESULTS OF THE ESTIMATION STEP CAREFULLY, AND ACCEPT THEM ONLY
 AFTER CHECKING THAT THE COVARIANCE STEP PRODUCES REASONABLE OUTPUT.
 NO. OF FUNCTION EVALUATIONS USED:     3321
 NO. OF SIG. DIGITS IN FINAL EST.:  3.0

 ETABAR IS THE ARITHMETIC MEAN OF THE ETA-ESTIMATES,
 AND THE P-VALUE IS GIVEN FOR THE NULL HYPOTHESIS THAT THE TRUE MEAN IS 0.

 ETABAR:         5.4575E-04 -2.8638E-03 -2.4815E-03
 SE:             5.2987E-02  1.7662E-02  1.0783E-02
 N:                      10          10          10

 P VAL.:         9.9178E-01  8.7119E-01  8.1798E-01

 ETASHRINKSD(%)  1.0000E-10  3.6397E+01  9.9030E+01
 ETASHRINKVR(%)  1.0000E-10  5.9547E+01  9.9991E+01
 EBVSHRINKSD(%)  4.5235E+00  4.0075E+01  9.9090E+01
 EBVSHRINKVR(%)  8.8424E+00  6.4090E+01  9.9992E+01
 EPSSHRINKSD(%)  1.2599E+00
 EPSSHRINKVR(%)  2.5040E+00

  
 TOTAL DATA POINTS NORMALLY DISTRIBUTED (N):          324
 N*LOG(2PI) CONSTANT TO OBJECTIVE FUNCTION:    595.47216951662790     
 OBJECTIVE FUNCTION VALUE WITHOUT CONSTANT:   -778.77646059218000     
 OBJECTIVE FUNCTION VALUE WITH CONSTANT:      -183.30429107555210     
 REPORTED OBJECTIVE FUNCTION DOES NOT CONTAIN CONSTANT
  
 TOTAL EFFECTIVE ETAS (NIND*NETA):                            30
  
 #TERE:
 Elapsed estimation  time in seconds:    14.09
 Elapsed covariance  time in seconds:     1.25
 Elapsed postprocess time in seconds:     0.00
1
 
 
 
 
 
 
 
 
 
 
 
 
 
 
 
 
 
 
 
 
 ************************************************************************************************************************
 ********************                                                                                ********************
 ********************               FIRST ORDER CONDITIONAL ESTIMATION WITH INTERACTION              ********************
 #OBJT:**************                       MINIMUM VALUE OF OBJECTIVE FUNCTION                      ********************
 ********************                                                                                ********************
 ************************************************************************************************************************
 





 #OBJV:********************************************     -778.776       **************************************************
1
 ************************************************************************************************************************
 ********************                                                                                ********************
 ********************               FIRST ORDER CONDITIONAL ESTIMATION WITH INTERACTION              ********************
 ********************                             FINAL PARAMETER ESTIMATE                           ********************
 ********************                                                                                ********************
 ************************************************************************************************************************
 


 THETA - VECTOR OF FIXED EFFECTS PARAMETERS   *********


         TH 1      TH 2      TH 3      TH 4      TH 5      TH 6     
 
         5.06E+00  8.53E-01  1.49E+03  6.55E+01  6.56E-03  2.48E-02
 


 OMEGA - COV MATRIX FOR RANDOM EFFECTS - ETAS  ********


         ETA1      ETA2      ETA3     
 
 ETA1
+        3.10E-02
 
 ETA2
+        0.00E+00  8.57E-03
 
 ETA3
+        0.00E+00  0.00E+00  1.37E+01
 


 SIGMA - COV MATRIX FOR RANDOM EFFECTS - EPSILONS  ****


         EPS1     
 
 EPS1
+        1.98E-01
 
1


 OMEGA - CORR MATRIX FOR RANDOM EFFECTS - ETAS  *******


         ETA1      ETA2      ETA3     
 
 ETA1
+        1.76E-01
 
 ETA2
+        0.00E+00  9.26E-02
 
 ETA3
+        0.00E+00  0.00E+00  3.71E+00
 


 SIGMA - CORR MATRIX FOR RANDOM EFFECTS - EPSILONS  ***


         EPS1     
 
 EPS1
+        4.45E-01
 
1
 ************************************************************************************************************************
 ********************                                                                                ********************
 ********************               FIRST ORDER CONDITIONAL ESTIMATION WITH INTERACTION              ********************
 ********************                            STANDARD ERROR OF ESTIMATE                          ********************
 ********************                                                                                ********************
 ************************************************************************************************************************
 


 THETA - VECTOR OF FIXED EFFECTS PARAMETERS   *********


         TH 1      TH 2      TH 3      TH 4      TH 5      TH 6     
 
         5.02E-01  3.05E-01  4.24E+05  5.20E+00  5.53E-01  4.90E+00
 


 OMEGA - COV MATRIX FOR RANDOM EFFECTS - ETAS  ********


         ETA1      ETA2      ETA3     
 
 ETA1
+        6.62E-02
 
 ETA2
+       .........  7.92E-02
 
 ETA3
+       ......... .........  2.04E+01
 


 SIGMA - COV MATRIX FOR RANDOM EFFECTS - EPSILONS  ****


         EPS1     
 
 EPS1
+        3.45E-02
 
1


 OMEGA - CORR MATRIX FOR RANDOM EFFECTS - ETAS  *******


         ETA1      ETA2      ETA3     
 
 ETA1
+        1.88E-01
 
 ETA2
+       .........  4.28E-01
 
 ETA3
+       ......... .........  2.75E+00
 


 SIGMA - CORR MATRIX FOR RANDOM EFFECTS - EPSILONS  ***


         EPS1     
 
 EPS1
+        3.88E-02
 
1
 ************************************************************************************************************************
 ********************                                                                                ********************
 ********************               FIRST ORDER CONDITIONAL ESTIMATION WITH INTERACTION              ********************
 ********************                          COVARIANCE MATRIX OF ESTIMATE                         ********************
 ********************                                                                                ********************
 ************************************************************************************************************************
 

            TH 1      TH 2      TH 3      TH 4      TH 5      TH 6      OM11      OM12      OM13      OM22      OM23      OM33  
             SG11  
 
 TH 1
+        2.52E-01
 
 TH 2
+        1.14E-01  9.28E-02
 
 TH 3
+        9.79E+04  1.18E+05  1.80E+11
 
 TH 4
+        2.36E+00  7.43E-01  2.54E+05  2.71E+01
 
 TH 5
+        1.83E-01  1.57E-01  2.13E+05  1.20E+00  3.06E-01
 
 TH 6
+        1.16E+00  1.37E+00  2.08E+06  3.35E+00  2.48E+00  2.40E+01
 
 OM11
+        1.42E-02  1.82E-02  2.78E+04  3.31E-02  3.31E-02  3.22E-01  4.38E-03
 
 OM12
+       ......... ......... ......... ......... ......... ......... ......... .........
 
 OM13
+       ......... ......... ......... ......... ......... ......... ......... ......... .........
 
 OM22
+        1.80E-02  2.20E-02  3.36E+04  4.39E-02  3.96E-02  3.88E-01  5.20E-03 ......... .........  6.27E-03
 
 OM23
+       ......... ......... ......... ......... ......... ......... ......... ......... ......... ......... .........
 
 OM33
+       -4.69E+00 -5.67E+00 -8.63E+06 -1.20E+01 -1.02E+01 -9.97E+01 -1.34E+00 ......... ......... -1.61E+00 .........  4.15E+02
 
 SG11
+        9.90E-03  3.39E-04 -5.26E+03  1.29E-01 -3.08E-03 -5.87E-02 -8.80E-04 ......... ......... -1.00E-03 .........  2.54E-01
          1.19E-03
 
1
 ************************************************************************************************************************
 ********************                                                                                ********************
 ********************               FIRST ORDER CONDITIONAL ESTIMATION WITH INTERACTION              ********************
 ********************                          CORRELATION MATRIX OF ESTIMATE                        ********************
 ********************                                                                                ********************
 ************************************************************************************************************************
 

            TH 1      TH 2      TH 3      TH 4      TH 5      TH 6      OM11      OM12      OM13      OM22      OM23      OM33  
             SG11  
 
 TH 1
+        5.02E-01
 
 TH 2
+        7.49E-01  3.05E-01
 
 TH 3
+        4.60E-01  9.14E-01  4.24E+05
 
 TH 4
+        9.02E-01  4.68E-01  1.15E-01  5.20E+00
 
 TH 5
+        6.60E-01  9.30E-01  9.07E-01  4.18E-01  5.53E-01
 
 TH 6
+        4.72E-01  9.21E-01  1.00E+00  1.31E-01  9.14E-01  4.90E+00
 
 OM11
+        4.29E-01  9.02E-01  9.92E-01  9.61E-02  9.05E-01  9.94E-01  6.62E-02
 
 OM12
+       ......... ......... ......... ......... ......... ......... ......... .........
 
 OM13
+       ......... ......... ......... ......... ......... ......... ......... ......... .........
 
 OM22
+        4.53E-01  9.11E-01  1.00E+00  1.07E-01  9.04E-01  1.00E+00  9.93E-01 ......... .........  7.92E-02
 
 OM23
+       ......... ......... ......... ......... ......... ......... ......... ......... ......... ......... .........
 
 OM33
+       -4.59E-01 -9.13E-01 -1.00E+00 -1.14E-01 -9.06E-01 -1.00E+00 -9.92E-01 ......... ......... -1.00E+00 .........  2.04E+01
 
 SG11
+        5.72E-01  3.23E-02 -3.60E-01  7.18E-01 -1.62E-01 -3.47E-01 -3.85E-01 ......... ......... -3.67E-01 .........  3.61E-01
          3.45E-02
 
1
 ************************************************************************************************************************
 ********************                                                                                ********************
 ********************               FIRST ORDER CONDITIONAL ESTIMATION WITH INTERACTION              ********************
 ********************                      INVERSE COVARIANCE MATRIX OF ESTIMATE                     ********************
 ********************                                                                                ********************
 ************************************************************************************************************************
 

            TH 1      TH 2      TH 3      TH 4      TH 5      TH 6      OM11      OM12      OM13      OM22      OM23      OM33  
             SG11  
 
 TH 1
+        3.47E+05
 
 TH 2
+        6.31E+06  2.49E+08
 
 TH 3
+       -2.57E+03 -6.60E+04  2.19E+01
 
 TH 4
+        1.35E+04  4.05E+05 -1.23E+02  7.18E+02
 
 TH 5
+        5.30E+06  1.81E+08 -5.20E+04  3.13E+05  1.48E+08
 
 TH 6
+        2.63E+07  6.32E+08 -2.19E+05  1.23E+06  5.47E+08  2.34E+09
 
 OM11
+       -5.61E+08 -1.57E+10  5.01E+06 -2.90E+07 -1.35E+10 -5.40E+10  1.29E+12
 
 OM12
+       ......... ......... ......... ......... ......... ......... ......... .........
 
 OM13
+       ......... ......... ......... ......... ......... ......... ......... ......... .........
 
 OM22
+        5.14E+09  1.57E+11 -4.78E+07  2.81E+08  1.32E+11  5.09E+11 -1.23E+13 ......... .........  1.19E+14
 
 OM23
+       ......... ......... ......... ......... ......... ......... ......... ......... ......... ......... .........
 
 OM33
+       -2.88E+07 -6.53E+08  2.30E+05 -1.25E+06 -4.76E+08 -2.17E+09  4.69E+10 ......... ......... -4.44E+11 .........  2.68E+09
 
 SG11
+       -8.91E+06 -2.48E+08  7.92E+04 -4.57E+05 -2.12E+08 -8.50E+08  2.02E+10 ......... ......... -1.93E+11 .........  7.49E+08
          3.18E+08
 
1
 
 
 
 
 
 
 
 
 
 
 
 
 
 
 
 
 
 
 
 
 ************************************************************************************************************************
 ********************                                                                                ********************
 ********************               FIRST ORDER CONDITIONAL ESTIMATION WITH INTERACTION              ********************
 ********************                      EIGENVALUES OF COR MATRIX OF ESTIMATE                     ********************
 ********************                                                                                ********************
 ************************************************************************************************************************
 

             1         2         3         4         5         6         7         8         9        10
 
         1.77E-13  5.14E-12  4.37E-10  2.75E-03  8.18E-03  2.35E-02  4.67E-02  2.14E-01  2.54E+00  7.16E+00
 
 Elapsed finaloutput time in seconds:     0.01
 #CPUT: Total CPU Time in Seconds,       15.359
Stop Time: 
23.06.2025 
15:22
OFV = -778.77646059218
success = True
covariance = True
correlation = False
Condition # = 40530099227855.92
Num Non fixed THETAs = 6
Num Non fixed OMEGAs = 3
Num Non fixed SIGMAs = 1
Original run directory = D:\Users\selzer\Repos\GH\pyDarwinXploR\Datasets\Generated\1CP\sim_data\n10\dt1h\10pct\run\temp\0\345
