28.07.2025 
18:11
$SIZES PD=-1000 LVR=-150 LTH=-200
$PROBLEM single pyDarwin individual, one among multitude
$INPUT ID TIME AMT RATE DV DROP MDV AGE SEX LBM DROP CMT EVID
$DATA "D:\Users\selzer\Repos\GH\pyDarwinXploR\RemiR/data.csv" IGNORE=@
$SUBROUTINE ADVAN3 TRANS4
$PK


  TVCLSEX = 0
  IF(SEX == 1) THEN
  TVCLSEX = THETA(1)
  ENDIF
  CL = THETA(2)   *(1 + TVCLSEX) ; CL

  Q = THETA(3)  *(LBM/50)**(THETA(4))  ; Q

  V1 = THETA(5) *(1 + THETA(6) * (AGE))   * EXP(ETA(1))
  SC = V1 ; V1


  TVV2SEX = 0
  IF(SEX == 1) THEN
  TVV2SEX = THETA(7)
  ENDIF
  V2 = THETA(8) *(1 + THETA(9) * (AGE))  *(1 + TVV2SEX) ; V2
  ; Q2 is not used ; Q2
  ; Q3 is not used ; Q3
  ; V3 is not used ; V3
$ERROR
  IPRED = F
  Y = F *(1+EPS(1))
$SIGMA
  ;proportional error
  0.1	; EPS(1)
$THETA


  (1.1);CL~SEX1
  (0, 2) ; CL 



  (0, 1) ; Q 

  (1); Q~LBM

  (0, 7) ; V1 
  (1); V1~AGE



  (1);V2~SEX1
  (0, 9) ; V2 
  (1); V2~AGE

  ; Q2 is not used
  ; Q3 is not used
  ; V3 is not used
$OMEGA


  0.3  ; V1

  ; Q2 is not used
  ; Q3 is not used
  ; V3 is not used
$EST METHOD = COND INTER NOABORT MAX = 999999
$TABLE ID TIME AMT DV PRED IPRED WRES CWRES FILE=results.tab NOPRINT NOAPPEND ONEHEADER
$COV UNCOND PRINT=E


;; Phenotype: ([('ADVAN', 0), ('CL~AGE', 0), ('CL~LBM', 0), ('CL~SEX', 1), ('CL_OMEGA', 0), ('Q~AGE', 0), ('Q~LBM', 1), ('Q~SEX', 0), ('Q_OMEGA', 0), ('V1~AGE', 1), ('V1~LBM', 0), ('V1~SEX', 0), ('V1_OMEGA', 1), ('V2~AGE', 1), ('V2~LBM', 0), ('V2~SEX', 1), ('V2_OMEGA', 0), ('RESERR', 0)])
;; Genotype: [0, 0, 0, 1, 0, 0, 1, 0, 0, 1, 0, 0, 1, 1, 0, 1, 0, 0, 1, 1, 0, 0, 1, 0, 1, 1, 1, 0]
;; Num non-influential tokens: 10
  
NM-TRAN MESSAGES 
  
 WARNINGS AND ERRORS (IF ANY) FOR PROBLEM    1
             
 (WARNING  2) NM-TRAN INFERS THAT THE DATA ARE POPULATION.
  
License Registered to: Universitat des Saarlandes
Expiration Date:    14 NOV 2025
Current Date:       28 JUL 2025
Days until program expires : 106
1NONLINEAR MIXED EFFECTS MODEL PROGRAM (NONMEM) VERSION 7.4.3
 ORIGINALLY DEVELOPED BY STUART BEAL, LEWIS SHEINER, AND ALISON BOECKMANN
 CURRENT DEVELOPERS ARE ROBERT BAUER, ICON DEVELOPMENT SOLUTIONS,
 AND ALISON BOECKMANN. IMPLEMENTATION, EFFICIENCY, AND STANDARDIZATION
 PERFORMED BY NOUS INFOSYSTEMS.

 PROBLEM NO.:         1
 single pyDarwin individual, one among multitude
0DATA CHECKOUT RUN:              NO
 DATA SET LOCATED ON UNIT NO.:    2
 THIS UNIT TO BE REWOUND:        NO
 NO. OF DATA RECS IN DATA SET:     2057
 NO. OF DATA ITEMS IN DATA SET:  11
 ID DATA ITEM IS DATA ITEM NO.:   1
 DEP VARIABLE IS DATA ITEM NO.:   5
 MDV DATA ITEM IS DATA ITEM NO.:  6
0INDICES PASSED TO SUBROUTINE PRED:
  11   2   3   4   0   0  10   0   0   0   0
0LABELS FOR DATA ITEMS:
 ID TIME AMT RATE DV MDV AGE SEX LBM CMT EVID
0(NONBLANK) LABELS FOR PRED-DEFINED ITEMS:
 IPRED
0FORMAT FOR DATA:
 (E3.0,E7.0,E8.0,2E7.0,E2.0,E6.0,E2.0,E8.0,2E2.0)

 TOT. NO. OF OBS RECS:     1992
 TOT. NO. OF INDIVIDUALS:       65
0LENGTH OF THETA:   9
0DEFAULT THETA BOUNDARY TEST OMITTED:    NO
0OMEGA HAS SIMPLE DIAGONAL FORM WITH DIMENSION:   1
0DEFAULT OMEGA BOUNDARY TEST OMITTED:    NO
0SIGMA HAS SIMPLE DIAGONAL FORM WITH DIMENSION:   1
0DEFAULT SIGMA BOUNDARY TEST OMITTED:    NO
0INITIAL ESTIMATE OF THETA:
 LOWER BOUND    INITIAL EST    UPPER BOUND
 -0.1000E+07     0.1100E+01     0.1000E+07
  0.0000E+00     0.2000E+01     0.1000E+07
  0.0000E+00     0.1000E+01     0.1000E+07
 -0.1000E+07     0.1000E+01     0.1000E+07
  0.0000E+00     0.7000E+01     0.1000E+07
 -0.1000E+07     0.1000E+01     0.1000E+07
 -0.1000E+07     0.1000E+01     0.1000E+07
  0.0000E+00     0.9000E+01     0.1000E+07
 -0.1000E+07     0.1000E+01     0.1000E+07
0INITIAL ESTIMATE OF OMEGA:
 0.3000E+00
0INITIAL ESTIMATE OF SIGMA:
 0.1000E+00
0COVARIANCE STEP OMITTED:        NO
 EIGENVLS. PRINTED:             YES
 SPECIAL COMPUTATION:            NO
 COMPRESSED FORMAT:              NO
 GRADIENT METHOD USED:     NOSLOW
 SIGDIGITS ETAHAT (SIGLO):                  -1
 SIGDIGITS GRADIENTS (SIGL):                -1
 EXCLUDE COV FOR FOCE (NOFCOV):              NO
 TURN OFF Cholesky Transposition of R Matrix (CHOLROFF): NO
 KNUTHSUMOFF:                                -1
 RESUME COV ANALYSIS (RESUME):               NO
 SIR SAMPLE SIZE (SIRSAMPLE):              -1
 NON-LINEARLY TRANSFORM THETAS DURING COV (THBND): 1
 PRECONDTIONING CYCLES (PRECOND):        0
 PRECONDTIONING TYPES (PRECONDS):        TOS
 FORCED PRECONDTIONING CYCLES (PFCOND):0
 PRECONDTIONING TYPE (PRETYPE):        0
 FORCED POS. DEFINITE SETTING: (FPOSDEF):0
0TABLES STEP OMITTED:    NO
 NO. OF TABLES:           1
 SEED NUMBER (SEED):    11456
 RANMETHOD:             3U
 MC SAMPLES (ESAMPLE):    300
 WRES SQUARE ROOT TYPE (WRESCHOL): EIGENVALUE
0-- TABLE   1 --
0RECORDS ONLY:    ALL
04 COLUMNS APPENDED:    NO
 PRINTED:                NO
 HEADERS:               ONE
 FILE TO BE FORWARDED:   NO
 FORMAT:                S1PE11.4
 LFORMAT:
 RFORMAT:
 FIXED_EFFECT_ETAS:
0USER-CHOSEN ITEMS:
 ID TIME AMT DV PRED IPRED WRES CWRES
1DOUBLE PRECISION PREDPP VERSION 7.4.3

 TWO COMPARTMENT MODEL (ADVAN3)
0MAXIMUM NO. OF BASIC PK PARAMETERS:   4
0BASIC PK PARAMETERS (AFTER TRANSLATION):
   BASIC PK PARAMETER NO.  1: ELIMINATION RATE (K)
   BASIC PK PARAMETER NO.  2: CENTRAL-TO-PERIPH. RATE (K12)
   BASIC PK PARAMETER NO.  3: PERIPH.-TO-CENTRAL RATE (K21)
 TRANSLATOR WILL CONVERT PARAMETERS
 CL, V1, Q, V2 TO K, K12, K21 (TRANS4)
0COMPARTMENT ATTRIBUTES
 COMPT. NO.   FUNCTION   INITIAL    ON/OFF      DOSE      DEFAULT    DEFAULT
                         STATUS     ALLOWED    ALLOWED    FOR DOSE   FOR OBS.
    1         CENTRAL      ON         NO         YES        YES        YES
    2         PERIPH.      ON         NO         YES        NO         NO
    3         OUTPUT       OFF        YES        NO         NO         NO
1
 ADDITIONAL PK PARAMETERS - ASSIGNMENT OF ROWS IN GG
 COMPT. NO.                             INDICES
              SCALE      BIOAVAIL.   ZERO-ORDER  ZERO-ORDER  ABSORB
                         FRACTION    RATE        DURATION    LAG
    1            5           *           *           *           *
    2            *           *           *           *           *
    3            *           -           -           -           -
             - PARAMETER IS NOT ALLOWED FOR THIS MODEL
             * PARAMETER IS NOT SUPPLIED BY PK SUBROUTINE;
               WILL DEFAULT TO ONE IF APPLICABLE
0DATA ITEM INDICES USED BY PRED ARE:
   EVENT ID DATA ITEM IS DATA ITEM NO.:     11
   TIME DATA ITEM IS DATA ITEM NO.:          2
   DOSE AMOUNT DATA ITEM IS DATA ITEM NO.:   3
   DOSE RATE DATA ITEM IS DATA ITEM NO.:     4
   COMPT. NO. DATA ITEM IS DATA ITEM NO.:   10

0PK SUBROUTINE CALLED WITH EVERY EVENT RECORD.
 PK SUBROUTINE NOT CALLED AT NONEVENT (ADDITIONAL OR LAGGED) DOSE TIMES.
0ERROR SUBROUTINE CALLED WITH EVERY EVENT RECORD.
1


 #TBLN:      1
 #METH: First Order Conditional Estimation with Interaction

 ESTIMATION STEP OMITTED:                 NO
 ANALYSIS TYPE:                           POPULATION
 NUMBER OF SADDLE POINT RESET ITERATIONS:      0
 GRADIENT METHOD USED:               NOSLOW
 CONDITIONAL ESTIMATES USED:              YES
 CENTERED ETA:                            NO
 EPS-ETA INTERACTION:                     YES
 LAPLACIAN OBJ. FUNC.:                    NO
 NO. OF FUNCT. EVALS. ALLOWED:            999999
 NO. OF SIG. FIGURES REQUIRED:            3
 INTERMEDIATE PRINTOUT:                   YES
 ESTIMATE OUTPUT TO MSF:                  NO
 ABORT WITH PRED EXIT CODE 1:             NO
 IND. OBJ. FUNC. VALUES SORTED:           NO
 NUMERICAL DERIVATIVE
       FILE REQUEST (NUMDER):               NONE
 MAP (ETAHAT) ESTIMATION METHOD (OPTMAP):   0
 ETA HESSIAN EVALUATION METHOD (ETADER):    0
 INITIAL ETA FOR MAP ESTIMATION (MCETA):    0
 SIGDIGITS FOR MAP ESTIMATION (SIGLO):      100
 GRADIENT SIGDIGITS OF
       FIXED EFFECTS PARAMETERS (SIGL):     100
 NOPRIOR SETTING (NOPRIOR):                 OFF
 NOCOV SETTING (NOCOV):                     OFF
 DERCONT SETTING (DERCONT):                 OFF
 FINAL ETA RE-EVALUATION (FNLETA):          ON
 EXCLUDE NON-INFLUENTIAL (NON-INFL.) ETAS
       IN SHRINKAGE (ETASTYPE):             NO
 NON-INFL. ETA CORRECTION (NONINFETA):      OFF
 RAW OUTPUT FILE (FILE): NM_06_046.ext
 EXCLUDE TITLE (NOTITLE):                   NO
 EXCLUDE COLUMN LABELS (NOLABEL):           NO
 FORMAT FOR ADDITIONAL FILES (FORMAT):      S1PE12.5
 PARAMETER ORDER FOR OUTPUTS (ORDER):       TSOL
 WISHART PRIOR DF INTERPRETATION (WISHTYPE):0
 KNUTHSUMOFF:                               0
 INCLUDE LNTWOPI:                           NO
 INCLUDE CONSTANT TERM TO PRIOR (PRIORC):   NO
 INCLUDE CONSTANT TERM TO OMEGA (ETA) (OLNTWOPI):NO
 ADDITIONAL CONVERGENCE TEST (CTYPE=4)?:    NO
 EM OR BAYESIAN METHOD USED:                 NONE


 THE FOLLOWING LABELS ARE EQUIVALENT
 PRED=PREDI
 RES=RESI
 WRES=WRESI
 IWRS=IWRESI
 IPRD=IPREDI
 IRS=IRESI

 MONITORING OF SEARCH:


0ITERATION NO.:    0    OBJECTIVE VALUE:   31680.2386021833        NO. OF FUNC. EVALS.:  12
 CUMULATIVE NO. OF FUNC. EVALS.:       12
 NPARAMETR:  1.1000E+00  2.0000E+00  1.0000E+00  1.0000E+00  7.0000E+00  1.0000E+00  1.0000E+00  9.0000E+00  1.0000E+00  3.0000E-01
             1.0000E-01
 PARAMETER:  1.0000E-01  1.0000E-01  1.0000E-01  1.0000E-01  1.0000E-01  1.0000E-01  1.0000E-01  1.0000E-01  1.0000E-01  1.0000E-01
             1.0000E-01
 GRADIENT:   3.0955E+05  6.3985E+04  5.0100E+03  7.4351E+03  1.0429E+03  1.1860E+04  3.1969E+04  6.9066E+03  6.7226E+04 -2.4551E+03
            -5.0505E+04

0ITERATION NO.:  191    OBJECTIVE VALUE:   8531.04274519658        NO. OF FUNC. EVALS.:6053
 CUMULATIVE NO. OF FUNC. EVALS.:     6065
 NPARAMETR: -3.5800E-01  6.8018E-01  1.9165E+00  9.9585E-01  1.6734E+01 -1.3846E-03 -1.8778E-02  4.4397E+03 -7.8184E-03  3.3426E-02
             2.2832E-01
 PARAMETER: -3.2604E-02 -9.7906E-01  7.5034E-01  9.9521E-02  9.7148E-01 -1.3769E-04 -1.9778E-03  6.3005E+00 -7.8198E-04 -9.9705E-01
             5.1290E-01
 GRADIENT:  -9.4066E+00 -8.6960E-01 -3.8359E+00 -3.9222E+00 -1.9654E-01  1.7048E+03 -5.2513E+00 -1.0577E+00 -3.2223E+02  7.4091E-02
             1.6551E+00
 NUMSIGDIG:         2.9         2.9         3.4         2.9         4.2         4.8         2.7         3.7         5.5         3.5
                    3.4

 #TERM:
0MINIMIZATION TERMINATED
 DUE TO ROUNDING ERRORS (ERROR=134)
 NO. OF FUNCTION EVALUATIONS USED:     6065
 NO. OF SIG. DIGITS IN FINAL EST.:  2.7
 ADDITIONAL PROBLEMS OCCURRED WITH THE MINIMIZATION.
 REGARD THE RESULTS OF THE ESTIMATION STEP CAREFULLY, AND ACCEPT THEM ONLY
 AFTER CHECKING THAT THE COVARIANCE STEP PRODUCES REASONABLE OUTPUT.

 ETABAR IS THE ARITHMETIC MEAN OF THE ETA-ESTIMATES,
 AND THE P-VALUE IS GIVEN FOR THE NULL HYPOTHESIS THAT THE TRUE MEAN IS 0.

 ETABAR:         6.1197E-05
 SE:             2.1215E-02
 N:                      65

 P VAL.:         9.9770E-01

 ETASHRINKSD(%)  5.7367E+00
 ETASHRINKVR(%)  1.1144E+01
 EBVSHRINKSD(%)  6.4558E+00
 EBVSHRINKVR(%)  1.2495E+01
 EPSSHRINKSD(%)  1.0017E+00
 EPSSHRINKVR(%)  1.9933E+00

  
 TOTAL DATA POINTS NORMALLY DISTRIBUTED (N):         1992
 N*LOG(2PI) CONSTANT TO OBJECTIVE FUNCTION:    3661.0511162874159     
 OBJECTIVE FUNCTION VALUE WITHOUT CONSTANT:    8531.0427451965807     
 OBJECTIVE FUNCTION VALUE WITH CONSTANT:       12192.093861483996     
 REPORTED OBJECTIVE FUNCTION DOES NOT CONTAIN CONSTANT
  
 TOTAL EFFECTIVE ETAS (NIND*NETA):                            65
  
 #TERE:
 Elapsed estimation  time in seconds:   164.98
 Elapsed covariance  time in seconds:    11.20
 Elapsed postprocess time in seconds:     0.08
1
 
 
 
 
 
 
 
 
 
 
 
 
 
 
 
 
 
 
 
 
 ************************************************************************************************************************
 ********************                                                                                ********************
 ********************               FIRST ORDER CONDITIONAL ESTIMATION WITH INTERACTION              ********************
 #OBJT:**************                       MINIMUM VALUE OF OBJECTIVE FUNCTION                      ********************
 ********************                                                                                ********************
 ************************************************************************************************************************
 





 #OBJV:********************************************     8531.043       **************************************************
1
 ************************************************************************************************************************
 ********************                                                                                ********************
 ********************               FIRST ORDER CONDITIONAL ESTIMATION WITH INTERACTION              ********************
 ********************                             FINAL PARAMETER ESTIMATE                           ********************
 ********************                                                                                ********************
 ************************************************************************************************************************
 


 THETA - VECTOR OF FIXED EFFECTS PARAMETERS   *********


         TH 1      TH 2      TH 3      TH 4      TH 5      TH 6      TH 7      TH 8      TH 9     
 
        -3.59E-01  6.80E-01  1.92E+00  9.95E-01  1.67E+01 -1.38E-03 -1.98E-02  4.44E+03 -7.82E-03
 


 OMEGA - COV MATRIX FOR RANDOM EFFECTS - ETAS  ********


         ETA1     
 
 ETA1
+        3.34E-02
 


 SIGMA - COV MATRIX FOR RANDOM EFFECTS - EPSILONS  ****


         EPS1     
 
 EPS1
+        2.28E-01
 
1


 OMEGA - CORR MATRIX FOR RANDOM EFFECTS - ETAS  *******


         ETA1     
 
 ETA1
+        1.83E-01
 


 SIGMA - CORR MATRIX FOR RANDOM EFFECTS - EPSILONS  ***


         EPS1     
 
 EPS1
+        4.78E-01
 
1
 ************************************************************************************************************************
 ********************                                                                                ********************
 ********************               FIRST ORDER CONDITIONAL ESTIMATION WITH INTERACTION              ********************
 ********************                            STANDARD ERROR OF ESTIMATE                          ********************
 ********************                                                                                ********************
 ************************************************************************************************************************
 


 THETA - VECTOR OF FIXED EFFECTS PARAMETERS   *********


         TH 1      TH 2      TH 3      TH 4      TH 5      TH 6      TH 7      TH 8      TH 9     
 
         1.34E+00  2.31E+00  2.33E+00  1.13E+00  1.26E+00  1.14E-03  6.73E-01  1.24E+04  9.80E-04
 


 OMEGA - COV MATRIX FOR RANDOM EFFECTS - ETAS  ********


         ETA1     
 
 ETA1
+        9.23E-03
 


 SIGMA - COV MATRIX FOR RANDOM EFFECTS - EPSILONS  ****


         EPS1     
 
 EPS1
+        8.96E-03
 
1


 OMEGA - CORR MATRIX FOR RANDOM EFFECTS - ETAS  *******


         ETA1     
 
 ETA1
+        2.52E-02
 


 SIGMA - CORR MATRIX FOR RANDOM EFFECTS - EPSILONS  ***


         EPS1     
 
 EPS1
+        9.38E-03
 
1
 ************************************************************************************************************************
 ********************                                                                                ********************
 ********************               FIRST ORDER CONDITIONAL ESTIMATION WITH INTERACTION              ********************
 ********************                          COVARIANCE MATRIX OF ESTIMATE                         ********************
 ********************                                                                                ********************
 ************************************************************************************************************************
 

            TH 1      TH 2      TH 3      TH 4      TH 5      TH 6      TH 7      TH 8      TH 9      OM11      SG11  
 
 TH 1
+        1.80E+00
 
 TH 2
+        3.01E+00  5.32E+00
 
 TH 3
+       -3.07E+00 -5.36E+00  5.42E+00
 
 TH 4
+        1.45E+00  2.56E+00 -2.59E+00  1.27E+00
 
 TH 5
+       -3.17E-01 -5.19E-01  5.11E-01 -1.91E-01  1.58E+00
 
 TH 6
+       -1.13E-04 -1.24E-04  1.72E-04 -1.48E-04 -1.26E-03  1.30E-06
 
 TH 7
+        6.30E-01  1.28E+00 -1.27E+00  6.19E-01 -5.86E-02 -1.21E-05  4.53E-01
 
 TH 8
+       -1.62E+04 -2.85E+04  2.88E+04 -1.38E+04  3.09E+03  4.26E-01 -6.91E+03  1.53E+08
 
 TH 9
+       -1.37E-04 -3.32E-04  3.07E-04 -1.32E-04 -4.39E-04  4.28E-07 -1.79E-04  1.48E+00  9.60E-07
 
 OM11
+       -7.12E-03 -1.24E-02  1.23E-02 -5.53E-03  3.52E-03 -2.27E-06 -2.11E-03  6.60E+01 -5.36E-07  8.52E-05
 
 SG11
+       -2.44E-03 -4.29E-03  4.14E-03 -2.05E-03  1.88E-04 -7.21E-07 -7.50E-04  2.33E+01 -1.01E-06  1.52E-05  8.03E-05
 
1
 ************************************************************************************************************************
 ********************                                                                                ********************
 ********************               FIRST ORDER CONDITIONAL ESTIMATION WITH INTERACTION              ********************
 ********************                          CORRELATION MATRIX OF ESTIMATE                        ********************
 ********************                                                                                ********************
 ************************************************************************************************************************
 

            TH 1      TH 2      TH 3      TH 4      TH 5      TH 6      TH 7      TH 8      TH 9      OM11      SG11  
 
 TH 1
+        1.34E+00
 
 TH 2
+        9.75E-01  2.31E+00
 
 TH 3
+       -9.82E-01 -9.98E-01  2.33E+00
 
 TH 4
+        9.58E-01  9.86E-01 -9.88E-01  1.13E+00
 
 TH 5
+       -1.88E-01 -1.79E-01  1.74E-01 -1.35E-01  1.26E+00
 
 TH 6
+       -7.37E-02 -4.71E-02  6.50E-02 -1.16E-01 -8.76E-01  1.14E-03
 
 TH 7
+        6.98E-01  8.25E-01 -8.09E-01  8.15E-01 -6.92E-02 -1.58E-02  6.73E-01
 
 TH 8
+       -9.74E-01 -9.99E-01  9.97E-01 -9.86E-01  1.98E-01  3.02E-02 -8.28E-01  1.24E+04
 
 TH 9
+       -1.04E-01 -1.47E-01  1.35E-01 -1.20E-01 -3.56E-01  3.84E-01 -2.72E-01  1.22E-01  9.80E-04
 
 OM11
+       -5.76E-01 -5.84E-01  5.72E-01 -5.32E-01  3.03E-01 -2.16E-01 -3.40E-01  5.77E-01 -5.93E-02  9.23E-03
 
 SG11
+       -2.03E-01 -2.08E-01  1.98E-01 -2.02E-01  1.67E-02 -7.06E-02 -1.24E-01  2.10E-01 -1.15E-01  1.84E-01  8.96E-03
 
1
 ************************************************************************************************************************
 ********************                                                                                ********************
 ********************               FIRST ORDER CONDITIONAL ESTIMATION WITH INTERACTION              ********************
 ********************                      INVERSE COVARIANCE MATRIX OF ESTIMATE                     ********************
 ********************                                                                                ********************
 ************************************************************************************************************************
 

            TH 1      TH 2      TH 3      TH 4      TH 5      TH 6      TH 7      TH 8      TH 9      OM11      SG11  
 
 TH 1
+        3.66E+02
 
 TH 2
+        3.99E+02  9.62E+02
 
 TH 3
+        4.65E+02  7.31E+02  7.51E+02
 
 TH 4
+        1.92E+02  1.84E+02  2.49E+02  1.53E+02
 
 TH 5
+       -2.73E+01 -6.34E+01 -4.77E+01 -8.12E+00  9.51E+00
 
 TH 6
+       -2.14E+04 -6.12E+04 -4.42E+04 -9.14E+02  9.81E+03  1.18E+07
 
 TH 7
+        2.19E+02  2.40E+02  2.63E+02  1.07E+02 -2.07E+01 -1.79E+04  1.47E+02
 
 TH 8
+        5.36E-02  1.12E-01  7.93E-02  2.66E-02 -7.58E-03 -6.45E+00  3.53E-02  1.57E-05
 
 TH 9
+        2.27E+04  5.27E+04  3.82E+04  7.55E+03 -3.80E+03 -4.29E+06  1.57E+04  6.45E+00  4.53E+06
 
 OM11
+       -1.22E+03  8.40E+02 -5.77E+02 -8.39E+02  1.82E+01  1.61E+04 -9.23E+02  3.03E-03  3.10E+04  3.59E+04
 
 SG11
+        2.33E+02  4.22E+02  5.68E+02  2.24E+02  5.90E+01  6.46E+04  1.53E+01  1.31E-02  2.55E+04  4.82E+02  1.55E+04
 
1
 
 
 
 
 
 
 
 
 
 
 
 
 
 
 
 
 
 
 
 
 ************************************************************************************************************************
 ********************                                                                                ********************
 ********************               FIRST ORDER CONDITIONAL ESTIMATION WITH INTERACTION              ********************
 ********************                      EIGENVALUES OF COR MATRIX OF ESTIMATE                     ********************
 ********************                                                                                ********************
 ************************************************************************************************************************
 

             1         2         3         4         5         6         7         8         9        10        11
 
         9.08E-05  9.55E-04  2.44E-03  1.72E-02  6.24E-02  2.95E-01  6.10E-01  7.12E-01  1.01E+00  2.21E+00  6.07E+00
 
 Elapsed finaloutput time in seconds:     0.20
1THERE ARE ERROR MESSAGES IN FILE PRDERR                                                                  
 #CPUT: Total CPU Time in Seconds,      176.547
Stop Time: 
28.07.2025 
18:18
Post run R code Penalty = 3274.384
Post run R code text = 3274.384
OFV = 8531.04274519658
success = False
covariance = True
correlation = False
Condition # = 66875.6092000615
Num Non fixed THETAs = 9
Num Non fixed OMEGAs = 1
Num Non fixed SIGMAs = 1
Original run directory = D:\Users\selzer\Repos\GH\pyDarwinXploR\RemiR\temp\06\046
