29.06.2025 
18:43
$SIZES PD=-1000 LVR=-150 LTH=-200
$PROBLEM single pyDarwin individual, one among multitude
$INPUT ID TIME DV AMT EVID MDV CMT WT DROP
$DATA "../../../dataset.csv" IGNORE=@
$SUBROUTINE ADVAN12 TRANS4
$PK
  CL = THETA(1)  ; CL
  Ka = THETA(2) ; Ka
  ; V is not used ; V
  ; Q is not used ; Q
  V2 = THETA(3)  * EXP(ETA(1))
  SC = V2 ; V2
  V3 = THETA(4)  ; V3
  Q3 = THETA(5) ; Q3
  Q4 = THETA(6) ; Q4
  V4 = THETA(7) ; V4
$ERROR
  IPRED = F
  Y = F *(1+EPS(1))+EPS(2)
$SIGMA
  ;proportional error
  0.015	; EPS(1)
  ;additive error
  0.01	; EPS(2)
$THETA
  (0, 2) ; CL 

  (0, 1) ; Ka
  ; V is not used
  ; Q is not used
  (0, 5) ; V2 

  (0, 1) ; V3
  (0, 25) ; Q3
  (0, 1) ; Q4
  (0, 10) ; V4
$OMEGA

  ; Ka is not used
  ; V is not used
  ; Q is not used
  0.1  ; V2

  ; Q3 is not used
  ; Q4 is not used
  ; V4 is not used
$EST METHOD = COND INTER NOABORT MAX = 999999
$COV UNCOND PRINT=E


;; Phenotype: ([('ADVAN', 2), ('CL~WT', 0), ('CL_OMEGA', 0), ('V2~WT', 0), ('V2_OMEGA', 1), ('V3_OMEGA', 0), ('RESERR', 1)])
;; Genotype: [2, 0, 0, 0, 0, 0, 1, 0, 1]
;; Num non-influential tokens: 2
  
NM-TRAN MESSAGES 
  
 WARNINGS AND ERRORS (IF ANY) FOR PROBLEM    1
             
 (WARNING  2) NM-TRAN INFERS THAT THE DATA ARE POPULATION.

 (DATA WARNING   5) RECORD         5, DATA ITEM   3, CONTENTS: 1.76009341976312
 THE DV DATA ITEM IS POSITIVE, BUT THE MDV DATA ITEM IS 1

 (DATA WARNING   5) RECORD         6, DATA ITEM   3, CONTENTS: 1.49664305689329
 THE DV DATA ITEM IS POSITIVE, BUT THE MDV DATA ITEM IS 1

 (DATA WARNING   5) RECORD        12, DATA ITEM   3, CONTENTS: 0.606772266677486
 THE DV DATA ITEM IS POSITIVE, BUT THE MDV DATA ITEM IS 1

 (DATA WARNING   5) RECORD        13, DATA ITEM   3, CONTENTS: 0.845053310283177
 THE DV DATA ITEM IS POSITIVE, BUT THE MDV DATA ITEM IS 1

 (DATA WARNING   5) RECORD        16, DATA ITEM   3, CONTENTS: 0.272583078219445
 THE DV DATA ITEM IS POSITIVE, BUT THE MDV DATA ITEM IS 1

 (DATA WARNING   5) RECORD        21, DATA ITEM   3, CONTENTS: 0.258694103533099
 THE DV DATA ITEM IS POSITIVE, BUT THE MDV DATA ITEM IS 1

 (DATA WARNING   5) RECORD        22, DATA ITEM   3, CONTENTS: 0.0428889871165919
 THE DV DATA ITEM IS POSITIVE, BUT THE MDV DATA ITEM IS 1

 (DATA WARNING   5) RECORD        28, DATA ITEM   3, CONTENTS: 0.260004056819619
 THE DV DATA ITEM IS POSITIVE, BUT THE MDV DATA ITEM IS 1

 (DATA WARNING   5) RECORD        30, DATA ITEM   3, CONTENTS: 0.162036453786567
 THE DV DATA ITEM IS POSITIVE, BUT THE MDV DATA ITEM IS 1

 (DATA WARNING   5) RECORD        37, DATA ITEM   3, CONTENTS: 0.263503870679976
 THE DV DATA ITEM IS POSITIVE, BUT THE MDV DATA ITEM IS 1

 (DATA WARNING   5) RECORD        42, DATA ITEM   3, CONTENTS: 1.52854613609978
 THE DV DATA ITEM IS POSITIVE, BUT THE MDV DATA ITEM IS 1

 (DATA WARNING   5) RECORD        45, DATA ITEM   3, CONTENTS: 0.96412547101211
 THE DV DATA ITEM IS POSITIVE, BUT THE MDV DATA ITEM IS 1

 (DATA WARNING   5) RECORD        50, DATA ITEM   3, CONTENTS: 0.405826651464678
 THE DV DATA ITEM IS POSITIVE, BUT THE MDV DATA ITEM IS 1

 (DATA WARNING   5) RECORD        57, DATA ITEM   3, CONTENTS: 0.289776410901057
 THE DV DATA ITEM IS POSITIVE, BUT THE MDV DATA ITEM IS 1

 (DATA WARNING   5) RECORD        61, DATA ITEM   3, CONTENTS: 0.0979572249251681
 THE DV DATA ITEM IS POSITIVE, BUT THE MDV DATA ITEM IS 1

 (DATA WARNING   5) RECORD        68, DATA ITEM   3, CONTENTS: 0.0303424484291453
 THE DV DATA ITEM IS POSITIVE, BUT THE MDV DATA ITEM IS 1

 (DATA WARNING   5) RECORD        71, DATA ITEM   3, CONTENTS: 0.160716202354628
 THE DV DATA ITEM IS POSITIVE, BUT THE MDV DATA ITEM IS 1

 (DATA WARNING   5) RECORD        77, DATA ITEM   3, CONTENTS: 1.21908743219731
 THE DV DATA ITEM IS POSITIVE, BUT THE MDV DATA ITEM IS 1

 (DATA WARNING   5) RECORD        84, DATA ITEM   3, CONTENTS: 0.688956699577397
 THE DV DATA ITEM IS POSITIVE, BUT THE MDV DATA ITEM IS 1

 (DATA WARNING   5) RECORD        86, DATA ITEM   3, CONTENTS: 0.441767776447417
 THE DV DATA ITEM IS POSITIVE, BUT THE MDV DATA ITEM IS 1*

 * THE MAXIMUM NUMBER OF WARNINGS OF ONE OR MORE TYPES WAS REACHED.
 IT IS POSSIBLE THAT SOME WARNING MESSAGES WERE SUPPRESSED.
  
License Registered to: Universitat des Saarlandes
Expiration Date:    14 NOV 2025
Current Date:       29 JUN 2025
Days until program expires : 135
1NONLINEAR MIXED EFFECTS MODEL PROGRAM (NONMEM) VERSION 7.4.3
 ORIGINALLY DEVELOPED BY STUART BEAL, LEWIS SHEINER, AND ALISON BOECKMANN
 CURRENT DEVELOPERS ARE ROBERT BAUER, ICON DEVELOPMENT SOLUTIONS,
 AND ALISON BOECKMANN. IMPLEMENTATION, EFFICIENCY, AND STANDARDIZATION
 PERFORMED BY NOUS INFOSYSTEMS.

 PROBLEM NO.:         1
 single pyDarwin individual, one among multitude
0DATA CHECKOUT RUN:              NO
 DATA SET LOCATED ON UNIT NO.:    2
 THIS UNIT TO BE REWOUND:        NO
 NO. OF DATA RECS IN DATA SET:      370
 NO. OF DATA ITEMS IN DATA SET:   8
 ID DATA ITEM IS DATA ITEM NO.:   1
 DEP VARIABLE IS DATA ITEM NO.:   3
 MDV DATA ITEM IS DATA ITEM NO.:  6
0INDICES PASSED TO SUBROUTINE PRED:
   5   2   4   0   0   0   7   0   0   0   0
0LABELS FOR DATA ITEMS:
 ID TIME DV AMT EVID MDV CMT WT
0FORMAT FOR DATA:
 (2E3.0,E20.0,E4.0,3E2.0,E17.0)

 TOT. NO. OF OBS RECS:      288
 TOT. NO. OF INDIVIDUALS:       10
0LENGTH OF THETA:   7
0DEFAULT THETA BOUNDARY TEST OMITTED:    NO
0OMEGA HAS SIMPLE DIAGONAL FORM WITH DIMENSION:   1
0DEFAULT OMEGA BOUNDARY TEST OMITTED:    NO
0SIGMA HAS SIMPLE DIAGONAL FORM WITH DIMENSION:   2
0DEFAULT SIGMA BOUNDARY TEST OMITTED:    NO
0INITIAL ESTIMATE OF THETA:
 LOWER BOUND    INITIAL EST    UPPER BOUND
  0.0000E+00     0.2000E+01     0.1000E+07
  0.0000E+00     0.1000E+01     0.1000E+07
  0.0000E+00     0.5000E+01     0.1000E+07
  0.0000E+00     0.1000E+01     0.1000E+07
  0.0000E+00     0.2500E+02     0.1000E+07
  0.0000E+00     0.1000E+01     0.1000E+07
  0.0000E+00     0.1000E+02     0.1000E+07
0INITIAL ESTIMATE OF OMEGA:
 0.1000E+00
0INITIAL ESTIMATE OF SIGMA:
 0.1500E-01
 0.0000E+00   0.1000E-01
0COVARIANCE STEP OMITTED:        NO
 EIGENVLS. PRINTED:             YES
 SPECIAL COMPUTATION:            NO
 COMPRESSED FORMAT:              NO
 GRADIENT METHOD USED:     NOSLOW
 SIGDIGITS ETAHAT (SIGLO):                  -1
 SIGDIGITS GRADIENTS (SIGL):                -1
 EXCLUDE COV FOR FOCE (NOFCOV):              NO
 TURN OFF Cholesky Transposition of R Matrix (CHOLROFF): NO
 KNUTHSUMOFF:                                -1
 RESUME COV ANALYSIS (RESUME):               NO
 SIR SAMPLE SIZE (SIRSAMPLE):              -1
 NON-LINEARLY TRANSFORM THETAS DURING COV (THBND): 1
 PRECONDTIONING CYCLES (PRECOND):        0
 PRECONDTIONING TYPES (PRECONDS):        TOS
 FORCED PRECONDTIONING CYCLES (PFCOND):0
 PRECONDTIONING TYPE (PRETYPE):        0
 FORCED POS. DEFINITE SETTING: (FPOSDEF):0
1DOUBLE PRECISION PREDPP VERSION 7.4.3

 THREE COMPARTMENT MODEL WITH FIRST-ORDER ABSORPTION (ADVAN12)
0MAXIMUM NO. OF BASIC PK PARAMETERS:   7
0BASIC PK PARAMETERS (AFTER TRANSLATION):
   BASIC PK PARAMETER NO.  1: ELIMINATION RATE (K)
   BASIC PK PARAMETER NO.  2: CENTRAL-TO-PERIPH1 RATE (K23)
   BASIC PK PARAMETER NO.  3: PERIPH1-TO-CENTRAL RATE (K32)
   BASIC PK PARAMETER NO.  4: CENTRAL-TO-PERIPH2 RATE (K24)
   BASIC PK PARAMETER NO.  5: PERIPH2-TO-CENTRAL RATE (K42)
   BASIC PK PARAMETER NO.  7: ABSORPTION RATE (KA)
 TRANSLATOR WILL CONVERT PARAMETERS
 CL, V2, Q3, V3, Q4, V4 TO K, K23, K32, K24, K42 (TRANS4)
0COMPARTMENT ATTRIBUTES
 COMPT. NO.   FUNCTION   INITIAL    ON/OFF      DOSE      DEFAULT    DEFAULT
                         STATUS     ALLOWED    ALLOWED    FOR DOSE   FOR OBS.
    1         DEPOT        OFF        YES        YES        YES        NO
    2         CENTRAL      ON         NO         YES        NO         YES
    3         PERIPH1      ON         NO         YES        NO         NO
    4         PERIPH2      ON         NO         YES        NO         NO
    5         OUTPUT       OFF        YES        NO         NO         NO
1
 ADDITIONAL PK PARAMETERS - ASSIGNMENT OF ROWS IN GG
 COMPT. NO.                             INDICES
              SCALE      BIOAVAIL.   ZERO-ORDER  ZERO-ORDER  ABSORB
                         FRACTION    RATE        DURATION    LAG
    1            *           *           *           *           *
    2            8           *           *           *           *
    3            *           *           *           *           *
    4            *           *           *           *           *
    5            *           -           -           -           -
             - PARAMETER IS NOT ALLOWED FOR THIS MODEL
             * PARAMETER IS NOT SUPPLIED BY PK SUBROUTINE;
               WILL DEFAULT TO ONE IF APPLICABLE
0DATA ITEM INDICES USED BY PRED ARE:
   EVENT ID DATA ITEM IS DATA ITEM NO.:      5
   TIME DATA ITEM IS DATA ITEM NO.:          2
   DOSE AMOUNT DATA ITEM IS DATA ITEM NO.:   4
   COMPT. NO. DATA ITEM IS DATA ITEM NO.:    7

0PK SUBROUTINE CALLED WITH EVERY EVENT RECORD.
 PK SUBROUTINE NOT CALLED AT NONEVENT (ADDITIONAL OR LAGGED) DOSE TIMES.
0ERROR SUBROUTINE CALLED WITH EVERY EVENT RECORD.
1


 #TBLN:      1
 #METH: First Order Conditional Estimation with Interaction

 ESTIMATION STEP OMITTED:                 NO
 ANALYSIS TYPE:                           POPULATION
 NUMBER OF SADDLE POINT RESET ITERATIONS:      0
 GRADIENT METHOD USED:               NOSLOW
 CONDITIONAL ESTIMATES USED:              YES
 CENTERED ETA:                            NO
 EPS-ETA INTERACTION:                     YES
 LAPLACIAN OBJ. FUNC.:                    NO
 NO. OF FUNCT. EVALS. ALLOWED:            999999
 NO. OF SIG. FIGURES REQUIRED:            3
 INTERMEDIATE PRINTOUT:                   YES
 ESTIMATE OUTPUT TO MSF:                  NO
 ABORT WITH PRED EXIT CODE 1:             NO
 IND. OBJ. FUNC. VALUES SORTED:           NO
 NUMERICAL DERIVATIVE
       FILE REQUEST (NUMDER):               NONE
 MAP (ETAHAT) ESTIMATION METHOD (OPTMAP):   0
 ETA HESSIAN EVALUATION METHOD (ETADER):    0
 INITIAL ETA FOR MAP ESTIMATION (MCETA):    0
 SIGDIGITS FOR MAP ESTIMATION (SIGLO):      100
 GRADIENT SIGDIGITS OF
       FIXED EFFECTS PARAMETERS (SIGL):     100
 NOPRIOR SETTING (NOPRIOR):                 OFF
 NOCOV SETTING (NOCOV):                     OFF
 DERCONT SETTING (DERCONT):                 OFF
 FINAL ETA RE-EVALUATION (FNLETA):          ON
 EXCLUDE NON-INFLUENTIAL (NON-INFL.) ETAS
       IN SHRINKAGE (ETASTYPE):             NO
 NON-INFL. ETA CORRECTION (NONINFETA):      OFF
 RAW OUTPUT FILE (FILE): NM_0_485.ext
 EXCLUDE TITLE (NOTITLE):                   NO
 EXCLUDE COLUMN LABELS (NOLABEL):           NO
 FORMAT FOR ADDITIONAL FILES (FORMAT):      S1PE12.5
 PARAMETER ORDER FOR OUTPUTS (ORDER):       TSOL
 WISHART PRIOR DF INTERPRETATION (WISHTYPE):0
 KNUTHSUMOFF:                               0
 INCLUDE LNTWOPI:                           NO
 INCLUDE CONSTANT TERM TO PRIOR (PRIORC):   NO
 INCLUDE CONSTANT TERM TO OMEGA (ETA) (OLNTWOPI):NO
 ADDITIONAL CONVERGENCE TEST (CTYPE=4)?:    NO
 EM OR BAYESIAN METHOD USED:                 NONE


 THE FOLLOWING LABELS ARE EQUIVALENT
 PRED=PREDI
 RES=RESI
 WRES=WRESI
 IWRS=IWRESI
 IPRD=IPREDI
 IRS=IRESI

 MONITORING OF SEARCH:


0ITERATION NO.:    0    OBJECTIVE VALUE:   744.203635068860        NO. OF FUNC. EVALS.:  11
 CUMULATIVE NO. OF FUNC. EVALS.:       11
 NPARAMETR:  2.0000E+00  1.0000E+00  5.0000E+00  1.0000E+00  2.5000E+01  1.0000E+00  1.0000E+01  1.0000E-01  1.5000E-02  1.0000E-02

 PARAMETER:  1.0000E-01  1.0000E-01  1.0000E-01  1.0000E-01  1.0000E-01  1.0000E-01  1.0000E-01  1.0000E-01  1.0000E-01  1.0000E-01

 GRADIENT:  -1.5674E+03 -4.3574E+02  1.6955E+02  1.3713E+02 -7.2890E-01 -3.0484E+01 -1.1677E+01 -2.3669E+02 -2.4868E+03 -3.7473E+02


0ITERATION NO.:  162    OBJECTIVE VALUE:  -738.424035249926        NO. OF FUNC. EVALS.:3753
 CUMULATIVE NO. OF FUNC. EVALS.:     3764
 NPARAMETR:  2.0000E-02  4.6633E-01  3.5025E+01  6.8553E+00  1.2818E+01  5.5062E+00  1.1010E+03  2.7838E-01  8.2977E-02  7.4588E-03

 PARAMETER: -4.5071E+00 -6.6287E-01  2.0466E+00  2.0250E+00 -5.6799E-01  1.8059E+00  4.8014E+00  6.1191E-01  9.5525E-01 -4.6596E-02

 GRADIENT:   2.2812E-04  1.2711E-02 -3.9670E-04 -1.4109E-03 -2.7511E-04  8.7133E-02  6.1489E-03  7.2865E-03 -2.6762E-02 -9.3642E-03


 #TERM:
0MINIMIZATION SUCCESSFUL
 NO. OF FUNCTION EVALUATIONS USED:     3764
 NO. OF SIG. DIGITS IN FINAL EST.:  3.2
0PARAMETER ESTIMATE IS NEAR ITS BOUNDARY

 ETABAR IS THE ARITHMETIC MEAN OF THE ETA-ESTIMATES,
 AND THE P-VALUE IS GIVEN FOR THE NULL HYPOTHESIS THAT THE TRUE MEAN IS 0.

 ETABAR:         4.8787E-03
 SE:             1.5863E-01
 N:                      10

 P VAL.:         9.7546E-01

 ETASHRINKSD(%)  1.0000E-10
 ETASHRINKVR(%)  1.0000E-10
 EBVSHRINKSD(%)  3.3385E+00
 EBVSHRINKVR(%)  6.5656E+00
 EPSSHRINKSD(%)  1.4516E+00  1.4516E+00
 EPSSHRINKVR(%)  2.8821E+00  2.8821E+00

  
 TOTAL DATA POINTS NORMALLY DISTRIBUTED (N):          288
 N*LOG(2PI) CONSTANT TO OBJECTIVE FUNCTION:    529.30859512589143     
 OBJECTIVE FUNCTION VALUE WITHOUT CONSTANT:   -738.42403524992596     
 OBJECTIVE FUNCTION VALUE WITH CONSTANT:      -209.11544012403454     
 REPORTED OBJECTIVE FUNCTION DOES NOT CONTAIN CONSTANT
  
 TOTAL EFFECTIVE ETAS (NIND*NETA):                            10
  
 #TERE:
 Elapsed estimation  time in seconds:    37.92
 Elapsed covariance  time in seconds:     6.02
 Elapsed postprocess time in seconds:     0.00
1
 
 
 
 
 
 
 
 
 
 
 
 
 
 
 
 
 
 
 
 
 ************************************************************************************************************************
 ********************                                                                                ********************
 ********************               FIRST ORDER CONDITIONAL ESTIMATION WITH INTERACTION              ********************
 #OBJT:**************                       MINIMUM VALUE OF OBJECTIVE FUNCTION                      ********************
 ********************                                                                                ********************
 ************************************************************************************************************************
 





 #OBJV:********************************************     -738.424       **************************************************
1
 ************************************************************************************************************************
 ********************                                                                                ********************
 ********************               FIRST ORDER CONDITIONAL ESTIMATION WITH INTERACTION              ********************
 ********************                             FINAL PARAMETER ESTIMATE                           ********************
 ********************                                                                                ********************
 ************************************************************************************************************************
 


 THETA - VECTOR OF FIXED EFFECTS PARAMETERS   *********


         TH 1      TH 2      TH 3      TH 4      TH 5      TH 6      TH 7     
 
         2.00E-02  4.66E-01  3.50E+01  6.86E+00  1.28E+01  5.51E+00  1.10E+03
 


 OMEGA - COV MATRIX FOR RANDOM EFFECTS - ETAS  ********


         ETA1     
 
 ETA1
+        2.78E-01
 


 SIGMA - COV MATRIX FOR RANDOM EFFECTS - EPSILONS  ****


         EPS1      EPS2     
 
 EPS1
+        8.30E-02
 
 EPS2
+        0.00E+00  7.46E-03
 
1


 OMEGA - CORR MATRIX FOR RANDOM EFFECTS - ETAS  *******


         ETA1     
 
 ETA1
+        5.28E-01
 


 SIGMA - CORR MATRIX FOR RANDOM EFFECTS - EPSILONS  ***


         EPS1      EPS2     
 
 EPS1
+        2.88E-01
 
 EPS2
+        0.00E+00  8.64E-02
 
1
 ************************************************************************************************************************
 ********************                                                                                ********************
 ********************               FIRST ORDER CONDITIONAL ESTIMATION WITH INTERACTION              ********************
 ********************                            STANDARD ERROR OF ESTIMATE                          ********************
 ********************                                                                                ********************
 ************************************************************************************************************************
 


 THETA - VECTOR OF FIXED EFFECTS PARAMETERS   *********


         TH 1      TH 2      TH 3      TH 4      TH 5      TH 6      TH 7     
 
         1.53E-03  9.25E-02  1.34E+01  7.58E+00  1.40E+01  4.96E-01  1.82E+02
 


 OMEGA - COV MATRIX FOR RANDOM EFFECTS - ETAS  ********


         ETA1     
 
 ETA1
+        1.97E-01
 


 SIGMA - COV MATRIX FOR RANDOM EFFECTS - EPSILONS  ****


         EPS1      EPS2     
 
 EPS1
+        2.55E-02
 
 EPS2
+       .........  1.93E-03
 
1


 OMEGA - CORR MATRIX FOR RANDOM EFFECTS - ETAS  *******


         ETA1     
 
 ETA1
+        1.87E-01
 


 SIGMA - CORR MATRIX FOR RANDOM EFFECTS - EPSILONS  ***


         EPS1      EPS2     
 
 EPS1
+        4.43E-02
 
 EPS2
+       .........  1.12E-02
 
1
 ************************************************************************************************************************
 ********************                                                                                ********************
 ********************               FIRST ORDER CONDITIONAL ESTIMATION WITH INTERACTION              ********************
 ********************                          COVARIANCE MATRIX OF ESTIMATE                         ********************
 ********************                                                                                ********************
 ************************************************************************************************************************
 

            TH 1      TH 2      TH 3      TH 4      TH 5      TH 6      TH 7      OM11      SG11      SG12      SG22  
 
 TH 1
+        2.34E-06
 
 TH 2
+       -7.59E-05  8.55E-03
 
 TH 3
+       -1.12E-02  1.05E+00  1.80E+02
 
 TH 4
+        2.99E-03 -5.87E-01 -8.41E+01  5.74E+01
 
 TH 5
+        7.35E-04 -9.86E-01 -1.47E+02  9.99E+01  1.96E+02
 
 TH 6
+        1.37E-04 -3.21E-02 -3.66E+00  2.73E+00  5.26E+00  2.46E-01
 
 TH 7
+       -4.64E-02  1.12E+01  1.45E+03 -6.29E+02 -1.30E+03 -2.61E+01  3.33E+04
 
 OM11
+        1.28E-04 -8.67E-03 -1.99E+00  7.59E-01  1.41E+00  4.02E-02 -1.07E+01  3.89E-02
 
 SG11
+        2.98E-05  8.34E-05 -5.32E-02 -4.59E-02 -1.26E-01 -2.02E-03  6.17E-01  1.69E-03  6.52E-04
 
 SG12
+       ......... ......... ......... ......... ......... ......... ......... ......... ......... .........
 
 SG22
+       -1.75E-06 -3.47E-05  3.71E-03  4.69E-03  1.08E-02  3.97E-04 -7.13E-02 -1.64E-04 -4.40E-05 .........  3.74E-06
 
1
 ************************************************************************************************************************
 ********************                                                                                ********************
 ********************               FIRST ORDER CONDITIONAL ESTIMATION WITH INTERACTION              ********************
 ********************                          CORRELATION MATRIX OF ESTIMATE                        ********************
 ********************                                                                                ********************
 ************************************************************************************************************************
 

            TH 1      TH 2      TH 3      TH 4      TH 5      TH 6      TH 7      OM11      SG11      SG12      SG22  
 
 TH 1
+        1.53E-03
 
 TH 2
+       -5.37E-01  9.25E-02
 
 TH 3
+       -5.47E-01  8.50E-01  1.34E+01
 
 TH 4
+        2.58E-01 -8.38E-01 -8.28E-01  7.58E+00
 
 TH 5
+        3.43E-02 -7.61E-01 -7.84E-01  9.41E-01  1.40E+01
 
 TH 6
+        1.80E-01 -7.01E-01 -5.51E-01  7.27E-01  7.58E-01  4.96E-01
 
 TH 7
+       -1.66E-01  6.61E-01  5.94E-01 -4.55E-01 -5.10E-01 -2.89E-01  1.82E+02
 
 OM11
+        4.23E-01 -4.75E-01 -7.51E-01  5.08E-01  5.11E-01  4.11E-01 -2.96E-01  1.97E-01
 
 SG11
+        7.63E-01  3.53E-02 -1.55E-01 -2.37E-01 -3.54E-01 -1.59E-01  1.33E-01  3.35E-01  2.55E-02
 
 SG12
+       ......... ......... ......... ......... ......... ......... ......... ......... ......... .........
 
 SG22
+       -5.92E-01 -1.94E-01  1.43E-01  3.20E-01  4.00E-01  4.14E-01 -2.02E-01 -4.29E-01 -8.91E-01 .........  1.93E-03
 
1
 ************************************************************************************************************************
 ********************                                                                                ********************
 ********************               FIRST ORDER CONDITIONAL ESTIMATION WITH INTERACTION              ********************
 ********************                      INVERSE COVARIANCE MATRIX OF ESTIMATE                     ********************
 ********************                                                                                ********************
 ************************************************************************************************************************
 

            TH 1      TH 2      TH 3      TH 4      TH 5      TH 6      TH 7      OM11      SG11      SG12      SG22  
 
 TH 1
+        4.95E+09
 
 TH 2
+        5.57E+07  6.28E+05
 
 TH 3
+        1.81E+05  2.04E+03  7.58E+00
 
 TH 4
+       -5.22E+05 -5.82E+03 -1.73E+01  5.87E+01
 
 TH 5
+        5.03E+05  5.64E+03  1.80E+01 -5.40E+01  5.15E+01
 
 TH 6
+        3.94E+05  5.12E+03  4.01E+01  1.20E+01  2.68E+01  8.82E+02
 
 TH 7
+       -6.43E+03 -7.33E+01 -2.75E-01  5.95E-01 -6.34E-01 -1.77E+00  1.03E-02
 
 OM11
+        1.40E+06  1.46E+04  8.64E+00 -2.34E+02  1.62E+02 -1.27E+03  2.43E-01  2.76E+03
 
 SG11
+       -1.75E+08 -1.98E+06 -7.05E+03  1.71E+04 -1.75E+04 -3.52E+04  2.59E+02 -1.43E+04  6.72E+06
 
 SG12
+       ......... ......... ......... ......... ......... ......... ......... ......... ......... .........
 
 SG22
+       -3.08E+08 -3.79E+06 -2.66E+04  2.35E+03 -2.45E+04 -4.98E+05  1.11E+03  6.97E+05  2.30E+07 .........  2.90E+08
 
1
 
 
 
 
 
 
 
 
 
 
 
 
 
 
 
 
 
 
 
 
 ************************************************************************************************************************
 ********************                                                                                ********************
 ********************               FIRST ORDER CONDITIONAL ESTIMATION WITH INTERACTION              ********************
 ********************                      EIGENVALUES OF COR MATRIX OF ESTIMATE                     ********************
 ********************                                                                                ********************
 ************************************************************************************************************************
 

             1         2         3         4         5         6         7         8         9        10
 
         2.80E-05  4.77E-04  2.09E-02  4.83E-02  1.34E-01  3.30E-01  6.78E-01  7.97E-01  2.94E+00  5.05E+00
 
 Elapsed finaloutput time in seconds:     0.02
 #CPUT: Total CPU Time in Seconds,       44.047
Stop Time: 
29.06.2025 
18:47
OFV = -738.424035249926
success = True
covariance = True
correlation = True
Condition # = 180491.54675557476
Num Non fixed THETAs = 7
Num Non fixed OMEGAs = 1
Num Non fixed SIGMAs = 2
Original run directory = D:\Users\selzer\Repos\GH\pyDarwinXploR\Datasets\Generated\1CP\sim_data_n10_repeated\125\dt1h\20pct\run\temp\0\485
