25.06.2025 
03:03
$SIZES PD=-1000 LVR=-150 LTH=-200
$PROBLEM single pyDarwin individual, one among multitude
$INPUT ID TIME DV AMT EVID MDV CMT WT DROP
$DATA "../../../dataset.csv" IGNORE=@
$SUBROUTINE ADVAN4 TRANS4
$PK
  CL = THETA(1) *(WT/70)**(THETA(2)) ; CL
  Ka = THETA(3) ; Ka
  ; V is not used ; V
  Q = THETA(4) ; Q
  V2 = THETA(5) *(WT/70)**(THETA(6)) * EXP(ETA(1))
  SC = V2 ; V2
  V3 = THETA(7)  * EXP(ETA(2)) ; V3
  ; Q3 is not used ; Q3
  ; Q4 is not used ; Q4
  ; V4 is not used ; V4
$ERROR
  IPRED = F
  Y = F *(1+EPS(1))
$SIGMA
  ;proportional error
  0.015	; EPS(1)
$THETA
  (0, 2) ; CL 
  (0.5); CL~WT
  (0, 1) ; Ka
  ; V is not used
  (0, 25) ; Q
  (0, 5) ; V2 
  (0.5); V2~WT
  (0, 1) ; V3
  ; Q3 is not used
  ; Q4 is not used
  ; V4 is not used
$OMEGA

  ; Ka is not used
  ; V is not used
  ; Q is not used
  0.1  ; V2
  0.1  ; V3
  ; Q3 is not used
  ; Q4 is not used
  ; V4 is not used
$EST METHOD = COND INTER NOABORT MAX = 999999
$COV UNCOND PRINT=E


;; Phenotype: ([('ADVAN', 1), ('CL~WT', 1), ('CL_OMEGA', 0), ('V2~WT', 1), ('V2_OMEGA', 1), ('V3_OMEGA', 1), ('RESERR', 0)])
;; Genotype: [1, 1, 0, 0, 0, 1, 1, 1, 0]
;; Num non-influential tokens: 2
  
NM-TRAN MESSAGES 
  
 WARNINGS AND ERRORS (IF ANY) FOR PROBLEM    1
             
 (WARNING  2) NM-TRAN INFERS THAT THE DATA ARE POPULATION.

 (DATA WARNING   5) RECORD        10, DATA ITEM   3, CONTENTS: 0.390055275772254
 THE DV DATA ITEM IS POSITIVE, BUT THE MDV DATA ITEM IS 1

 (DATA WARNING   5) RECORD        16, DATA ITEM   3, CONTENTS: 0.233765759071056
 THE DV DATA ITEM IS POSITIVE, BUT THE MDV DATA ITEM IS 1

 (DATA WARNING   5) RECORD        17, DATA ITEM   3, CONTENTS: 0.10018514869114
 THE DV DATA ITEM IS POSITIVE, BUT THE MDV DATA ITEM IS 1

 (DATA WARNING   5) RECORD        18, DATA ITEM   3, CONTENTS: 0.0898940616995683
 THE DV DATA ITEM IS POSITIVE, BUT THE MDV DATA ITEM IS 1

 (DATA WARNING   5) RECORD        19, DATA ITEM   3, CONTENTS: 0.282464865163671
 THE DV DATA ITEM IS POSITIVE, BUT THE MDV DATA ITEM IS 1

 (DATA WARNING   5) RECORD        21, DATA ITEM   3, CONTENTS: 1.26707893590004
 THE DV DATA ITEM IS POSITIVE, BUT THE MDV DATA ITEM IS 1

 (DATA WARNING   5) RECORD        22, DATA ITEM   3, CONTENTS: 1.43525834458176
 THE DV DATA ITEM IS POSITIVE, BUT THE MDV DATA ITEM IS 1

 (DATA WARNING   5) RECORD        24, DATA ITEM   3, CONTENTS: 0.516048899457904
 THE DV DATA ITEM IS POSITIVE, BUT THE MDV DATA ITEM IS 1

 (DATA WARNING   5) RECORD        27, DATA ITEM   3, CONTENTS: 0.075154281418568
 THE DV DATA ITEM IS POSITIVE, BUT THE MDV DATA ITEM IS 1

 (DATA WARNING   5) RECORD        28, DATA ITEM   3, CONTENTS: 0.100789517671403
 THE DV DATA ITEM IS POSITIVE, BUT THE MDV DATA ITEM IS 1

 (DATA WARNING   5) RECORD        29, DATA ITEM   3, CONTENTS: 0.0352990367845607
 THE DV DATA ITEM IS POSITIVE, BUT THE MDV DATA ITEM IS 1

 (DATA WARNING   5) RECORD        32, DATA ITEM   3, CONTENTS: 0.0627340111954132
 THE DV DATA ITEM IS POSITIVE, BUT THE MDV DATA ITEM IS 1

 (DATA WARNING   5) RECORD        33, DATA ITEM   3, CONTENTS: 0.0238102385995206
 THE DV DATA ITEM IS POSITIVE, BUT THE MDV DATA ITEM IS 1

 (DATA WARNING   5) RECORD        36, DATA ITEM   3, CONTENTS: 0.231632915184183
 THE DV DATA ITEM IS POSITIVE, BUT THE MDV DATA ITEM IS 1

 (DATA WARNING   5) RECORD        46, DATA ITEM   3, CONTENTS: 0.514185965027014
 THE DV DATA ITEM IS POSITIVE, BUT THE MDV DATA ITEM IS 1

 (DATA WARNING   5) RECORD        47, DATA ITEM   3, CONTENTS: 0.849923325972024
 THE DV DATA ITEM IS POSITIVE, BUT THE MDV DATA ITEM IS 1

 (DATA WARNING   5) RECORD        49, DATA ITEM   3, CONTENTS: 0.621994499451013
 THE DV DATA ITEM IS POSITIVE, BUT THE MDV DATA ITEM IS 1

 (DATA WARNING   5) RECORD        50, DATA ITEM   3, CONTENTS: 0.312912687598431
 THE DV DATA ITEM IS POSITIVE, BUT THE MDV DATA ITEM IS 1

 (DATA WARNING   5) RECORD        53, DATA ITEM   3, CONTENTS: 0.0183754759112969
 THE DV DATA ITEM IS POSITIVE, BUT THE MDV DATA ITEM IS 1

 (DATA WARNING   5) RECORD        54, DATA ITEM   3, CONTENTS: 0.360699505029562
 THE DV DATA ITEM IS POSITIVE, BUT THE MDV DATA ITEM IS 1*

 * THE MAXIMUM NUMBER OF WARNINGS OF ONE OR MORE TYPES WAS REACHED.
 IT IS POSSIBLE THAT SOME WARNING MESSAGES WERE SUPPRESSED.
  
License Registered to: Universitat des Saarlandes
Expiration Date:    14 NOV 2025
Current Date:       25 JUN 2025
Days until program expires : 139
1NONLINEAR MIXED EFFECTS MODEL PROGRAM (NONMEM) VERSION 7.4.3
 ORIGINALLY DEVELOPED BY STUART BEAL, LEWIS SHEINER, AND ALISON BOECKMANN
 CURRENT DEVELOPERS ARE ROBERT BAUER, ICON DEVELOPMENT SOLUTIONS,
 AND ALISON BOECKMANN. IMPLEMENTATION, EFFICIENCY, AND STANDARDIZATION
 PERFORMED BY NOUS INFOSYSTEMS.

 PROBLEM NO.:         1
 single pyDarwin individual, one among multitude
0DATA CHECKOUT RUN:              NO
 DATA SET LOCATED ON UNIT NO.:    2
 THIS UNIT TO BE REWOUND:        NO
 NO. OF DATA RECS IN DATA SET:      190
 NO. OF DATA ITEMS IN DATA SET:   8
 ID DATA ITEM IS DATA ITEM NO.:   1
 DEP VARIABLE IS DATA ITEM NO.:   3
 MDV DATA ITEM IS DATA ITEM NO.:  6
0INDICES PASSED TO SUBROUTINE PRED:
   5   2   4   0   0   0   7   0   0   0   0
0LABELS FOR DATA ITEMS:
 ID TIME DV AMT EVID MDV CMT WT
0FORMAT FOR DATA:
 (2E3.0,E20.0,E4.0,3E2.0,E17.0)

 TOT. NO. OF OBS RECS:       90
 TOT. NO. OF INDIVIDUALS:       10
0LENGTH OF THETA:   7
0DEFAULT THETA BOUNDARY TEST OMITTED:    NO
0OMEGA HAS SIMPLE DIAGONAL FORM WITH DIMENSION:   2
0DEFAULT OMEGA BOUNDARY TEST OMITTED:    NO
0SIGMA HAS SIMPLE DIAGONAL FORM WITH DIMENSION:   1
0DEFAULT SIGMA BOUNDARY TEST OMITTED:    NO
0INITIAL ESTIMATE OF THETA:
 LOWER BOUND    INITIAL EST    UPPER BOUND
  0.0000E+00     0.2000E+01     0.1000E+07
 -0.1000E+07     0.5000E+00     0.1000E+07
  0.0000E+00     0.1000E+01     0.1000E+07
  0.0000E+00     0.2500E+02     0.1000E+07
  0.0000E+00     0.5000E+01     0.1000E+07
 -0.1000E+07     0.5000E+00     0.1000E+07
  0.0000E+00     0.1000E+01     0.1000E+07
0INITIAL ESTIMATE OF OMEGA:
 0.1000E+00
 0.0000E+00   0.1000E+00
0INITIAL ESTIMATE OF SIGMA:
 0.1500E-01
0COVARIANCE STEP OMITTED:        NO
 EIGENVLS. PRINTED:             YES
 SPECIAL COMPUTATION:            NO
 COMPRESSED FORMAT:              NO
 GRADIENT METHOD USED:     NOSLOW
 SIGDIGITS ETAHAT (SIGLO):                  -1
 SIGDIGITS GRADIENTS (SIGL):                -1
 EXCLUDE COV FOR FOCE (NOFCOV):              NO
 TURN OFF Cholesky Transposition of R Matrix (CHOLROFF): NO
 KNUTHSUMOFF:                                -1
 RESUME COV ANALYSIS (RESUME):               NO
 SIR SAMPLE SIZE (SIRSAMPLE):              -1
 NON-LINEARLY TRANSFORM THETAS DURING COV (THBND): 1
 PRECONDTIONING CYCLES (PRECOND):        0
 PRECONDTIONING TYPES (PRECONDS):        TOS
 FORCED PRECONDTIONING CYCLES (PFCOND):0
 PRECONDTIONING TYPE (PRETYPE):        0
 FORCED POS. DEFINITE SETTING: (FPOSDEF):0
1DOUBLE PRECISION PREDPP VERSION 7.4.3

 TWO COMPARTMENT MODEL WITH FIRST-ORDER ABSORPTION (ADVAN4)
0MAXIMUM NO. OF BASIC PK PARAMETERS:   5
0BASIC PK PARAMETERS (AFTER TRANSLATION):
   BASIC PK PARAMETER NO.  1: ELIMINATION RATE (K)
   BASIC PK PARAMETER NO.  2: CENTRAL-TO-PERIPH. RATE (K23)
   BASIC PK PARAMETER NO.  3: PERIPH.-TO-CENTRAL RATE (K32)
   BASIC PK PARAMETER NO.  5: ABSORPTION RATE (KA)
 TRANSLATOR WILL CONVERT PARAMETERS
 CL, V2, Q, V3 TO K, K23, K32 (TRANS4)
0COMPARTMENT ATTRIBUTES
 COMPT. NO.   FUNCTION   INITIAL    ON/OFF      DOSE      DEFAULT    DEFAULT
                         STATUS     ALLOWED    ALLOWED    FOR DOSE   FOR OBS.
    1         DEPOT        OFF        YES        YES        YES        NO
    2         CENTRAL      ON         NO         YES        NO         YES
    3         PERIPH.      ON         NO         YES        NO         NO
    4         OUTPUT       OFF        YES        NO         NO         NO
1
 ADDITIONAL PK PARAMETERS - ASSIGNMENT OF ROWS IN GG
 COMPT. NO.                             INDICES
              SCALE      BIOAVAIL.   ZERO-ORDER  ZERO-ORDER  ABSORB
                         FRACTION    RATE        DURATION    LAG
    1            *           *           *           *           *
    2            6           *           *           *           *
    3            *           *           *           *           *
    4            *           -           -           -           -
             - PARAMETER IS NOT ALLOWED FOR THIS MODEL
             * PARAMETER IS NOT SUPPLIED BY PK SUBROUTINE;
               WILL DEFAULT TO ONE IF APPLICABLE
0DATA ITEM INDICES USED BY PRED ARE:
   EVENT ID DATA ITEM IS DATA ITEM NO.:      5
   TIME DATA ITEM IS DATA ITEM NO.:          2
   DOSE AMOUNT DATA ITEM IS DATA ITEM NO.:   4
   COMPT. NO. DATA ITEM IS DATA ITEM NO.:    7

0PK SUBROUTINE CALLED WITH EVERY EVENT RECORD.
 PK SUBROUTINE NOT CALLED AT NONEVENT (ADDITIONAL OR LAGGED) DOSE TIMES.
0ERROR SUBROUTINE CALLED WITH EVERY EVENT RECORD.
1


 #TBLN:      1
 #METH: First Order Conditional Estimation with Interaction

 ESTIMATION STEP OMITTED:                 NO
 ANALYSIS TYPE:                           POPULATION
 NUMBER OF SADDLE POINT RESET ITERATIONS:      0
 GRADIENT METHOD USED:               NOSLOW
 CONDITIONAL ESTIMATES USED:              YES
 CENTERED ETA:                            NO
 EPS-ETA INTERACTION:                     YES
 LAPLACIAN OBJ. FUNC.:                    NO
 NO. OF FUNCT. EVALS. ALLOWED:            999999
 NO. OF SIG. FIGURES REQUIRED:            3
 INTERMEDIATE PRINTOUT:                   YES
 ESTIMATE OUTPUT TO MSF:                  NO
 ABORT WITH PRED EXIT CODE 1:             NO
 IND. OBJ. FUNC. VALUES SORTED:           NO
 NUMERICAL DERIVATIVE
       FILE REQUEST (NUMDER):               NONE
 MAP (ETAHAT) ESTIMATION METHOD (OPTMAP):   0
 ETA HESSIAN EVALUATION METHOD (ETADER):    0
 INITIAL ETA FOR MAP ESTIMATION (MCETA):    0
 SIGDIGITS FOR MAP ESTIMATION (SIGLO):      100
 GRADIENT SIGDIGITS OF
       FIXED EFFECTS PARAMETERS (SIGL):     100
 NOPRIOR SETTING (NOPRIOR):                 OFF
 NOCOV SETTING (NOCOV):                     OFF
 DERCONT SETTING (DERCONT):                 OFF
 FINAL ETA RE-EVALUATION (FNLETA):          ON
 EXCLUDE NON-INFLUENTIAL (NON-INFL.) ETAS
       IN SHRINKAGE (ETASTYPE):             NO
 NON-INFL. ETA CORRECTION (NONINFETA):      OFF
 RAW OUTPUT FILE (FILE): NM_0_340.ext
 EXCLUDE TITLE (NOTITLE):                   NO
 EXCLUDE COLUMN LABELS (NOLABEL):           NO
 FORMAT FOR ADDITIONAL FILES (FORMAT):      S1PE12.5
 PARAMETER ORDER FOR OUTPUTS (ORDER):       TSOL
 WISHART PRIOR DF INTERPRETATION (WISHTYPE):0
 KNUTHSUMOFF:                               0
 INCLUDE LNTWOPI:                           NO
 INCLUDE CONSTANT TERM TO PRIOR (PRIORC):   NO
 INCLUDE CONSTANT TERM TO OMEGA (ETA) (OLNTWOPI):NO
 ADDITIONAL CONVERGENCE TEST (CTYPE=4)?:    NO
 EM OR BAYESIAN METHOD USED:                 NONE


 THE FOLLOWING LABELS ARE EQUIVALENT
 PRED=PREDI
 RES=RESI
 WRES=WRESI
 IWRS=IWRESI
 IPRD=IPREDI
 IRS=IRESI

 MONITORING OF SEARCH:


0ITERATION NO.:    0    OBJECTIVE VALUE:   1635.25769837322        NO. OF FUNC. EVALS.:  10
 CUMULATIVE NO. OF FUNC. EVALS.:       10
 NPARAMETR:  2.0000E+00  5.0000E-01  1.0000E+00  2.5000E+01  5.0000E+00  5.0000E-01  1.0000E+00  1.0000E-01  1.0000E-01  1.5000E-02

 PARAMETER:  1.0000E-01  1.0000E-01  1.0000E-01  1.0000E-01  1.0000E-01  1.0000E-01  1.0000E-01  1.0000E-01  1.0000E-01  1.0000E-01

 GRADIENT:  -1.0402E+03  4.1704E+01 -1.1320E+02  4.1442E-01 -2.9981E+02  9.2321E+01 -1.5688E+01 -5.5135E+02 -1.2402E+00 -3.3590E+03


0ITERATION NO.:   70    OBJECTIVE VALUE:  -210.723048288761        NO. OF FUNC. EVALS.:1211
 CUMULATIVE NO. OF FUNC. EVALS.:     1221
 NPARAMETR:  4.6646E+00  4.3662E-01  4.1699E+07  3.9546E+06  4.6506E+01  1.7702E+00  1.1788E+01  1.0000E-05  1.4152E+00  2.2645E-01

 PARAMETER:  9.4677E-01  8.7424E-02  1.7659E+01  1.2067E+01  2.3302E+00  3.5391E-01  2.5679E+00 -6.0222E+00  1.4241E+00  1.4573E+00

 GRADIENT:  -1.5038E-01  8.7974E-02  1.8510E-05 -3.0482E-05  3.9674E-02 -6.9234E-02  9.0985E-03  0.0000E+00 -1.7634E-02  2.7924E-02


 #TERM:
0MINIMIZATION TERMINATED
 DUE TO ROUNDING ERRORS (ERROR=134)
 NO. OF FUNCTION EVALUATIONS USED:     1221
 NO. OF SIG. DIGITS UNREPORTABLE
0PARAMETER ESTIMATE IS NEAR ITS BOUNDARY

 ETABAR IS THE ARITHMETIC MEAN OF THE ETA-ESTIMATES,
 AND THE P-VALUE IS GIVEN FOR THE NULL HYPOTHESIS THAT THE TRUE MEAN IS 0.

 ETABAR:        -1.8426E-05  1.1540E-01
 SE:             1.1059E-05  2.9298E-01
 N:                      10          10

 P VAL.:         9.5692E-02  6.9367E-01

 ETASHRINKSD(%)  9.8834E+01  1.7840E+01
 ETASHRINKVR(%)  9.9986E+01  3.2497E+01
 EBVSHRINKSD(%)  9.8818E+01  1.7475E+01
 EBVSHRINKVR(%)  9.9986E+01  3.1896E+01
 EPSSHRINKSD(%)  3.2333E+00
 EPSSHRINKVR(%)  6.3620E+00

  
 TOTAL DATA POINTS NORMALLY DISTRIBUTED (N):           90
 N*LOG(2PI) CONSTANT TO OBJECTIVE FUNCTION:    165.40893597684109     
 OBJECTIVE FUNCTION VALUE WITHOUT CONSTANT:   -210.72304828876099     
 OBJECTIVE FUNCTION VALUE WITH CONSTANT:      -45.314112311919899     
 REPORTED OBJECTIVE FUNCTION DOES NOT CONTAIN CONSTANT
  
 TOTAL EFFECTIVE ETAS (NIND*NETA):                            20
  
 #TERE:
 Elapsed estimation  time in seconds:     2.53
0S MATRIX ALGORITHMICALLY SINGULAR
0S MATRIX IS OUTPUT
0INVERSE COVARIANCE MATRIX SET TO RS*RMAT, WHERE S* IS A PSEUDO INVERSE OF S
 Elapsed covariance  time in seconds:     1.76
 Elapsed postprocess time in seconds:     0.00
1
 
 
 
 
 
 
 
 
 
 
 
 
 
 
 
 
 
 
 
 
 ************************************************************************************************************************
 ********************                                                                                ********************
 ********************               FIRST ORDER CONDITIONAL ESTIMATION WITH INTERACTION              ********************
 #OBJT:**************                       MINIMUM VALUE OF OBJECTIVE FUNCTION                      ********************
 ********************                                                                                ********************
 ************************************************************************************************************************
 





 #OBJV:********************************************     -210.723       **************************************************
1
 ************************************************************************************************************************
 ********************                                                                                ********************
 ********************               FIRST ORDER CONDITIONAL ESTIMATION WITH INTERACTION              ********************
 ********************                             FINAL PARAMETER ESTIMATE                           ********************
 ********************                                                                                ********************
 ************************************************************************************************************************
 


 THETA - VECTOR OF FIXED EFFECTS PARAMETERS   *********


         TH 1      TH 2      TH 3      TH 4      TH 5      TH 6      TH 7     
 
         4.66E+00  4.37E-01  4.23E+07  3.94E+06  4.65E+01  1.77E+00  1.18E+01
 


 OMEGA - COV MATRIX FOR RANDOM EFFECTS - ETAS  ********


         ETA1      ETA2     
 
 ETA1
+        1.00E-05
 
 ETA2
+        0.00E+00  1.41E+00
 


 SIGMA - COV MATRIX FOR RANDOM EFFECTS - EPSILONS  ****


         EPS1     
 
 EPS1
+        2.26E-01
 
1


 OMEGA - CORR MATRIX FOR RANDOM EFFECTS - ETAS  *******


         ETA1      ETA2     
 
 ETA1
+        3.16E-03
 
 ETA2
+        0.00E+00  1.19E+00
 


 SIGMA - CORR MATRIX FOR RANDOM EFFECTS - EPSILONS  ***


         EPS1     
 
 EPS1
+        4.76E-01
 
1
 ************************************************************************************************************************
 ********************                                                                                ********************
 ********************               FIRST ORDER CONDITIONAL ESTIMATION WITH INTERACTION              ********************
 ********************                            STANDARD ERROR OF ESTIMATE                          ********************
 ********************                                                                                ********************
 ************************************************************************************************************************
 


 THETA - VECTOR OF FIXED EFFECTS PARAMETERS   *********


         TH 1      TH 2      TH 3      TH 4      TH 5      TH 6      TH 7     
 
         3.91E-01  3.42E-01  1.11E+09  3.13E+07  6.24E+00  4.62E-01  6.09E+00
 


 OMEGA - COV MATRIX FOR RANDOM EFFECTS - ETAS  ********


         ETA1      ETA2     
 
 ETA1
+        0.00E+00
 
 ETA2
+       .........  7.33E-03
 


 SIGMA - COV MATRIX FOR RANDOM EFFECTS - EPSILONS  ****


         EPS1     
 
 EPS1
+        5.14E-02
 
1


 OMEGA - CORR MATRIX FOR RANDOM EFFECTS - ETAS  *******


         ETA1      ETA2     
 
 ETA1
+        0.00E+00
 
 ETA2
+       .........  3.08E-03
 


 SIGMA - CORR MATRIX FOR RANDOM EFFECTS - EPSILONS  ***


         EPS1     
 
 EPS1
+        5.40E-02
 
1
 ************************************************************************************************************************
 ********************                                                                                ********************
 ********************               FIRST ORDER CONDITIONAL ESTIMATION WITH INTERACTION              ********************
 ********************                          COVARIANCE MATRIX OF ESTIMATE                         ********************
 ********************                                                                                ********************
 ************************************************************************************************************************
 

            TH 1      TH 2      TH 3      TH 4      TH 5      TH 6      TH 7      OM11      OM12      OM22      SG11  
 
 TH 1
+        1.53E-01
 
 TH 2
+        1.04E-01  1.17E-01
 
 TH 3
+       -2.63E+08 -2.84E+08  1.22E+18
 
 TH 4
+       -7.63E+06 -6.90E+06  2.42E+16  9.78E+14
 
 TH 5
+        2.02E+00  1.31E+00 -4.48E+09 -1.53E+08  3.89E+01
 
 TH 6
+        1.54E-01  1.32E-01 -4.39E+08 -1.13E+07  2.62E+00  2.14E-01
 
 TH 7
+       -2.98E-01  3.72E-01 -2.32E+09  5.74E+07 -1.58E+01 -2.30E-01  3.71E+01
 
 OM11
+        0.00E+00  0.00E+00  0.00E+00  0.00E+00  0.00E+00  0.00E+00  0.00E+00  0.00E+00
 
 OM12
+       ......... ......... ......... ......... ......... ......... ......... ......... .........
 
 OM22
+       -1.53E-03 -1.85E-03  4.11E+06  7.21E+04 -2.64E-02 -2.42E-03  1.94E-03  0.00E+00 .........  5.38E-05
 
 SG11
+        1.30E-02  6.12E-03 -6.91E+06 -6.11E+03  1.80E-01  1.20E-02 -8.86E-02  0.00E+00 ......... -2.38E-04  2.65E-03
 
1
 ************************************************************************************************************************
 ********************                                                                                ********************
 ********************               FIRST ORDER CONDITIONAL ESTIMATION WITH INTERACTION              ********************
 ********************                          CORRELATION MATRIX OF ESTIMATE                        ********************
 ********************                                                                                ********************
 ************************************************************************************************************************
 

            TH 1      TH 2      TH 3      TH 4      TH 5      TH 6      TH 7      OM11      OM12      OM22      SG11  
 
 TH 1
+        3.91E-01
 
 TH 2
+        7.82E-01  3.42E-01
 
 TH 3
+       -6.09E-01 -7.52E-01  1.11E+09
 
 TH 4
+       -6.24E-01 -6.46E-01  6.98E-01  3.13E+07
 
 TH 5
+        8.30E-01  6.17E-01 -6.49E-01 -7.85E-01  6.24E+00
 
 TH 6
+        8.56E-01  8.37E-01 -8.58E-01 -7.84E-01  9.08E-01  4.62E-01
 
 TH 7
+       -1.25E-01  1.79E-01 -3.44E-01  3.01E-01 -4.15E-01 -8.18E-02  6.09E+00
 
 OM11
+        0.00E+00  0.00E+00  0.00E+00  0.00E+00  0.00E+00  0.00E+00  0.00E+00  0.00E+00
 
 OM12
+       ......... ......... ......... ......... ......... ......... ......... ......... .........
 
 OM22
+       -5.33E-01 -7.39E-01  5.06E-01  3.14E-01 -5.77E-01 -7.15E-01  4.33E-02  0.00E+00 .........  7.33E-03
 
 SG11
+        6.45E-01  3.48E-01 -1.21E-01 -3.80E-03  5.61E-01  5.06E-01 -2.83E-01  0.00E+00 ......... -6.31E-01  5.14E-02
 
1
 ************************************************************************************************************************
 ********************                                                                                ********************
 ********************               FIRST ORDER CONDITIONAL ESTIMATION WITH INTERACTION              ********************
 ********************                      INVERSE COVARIANCE MATRIX OF ESTIMATE                     ********************
 ********************                                                                                ********************
 ************************************************************************************************************************
 

            TH 1      TH 2      TH 3      TH 4      TH 5      TH 6      TH 7      OM11      OM12      OM22      SG11  
 
 TH 1
+        7.93E+00
 
 TH 2
+       -1.32E+00  2.21E-01
 
 TH 3
+        4.64E-12 -7.75E-13  2.72E-24
 
 TH 4
+        4.85E-10 -8.10E-11  2.84E-22  2.97E-20
 
 TH 5
+       -8.59E-02  1.43E-02 -5.02E-14 -5.25E-12  9.29E-04
 
 TH 6
+        4.17E-01 -6.96E-02  2.44E-13  2.55E-11 -4.51E-03  2.19E-02
 
 TH 7
+       -4.63E-02  7.72E-03 -2.71E-14 -2.83E-12  5.01E-04 -2.43E-03  2.70E-04
 
 OM11
+       -7.5E-228  1.2E-228 -4.4E-240 -4.6E-238  8.1E-230 -3.9E-229  4.4E-230  0.00E+00
 
 OM12
+       ......... ......... ......... ......... ......... ......... ......... ......... .........
 
 OM22
+        2.76E-01 -4.60E-02  1.61E-13  1.69E-11 -2.98E-03  1.45E-02 -1.61E-03 -3.2E-211 .........  9.57E-03
 
 SG11
+       -7.48E+01  1.25E+01 -4.38E-11 -4.57E-09  8.09E-01 -3.93E+00  4.36E-01  8.7E-209 ......... -2.60E+00  7.05E+02
 
1
 
 
 
 
 
 
 
 
 
 
 
 
 
 
 
 
 
 
 
 
 ************************************************************************************************************************
 ********************                                                                                ********************
 ********************               FIRST ORDER CONDITIONAL ESTIMATION WITH INTERACTION              ********************
 ********************                      EIGENVALUES OF COR MATRIX OF ESTIMATE                     ********************
 ********************                                                                                ********************
 ************************************************************************************************************************
 

             1         2         3         4         5         6         7         8         9        10
 
         6.43E-07  1.19E-06  6.32E-03  2.70E-02  2.82E-01  4.48E-01  1.00E+00  1.19E+00  1.56E+00  5.49E+00
 
1
 ************************************************************************************************************************
 ********************                                                                                ********************
 ********************               FIRST ORDER CONDITIONAL ESTIMATION WITH INTERACTION              ********************
 ********************                                     S MATRIX                                   ********************
 ********************                                                                                ********************
 ************************************************************************************************************************
 

            TH 1      TH 2      TH 3      TH 4      TH 5      TH 6      TH 7      OM11      OM12      OM22      SG11  
 
 TH 1
+        5.79E+01
 
 TH 2
+        5.69E+00  2.82E+01
 
 TH 3
+       -9.65E-13 -3.28E-13  7.25E-26
 
 TH 4
+        1.04E-11  4.25E-12 -1.12E-24  2.33E-23
 
 TH 5
+       -1.01E+00  2.77E-01  3.50E-14 -4.73E-13  4.63E-02
 
 TH 6
+        2.76E+00 -9.60E+00  6.30E-14 -2.94E-13 -1.04E-01  4.35E+00
 
 TH 7
+       -8.72E-01  2.26E-01  2.23E-14 -2.22E-13  2.67E-02 -1.47E-01  3.54E-02
 
 OM11
+        0.00E+00  0.00E+00  0.00E+00  0.00E+00  0.00E+00  0.00E+00  0.00E+00  0.00E+00
 
 OM12
+       ......... ......... ......... ......... ......... ......... ......... ......... .........
 
 OM22
+        1.84E+00 -1.51E+00 -5.53E-14  9.37E-13 -1.09E-01  4.71E-01  1.13E-02  0.00E+00 .........  6.54E-01
 
 SG11
+       -7.34E+01 -2.28E+01 -1.49E-12  6.68E-11 -8.32E-02  1.31E+01 -6.47E-01  0.00E+00 ......... -2.52E+00  9.38E+02
 
 Elapsed finaloutput time in seconds:     0.02
 #CPUT: Total CPU Time in Seconds,        4.391
Stop Time: 
25.06.2025 
03:04
OFV = -210.723048288761
success = False
covariance = True
correlation = True
Condition # = 8538224.488873208
Num Non fixed THETAs = 7
Num Non fixed OMEGAs = 2
Num Non fixed SIGMAs = 1
Original run directory = D:\Users\selzer\Repos\GH\pyDarwinXploR\Datasets\Generated\1CP\sim_data\n10\dt2h\50pct\run\temp\0\340
