23.07.2025 
13:58
$SIZES PD=-1000 LVR=-150 LTH=-200
$PROBLEM single pyDarwin individual, one among multitude
$INPUT ID TIME AMT DV
$DATA "D:\Users\selzer\Repos\GH\pyDarwinXploR\Datasets\Vera\darwin/dataset.csv" IGNORE=@
$SUBROUTINE ADVAN4 TRANS4
$PK
  CL = THETA(1) * EXP(ETA(1)) ; CL
  Ka = THETA(2) ; Ka
  ; V is not used ; V
  Q = THETA(3) ; Q
  V2 = THETA(4)
  SC = V2/1000 ; V2
  V3 = THETA(5) * EXP(ETA(2)) ; V3
  ; Q3 is not used ; Q3
  ; Q4 is not used ; Q4
  ; V4 is not used ; V4
$ERROR
  IPRED = F
  Y = F *(1+EPS(1))
$SIGMA
  ;proportional error
  0.1	; EPS(1)
$THETA
  (0, 25) ; CL 
  (0, 1) ; Ka 
  ; V is not used
  (0, 15) ; Q 
  (0, 200) ; V2 
  (0, 500) ; V3 
  ; Q3 is not used
  ; Q4 is not used
  ; V4 is not used
$OMEGA
  0.3  ; CL

  ; V is not used


  0.3  ; V3
  ; Q3 is not used
  ; Q4 is not used
  ; V4 is not used
$EST METHOD = COND INTER NOABORT MAX = 999999
$TABLE ID TIME AMT DV PRED IPRED WRES CWRES FILE=results.tab NOPRINT NOAPPEND ONEHEADER
$COV UNCOND PRINT=E


;; Phenotype: ([('ADVAN', 1), ('CL_OMEGA', 1), ('Ka_OMEGA', 0), ('Q_OMEGA', 0), ('V2_OMEGA', 0), ('V3_OMEGA', 1), ('RESERR', 0)])
;; Genotype: [1, 1, 0, 0, 0, 0, 1, 0, 0]
;; Num non-influential tokens: 2
  
NM-TRAN MESSAGES 
  
 WARNINGS AND ERRORS (IF ANY) FOR PROBLEM    1
             
 (WARNING  2) NM-TRAN INFERS THAT THE DATA ARE POPULATION.
  
License Registered to: Universitat des Saarlandes
Expiration Date:    14 NOV 2025
Current Date:       23 JUL 2025
Days until program expires : 111
1NONLINEAR MIXED EFFECTS MODEL PROGRAM (NONMEM) VERSION 7.4.3
 ORIGINALLY DEVELOPED BY STUART BEAL, LEWIS SHEINER, AND ALISON BOECKMANN
 CURRENT DEVELOPERS ARE ROBERT BAUER, ICON DEVELOPMENT SOLUTIONS,
 AND ALISON BOECKMANN. IMPLEMENTATION, EFFICIENCY, AND STANDARDIZATION
 PERFORMED BY NOUS INFOSYSTEMS.

 PROBLEM NO.:         1
 single pyDarwin individual, one among multitude
0DATA CHECKOUT RUN:              NO
 DATA SET LOCATED ON UNIT NO.:    2
 THIS UNIT TO BE REWOUND:        NO
 NO. OF DATA RECS IN DATA SET:      191
 NO. OF DATA ITEMS IN DATA SET:   6
 ID DATA ITEM IS DATA ITEM NO.:   1
 DEP VARIABLE IS DATA ITEM NO.:   4
 MDV DATA ITEM IS DATA ITEM NO.:  6
0INDICES PASSED TO SUBROUTINE PRED:
   5   2   3   0   0   0   0   0   0   0   0
0LABELS FOR DATA ITEMS:
 ID TIME AMT DV EVID MDV
0(NONBLANK) LABELS FOR PRED-DEFINED ITEMS:
 IPRED
0FORMAT FOR DATA:
 (4E6.0,2F2.0)

 TOT. NO. OF OBS RECS:      179
 TOT. NO. OF INDIVIDUALS:       12
0LENGTH OF THETA:   5
0DEFAULT THETA BOUNDARY TEST OMITTED:    NO
0OMEGA HAS SIMPLE DIAGONAL FORM WITH DIMENSION:   2
0DEFAULT OMEGA BOUNDARY TEST OMITTED:    NO
0SIGMA HAS SIMPLE DIAGONAL FORM WITH DIMENSION:   1
0DEFAULT SIGMA BOUNDARY TEST OMITTED:    NO
0INITIAL ESTIMATE OF THETA:
 LOWER BOUND    INITIAL EST    UPPER BOUND
  0.0000E+00     0.2500E+02     0.1000E+07
  0.0000E+00     0.1000E+01     0.1000E+07
  0.0000E+00     0.1500E+02     0.1000E+07
  0.0000E+00     0.2000E+03     0.1000E+07
  0.0000E+00     0.5000E+03     0.1000E+07
0INITIAL ESTIMATE OF OMEGA:
 0.3000E+00
 0.0000E+00   0.3000E+00
0INITIAL ESTIMATE OF SIGMA:
 0.1000E+00
0COVARIANCE STEP OMITTED:        NO
 EIGENVLS. PRINTED:             YES
 SPECIAL COMPUTATION:            NO
 COMPRESSED FORMAT:              NO
 GRADIENT METHOD USED:     NOSLOW
 SIGDIGITS ETAHAT (SIGLO):                  -1
 SIGDIGITS GRADIENTS (SIGL):                -1
 EXCLUDE COV FOR FOCE (NOFCOV):              NO
 TURN OFF Cholesky Transposition of R Matrix (CHOLROFF): NO
 KNUTHSUMOFF:                                -1
 RESUME COV ANALYSIS (RESUME):               NO
 SIR SAMPLE SIZE (SIRSAMPLE):              -1
 NON-LINEARLY TRANSFORM THETAS DURING COV (THBND): 1
 PRECONDTIONING CYCLES (PRECOND):        0
 PRECONDTIONING TYPES (PRECONDS):        TOS
 FORCED PRECONDTIONING CYCLES (PFCOND):0
 PRECONDTIONING TYPE (PRETYPE):        0
 FORCED POS. DEFINITE SETTING: (FPOSDEF):0
0TABLES STEP OMITTED:    NO
 NO. OF TABLES:           1
 SEED NUMBER (SEED):    11456
 RANMETHOD:             3U
 MC SAMPLES (ESAMPLE):    300
 WRES SQUARE ROOT TYPE (WRESCHOL): EIGENVALUE
0-- TABLE   1 --
0RECORDS ONLY:    ALL
04 COLUMNS APPENDED:    NO
 PRINTED:                NO
 HEADER:                YES
 FILE TO BE FORWARDED:   NO
 FORMAT:                S1PE11.4
 LFORMAT:
 RFORMAT:
 FIXED_EFFECT_ETAS:
0USER-CHOSEN ITEMS:
 ID TIME AMT DV PRED IPRED WRES CWRES
1DOUBLE PRECISION PREDPP VERSION 7.4.3

 TWO COMPARTMENT MODEL WITH FIRST-ORDER ABSORPTION (ADVAN4)
0MAXIMUM NO. OF BASIC PK PARAMETERS:   5
0BASIC PK PARAMETERS (AFTER TRANSLATION):
   BASIC PK PARAMETER NO.  1: ELIMINATION RATE (K)
   BASIC PK PARAMETER NO.  2: CENTRAL-TO-PERIPH. RATE (K23)
   BASIC PK PARAMETER NO.  3: PERIPH.-TO-CENTRAL RATE (K32)
   BASIC PK PARAMETER NO.  5: ABSORPTION RATE (KA)
 TRANSLATOR WILL CONVERT PARAMETERS
 CL, V2, Q, V3 TO K, K23, K32 (TRANS4)
0COMPARTMENT ATTRIBUTES
 COMPT. NO.   FUNCTION   INITIAL    ON/OFF      DOSE      DEFAULT    DEFAULT
                         STATUS     ALLOWED    ALLOWED    FOR DOSE   FOR OBS.
    1         DEPOT        OFF        YES        YES        YES        NO
    2         CENTRAL      ON         NO         YES        NO         YES
    3         PERIPH.      ON         NO         YES        NO         NO
    4         OUTPUT       OFF        YES        NO         NO         NO
1
 ADDITIONAL PK PARAMETERS - ASSIGNMENT OF ROWS IN GG
 COMPT. NO.                             INDICES
              SCALE      BIOAVAIL.   ZERO-ORDER  ZERO-ORDER  ABSORB
                         FRACTION    RATE        DURATION    LAG
    1            *           *           *           *           *
    2            6           *           *           *           *
    3            *           *           *           *           *
    4            *           -           -           -           -
             - PARAMETER IS NOT ALLOWED FOR THIS MODEL
             * PARAMETER IS NOT SUPPLIED BY PK SUBROUTINE;
               WILL DEFAULT TO ONE IF APPLICABLE
0DATA ITEM INDICES USED BY PRED ARE:
   EVENT ID DATA ITEM IS DATA ITEM NO.:      5
   TIME DATA ITEM IS DATA ITEM NO.:          2
   DOSE AMOUNT DATA ITEM IS DATA ITEM NO.:   3

0PK SUBROUTINE CALLED WITH EVERY EVENT RECORD.
 PK SUBROUTINE NOT CALLED AT NONEVENT (ADDITIONAL OR LAGGED) DOSE TIMES.
0ERROR SUBROUTINE CALLED WITH EVERY EVENT RECORD.
1


 #TBLN:      1
 #METH: First Order Conditional Estimation with Interaction

 ESTIMATION STEP OMITTED:                 NO
 ANALYSIS TYPE:                           POPULATION
 NUMBER OF SADDLE POINT RESET ITERATIONS:      0
 GRADIENT METHOD USED:               NOSLOW
 CONDITIONAL ESTIMATES USED:              YES
 CENTERED ETA:                            NO
 EPS-ETA INTERACTION:                     YES
 LAPLACIAN OBJ. FUNC.:                    NO
 NO. OF FUNCT. EVALS. ALLOWED:            999999
 NO. OF SIG. FIGURES REQUIRED:            3
 INTERMEDIATE PRINTOUT:                   YES
 ESTIMATE OUTPUT TO MSF:                  NO
 ABORT WITH PRED EXIT CODE 1:             NO
 IND. OBJ. FUNC. VALUES SORTED:           NO
 NUMERICAL DERIVATIVE
       FILE REQUEST (NUMDER):               NONE
 MAP (ETAHAT) ESTIMATION METHOD (OPTMAP):   0
 ETA HESSIAN EVALUATION METHOD (ETADER):    0
 INITIAL ETA FOR MAP ESTIMATION (MCETA):    0
 SIGDIGITS FOR MAP ESTIMATION (SIGLO):      100
 GRADIENT SIGDIGITS OF
       FIXED EFFECTS PARAMETERS (SIGL):     100
 NOPRIOR SETTING (NOPRIOR):                 OFF
 NOCOV SETTING (NOCOV):                     OFF
 DERCONT SETTING (DERCONT):                 OFF
 FINAL ETA RE-EVALUATION (FNLETA):          ON
 EXCLUDE NON-INFLUENTIAL (NON-INFL.) ETAS
       IN SHRINKAGE (ETASTYPE):             NO
 NON-INFL. ETA CORRECTION (NONINFETA):      OFF
 RAW OUTPUT FILE (FILE): NM_0_100.ext
 EXCLUDE TITLE (NOTITLE):                   NO
 EXCLUDE COLUMN LABELS (NOLABEL):           NO
 FORMAT FOR ADDITIONAL FILES (FORMAT):      S1PE12.5
 PARAMETER ORDER FOR OUTPUTS (ORDER):       TSOL
 WISHART PRIOR DF INTERPRETATION (WISHTYPE):0
 KNUTHSUMOFF:                               0
 INCLUDE LNTWOPI:                           NO
 INCLUDE CONSTANT TERM TO PRIOR (PRIORC):   NO
 INCLUDE CONSTANT TERM TO OMEGA (ETA) (OLNTWOPI):NO
 ADDITIONAL CONVERGENCE TEST (CTYPE=4)?:    NO
 EM OR BAYESIAN METHOD USED:                 NONE


 THE FOLLOWING LABELS ARE EQUIVALENT
 PRED=PREDI
 RES=RESI
 WRES=WRESI
 IWRS=IWRESI
 IPRD=IPREDI
 IRS=IRESI

 MONITORING OF SEARCH:


0ITERATION NO.:    0    OBJECTIVE VALUE:   2949.97498815727        NO. OF FUNC. EVALS.:   8
 CUMULATIVE NO. OF FUNC. EVALS.:        8
 NPARAMETR:  2.5000E+01  1.0000E+00  1.5000E+01  2.0000E+02  5.0000E+02  3.0000E-01  3.0000E-01  1.0000E-01
 PARAMETER:  1.0000E-01  1.0000E-01  1.0000E-01  1.0000E-01  1.0000E-01  1.0000E-01  1.0000E-01  1.0000E-01
 GRADIENT:  -2.6358E+00 -2.9644E+03 -3.4594E+01  3.2588E+03  6.1805E+00  1.2179E+01 -2.7777E+00 -2.6476E+03

0ITERATION NO.:   39    OBJECTIVE VALUE:   1739.28870506809        NO. OF FUNC. EVALS.: 460
 CUMULATIVE NO. OF FUNC. EVALS.:      468
 NPARAMETR:  3.0501E+01  6.7767E+00  2.4340E+01  2.5493E+02  4.8609E+02  3.0000E-05  5.3566E+00  1.7130E-01
 PARAMETER:  2.9890E-01  2.0135E+00  5.8407E-01  3.4265E-01  7.1787E-02 -4.5240E+00  1.5412E+00  3.6913E-01
 GRADIENT:   3.4032E-03 -8.1946E-05 -1.9754E-03 -5.1424E-03  2.7880E-04  0.0000E+00  1.1087E-04  1.4366E-03

 #TERM:
0MINIMIZATION SUCCESSFUL
 NO. OF FUNCTION EVALUATIONS USED:      468
 NO. OF SIG. DIGITS IN FINAL EST.:  3.6
0PARAMETER ESTIMATE IS NEAR ITS BOUNDARY

 ETABAR IS THE ARITHMETIC MEAN OF THE ETA-ESTIMATES,
 AND THE P-VALUE IS GIVEN FOR THE NULL HYPOTHESIS THAT THE TRUE MEAN IS 0.

 ETABAR:        -7.7051E-06 -2.7351E-02
 SE:             4.0512E-05  5.2686E-01
 N:                      12          12

 P VAL.:         8.4916E-01  9.5860E-01

 ETASHRINKSD(%)  9.7324E+01  1.7637E+01
 ETASHRINKVR(%)  9.9928E+01  3.2163E+01
 EBVSHRINKSD(%)  9.6914E+01  8.3946E+00
 EBVSHRINKVR(%)  9.9905E+01  1.6085E+01
 EPSSHRINKSD(%)  1.1419E+00
 EPSSHRINKVR(%)  2.2707E+00

  
 TOTAL DATA POINTS NORMALLY DISTRIBUTED (N):          179
 N*LOG(2PI) CONSTANT TO OBJECTIVE FUNCTION:    328.97999488727282     
 OBJECTIVE FUNCTION VALUE WITHOUT CONSTANT:    1739.2887050680886     
 OBJECTIVE FUNCTION VALUE WITH CONSTANT:       2068.2686999553616     
 REPORTED OBJECTIVE FUNCTION DOES NOT CONTAIN CONSTANT
  
 TOTAL EFFECTIVE ETAS (NIND*NETA):                            24
  
 #TERE:
 Elapsed estimation  time in seconds:     1.10
0S MATRIX ALGORITHMICALLY SINGULAR
0S MATRIX IS OUTPUT
0INVERSE COVARIANCE MATRIX SET TO RS*RMAT, WHERE S* IS A PSEUDO INVERSE OF S
 Elapsed covariance  time in seconds:     0.62
 Elapsed postprocess time in seconds:     0.01
1
 
 
 
 
 
 
 
 
 
 
 
 
 
 
 
 
 
 
 
 
 ************************************************************************************************************************
 ********************                                                                                ********************
 ********************               FIRST ORDER CONDITIONAL ESTIMATION WITH INTERACTION              ********************
 #OBJT:**************                       MINIMUM VALUE OF OBJECTIVE FUNCTION                      ********************
 ********************                                                                                ********************
 ************************************************************************************************************************
 





 #OBJV:********************************************     1739.289       **************************************************
1
 ************************************************************************************************************************
 ********************                                                                                ********************
 ********************               FIRST ORDER CONDITIONAL ESTIMATION WITH INTERACTION              ********************
 ********************                             FINAL PARAMETER ESTIMATE                           ********************
 ********************                                                                                ********************
 ************************************************************************************************************************
 


 THETA - VECTOR OF FIXED EFFECTS PARAMETERS   *********


         TH 1      TH 2      TH 3      TH 4      TH 5     
 
         3.05E+01  6.78E+00  2.43E+01  2.55E+02  4.86E+02
 


 OMEGA - COV MATRIX FOR RANDOM EFFECTS - ETAS  ********


         ETA1      ETA2     
 
 ETA1
+        3.00E-05
 
 ETA2
+        0.00E+00  5.36E+00
 


 SIGMA - COV MATRIX FOR RANDOM EFFECTS - EPSILONS  ****


         EPS1     
 
 EPS1
+        1.71E-01
 
1


 OMEGA - CORR MATRIX FOR RANDOM EFFECTS - ETAS  *******


         ETA1      ETA2     
 
 ETA1
+        5.48E-03
 
 ETA2
+        0.00E+00  2.31E+00
 


 SIGMA - CORR MATRIX FOR RANDOM EFFECTS - EPSILONS  ***


         EPS1     
 
 EPS1
+        4.14E-01
 
1
 ************************************************************************************************************************
 ********************                                                                                ********************
 ********************               FIRST ORDER CONDITIONAL ESTIMATION WITH INTERACTION              ********************
 ********************                            STANDARD ERROR OF ESTIMATE                          ********************
 ********************                                                                                ********************
 ************************************************************************************************************************
 


 THETA - VECTOR OF FIXED EFFECTS PARAMETERS   *********


         TH 1      TH 2      TH 3      TH 4      TH 5     
 
         2.64E+00  2.32E+00  2.10E+00  3.20E+01  3.34E+02
 


 OMEGA - COV MATRIX FOR RANDOM EFFECTS - ETAS  ********


         ETA1      ETA2     
 
 ETA1
+        0.00E+00
 
 ETA2
+       .........  5.52E+00
 


 SIGMA - COV MATRIX FOR RANDOM EFFECTS - EPSILONS  ****


         EPS1     
 
 EPS1
+        2.76E-02
 
1


 OMEGA - CORR MATRIX FOR RANDOM EFFECTS - ETAS  *******


         ETA1      ETA2     
 
 ETA1
+        0.00E+00
 
 ETA2
+       .........  1.19E+00
 


 SIGMA - CORR MATRIX FOR RANDOM EFFECTS - EPSILONS  ***


         EPS1     
 
 EPS1
+        3.34E-02
 
1
 ************************************************************************************************************************
 ********************                                                                                ********************
 ********************               FIRST ORDER CONDITIONAL ESTIMATION WITH INTERACTION              ********************
 ********************                          COVARIANCE MATRIX OF ESTIMATE                         ********************
 ********************                                                                                ********************
 ************************************************************************************************************************
 

            TH 1      TH 2      TH 3      TH 4      TH 5      OM11      OM12      OM22      SG11  
 
 TH 1
+        7.00E+00
 
 TH 2
+        6.20E-01  5.40E+00
 
 TH 3
+       -3.90E+00  6.92E-01  4.40E+00
 
 TH 4
+        5.98E+01 -6.65E+00 -1.09E+01  1.03E+03
 
 TH 5
+       -1.83E+02  3.14E+02  1.31E+02 -2.95E+03  1.12E+05
 
 OM11
+        0.00E+00  0.00E+00  0.00E+00  0.00E+00  0.00E+00  0.00E+00
 
 OM12
+       ......... ......... ......... ......... ......... ......... .........
 
 OM22
+       -7.59E-01  2.70E+00  3.60E+00  3.19E+01  4.88E+02  0.00E+00 .........  3.04E+01
 
 SG11
+        3.01E-02  1.98E-02 -8.86E-03  1.82E-01  1.21E+00  0.00E+00 ......... -4.78E-02  7.63E-04
 
1
 ************************************************************************************************************************
 ********************                                                                                ********************
 ********************               FIRST ORDER CONDITIONAL ESTIMATION WITH INTERACTION              ********************
 ********************                          CORRELATION MATRIX OF ESTIMATE                        ********************
 ********************                                                                                ********************
 ************************************************************************************************************************
 

            TH 1      TH 2      TH 3      TH 4      TH 5      OM11      OM12      OM22      SG11  
 
 TH 1
+        2.64E+00
 
 TH 2
+        1.01E-01  2.32E+00
 
 TH 3
+       -7.03E-01  1.42E-01  2.10E+00
 
 TH 4
+        7.06E-01 -8.93E-02 -1.62E-01  3.20E+01
 
 TH 5
+       -2.06E-01  4.04E-01  1.87E-01 -2.76E-01  3.34E+02
 
 OM11
+        0.00E+00  0.00E+00  0.00E+00  0.00E+00  0.00E+00  0.00E+00
 
 OM12
+       ......... ......... ......... ......... ......... ......... .........
 
 OM22
+       -5.21E-02  2.10E-01  3.11E-01  1.81E-01  2.65E-01  0.00E+00 .........  5.52E+00
 
 SG11
+        4.12E-01  3.08E-01 -1.53E-01  2.05E-01  1.31E-01  0.00E+00 ......... -3.14E-01  2.76E-02
 
1
 ************************************************************************************************************************
 ********************                                                                                ********************
 ********************               FIRST ORDER CONDITIONAL ESTIMATION WITH INTERACTION              ********************
 ********************                      INVERSE COVARIANCE MATRIX OF ESTIMATE                     ********************
 ********************                                                                                ********************
 ************************************************************************************************************************
 

            TH 1      TH 2      TH 3      TH 4      TH 5      OM11      OM12      OM22      SG11  
 
 TH 1
+        1.19E-02
 
 TH 2
+       -8.91E-03  6.66E-03
 
 TH 3
+        5.76E-03 -4.31E-03  2.78E-03
 
 TH 4
+        1.98E-03 -1.48E-03  9.58E-04  3.30E-04
 
 TH 5
+        2.22E-05 -1.66E-05  1.07E-05  3.69E-06  4.14E-08
 
 OM11
+        0.00E+00  0.00E+00  0.00E+00  0.00E+00  0.00E+00  0.00E+00
 
 OM12
+       ......... ......... ......... ......... ......... ......... .........
 
 OM22
+       -3.06E-03  2.28E-03 -1.48E-03 -5.08E-04 -5.70E-06  0.00E+00 .........  7.84E-04
 
 SG11
+       -3.51E+00  2.62E+00 -1.70E+00 -5.84E-01 -6.54E-03  0.00E+00 .........  9.00E-01  1.03E+03
 
1
 
 
 
 
 
 
 
 
 
 
 
 
 
 
 
 
 
 
 
 
 ************************************************************************************************************************
 ********************                                                                                ********************
 ********************               FIRST ORDER CONDITIONAL ESTIMATION WITH INTERACTION              ********************
 ********************                      EIGENVALUES OF COR MATRIX OF ESTIMATE                     ********************
 ********************                                                                                ********************
 ************************************************************************************************************************
 

             1         2         3         4         5         6         7         8
 
         3.80E-02  2.77E-01  5.44E-01  7.98E-01  1.00E+00  1.31E+00  1.65E+00  2.39E+00
 
1
 ************************************************************************************************************************
 ********************                                                                                ********************
 ********************               FIRST ORDER CONDITIONAL ESTIMATION WITH INTERACTION              ********************
 ********************                                     S MATRIX                                   ********************
 ********************                                                                                ********************
 ************************************************************************************************************************
 

            TH 1      TH 2      TH 3      TH 4      TH 5      OM11      OM12      OM22      SG11  
 
 TH 1
+        3.63E-01
 
 TH 2
+        1.55E-01  3.84E+00
 
 TH 3
+        3.74E-02  5.59E-02  4.49E-02
 
 TH 4
+        1.83E-02 -4.82E-01  1.21E-02  8.08E-02
 
 TH 5
+        5.11E-04  2.06E-03 -1.11E-04 -2.02E-04  8.19E-06
 
 OM11
+        0.00E+00  0.00E+00  0.00E+00  0.00E+00  0.00E+00  0.00E+00
 
 OM12
+       ......... ......... ......... ......... ......... ......... .........
 
 OM22
+       -7.35E-02  1.38E-01 -7.74E-03 -1.44E-02  2.72E-04  0.00E+00 .........  1.57E-01
 
 SG11
+       -3.25E+00  1.26E+02 -3.04E+00 -1.88E+01  5.10E-02  0.00E+00 ......... -3.27E-01  7.48E+03
 
 Elapsed finaloutput time in seconds:     0.03
 #CPUT: Total CPU Time in Seconds,        1.781
Stop Time: 
23.07.2025 
13:58
OFV = 1739.2887050680886
success = True
covariance = True
correlation = True
Condition # = 62.70378289616955
Num Non fixed THETAs = 5
Num Non fixed OMEGAs = 2
Num Non fixed SIGMAs = 1
Original run directory = D:\Users\selzer\Repos\GH\pyDarwinXploR\Datasets\Vera\darwin\temp\0\100
