23.06.2025 
15:42
$SIZES PD=-1000 LVR=-150 LTH=-200
$PROBLEM single pyDarwin individual, one among multitude
$INPUT ID TIME DV AMT EVID MDV CMT WT DROP
$DATA "../../../dataset.csv" IGNORE=@
$SUBROUTINE ADVAN12 TRANS4
$PK
  CL = THETA(1) *(WT/70)**(THETA(2)) * EXP(ETA(1)) ; CL
  Ka = THETA(3) ; Ka
  ; V is not used ; V
  ; Q is not used ; Q
  V2 = THETA(4) *(WT/70)**(THETA(5)) * EXP(ETA(2))
  SC = V2 ; V2
  V3 = THETA(6)  ; V3
  Q3 = THETA(7) ; Q3
  Q4 = THETA(8) ; Q4
  V4 = THETA(9) ; V4
$ERROR
  IPRED = F
  Y = F *(1+EPS(1))
$SIGMA
  ;proportional error
  0.015	; EPS(1)
$THETA
  (0, 2) ; CL 
  (0.5); CL~WT
  (0, 1) ; Ka
  ; V is not used
  ; Q is not used
  (0, 5) ; V2 
  (0.5); V2~WT
  (0, 1) ; V3
  (0, 25) ; Q3
  (0, 1) ; Q4
  (0, 10) ; V4
$OMEGA
  0.1  ; CL
  ; Ka is not used
  ; V is not used
  ; Q is not used
  0.1  ; V2

  ; Q3 is not used
  ; Q4 is not used
  ; V4 is not used
$EST METHOD = COND INTER NOABORT MAX = 999999
$COV UNCOND PRINT=E


;; Phenotype: ([('ADVAN', 2), ('CL~WT', 1), ('CL_OMEGA', 1), ('V2~WT', 1), ('V2_OMEGA', 1), ('V3_OMEGA', 0), ('RESERR', 0)])
;; Genotype: [2, 1, 1, 0, 0, 1, 1, 0, 0]
;; Num non-influential tokens: 2
  
NM-TRAN MESSAGES 
  
 WARNINGS AND ERRORS (IF ANY) FOR PROBLEM    1
             
 (WARNING  2) NM-TRAN INFERS THAT THE DATA ARE POPULATION.

 (DATA WARNING   5) RECORD         7, DATA ITEM   3, CONTENTS: 1.31296338172907
 THE DV DATA ITEM IS POSITIVE, BUT THE MDV DATA ITEM IS 1

 (DATA WARNING   5) RECORD         9, DATA ITEM   3, CONTENTS: 1.18801977343888
 THE DV DATA ITEM IS POSITIVE, BUT THE MDV DATA ITEM IS 1

 (DATA WARNING   5) RECORD        20, DATA ITEM   3, CONTENTS: 0.35078544710746
 THE DV DATA ITEM IS POSITIVE, BUT THE MDV DATA ITEM IS 1

 (DATA WARNING   5) RECORD        23, DATA ITEM   3, CONTENTS: 0.578207755584716
 THE DV DATA ITEM IS POSITIVE, BUT THE MDV DATA ITEM IS 1

 (DATA WARNING   5) RECORD        36, DATA ITEM   3, CONTENTS: 0.253037376101637
 THE DV DATA ITEM IS POSITIVE, BUT THE MDV DATA ITEM IS 1

 (DATA WARNING   5) RECORD        40, DATA ITEM   3, CONTENTS: 1.51901251567941
 THE DV DATA ITEM IS POSITIVE, BUT THE MDV DATA ITEM IS 1

 (DATA WARNING   5) RECORD        48, DATA ITEM   3, CONTENTS: 0.236866152987861
 THE DV DATA ITEM IS POSITIVE, BUT THE MDV DATA ITEM IS 1

 (DATA WARNING   5) RECORD        49, DATA ITEM   3, CONTENTS: 0.0374968196880104
 THE DV DATA ITEM IS POSITIVE, BUT THE MDV DATA ITEM IS 1

 (DATA WARNING   5) RECORD        53, DATA ITEM   3, CONTENTS: 0.216962267108867
 THE DV DATA ITEM IS POSITIVE, BUT THE MDV DATA ITEM IS 1

 (DATA WARNING   5) RECORD        55, DATA ITEM   3, CONTENTS: 0.164543735080622
 THE DV DATA ITEM IS POSITIVE, BUT THE MDV DATA ITEM IS 1

 (DATA WARNING   5) RECORD        56, DATA ITEM   3, CONTENTS: 0.179385292288255
 THE DV DATA ITEM IS POSITIVE, BUT THE MDV DATA ITEM IS 1

 (DATA WARNING   5) RECORD        59, DATA ITEM   3, CONTENTS: 0.0919527318390021
 THE DV DATA ITEM IS POSITIVE, BUT THE MDV DATA ITEM IS 1

 (DATA WARNING   5) RECORD        60, DATA ITEM   3, CONTENTS: 0.0868429005509061
 THE DV DATA ITEM IS POSITIVE, BUT THE MDV DATA ITEM IS 1

 (DATA WARNING   5) RECORD        65, DATA ITEM   3, CONTENTS: 0.0560124573900807
 THE DV DATA ITEM IS POSITIVE, BUT THE MDV DATA ITEM IS 1

 (DATA WARNING   5) RECORD        70, DATA ITEM   3, CONTENTS: 0.0321758955915845
 THE DV DATA ITEM IS POSITIVE, BUT THE MDV DATA ITEM IS 1

 (DATA WARNING   5) RECORD        71, DATA ITEM   3, CONTENTS: 0.0117016277588702
 THE DV DATA ITEM IS POSITIVE, BUT THE MDV DATA ITEM IS 1

 (DATA WARNING   5) RECORD        77, DATA ITEM   3, CONTENTS: 0.883854470945331
 THE DV DATA ITEM IS POSITIVE, BUT THE MDV DATA ITEM IS 1

 (DATA WARNING   5) RECORD        85, DATA ITEM   3, CONTENTS: 0.751498607787851
 THE DV DATA ITEM IS POSITIVE, BUT THE MDV DATA ITEM IS 1

 (DATA WARNING   5) RECORD        88, DATA ITEM   3, CONTENTS: 0.735778367207673
 THE DV DATA ITEM IS POSITIVE, BUT THE MDV DATA ITEM IS 1

 (DATA WARNING   5) RECORD        99, DATA ITEM   3, CONTENTS: 0.195575303902696
 THE DV DATA ITEM IS POSITIVE, BUT THE MDV DATA ITEM IS 1*

 * THE MAXIMUM NUMBER OF WARNINGS OF ONE OR MORE TYPES WAS REACHED.
 IT IS POSSIBLE THAT SOME WARNING MESSAGES WERE SUPPRESSED.
  
License Registered to: Universitat des Saarlandes
Expiration Date:    14 NOV 2025
Current Date:       23 JUN 2025
Days until program expires : 141
1NONLINEAR MIXED EFFECTS MODEL PROGRAM (NONMEM) VERSION 7.4.3
 ORIGINALLY DEVELOPED BY STUART BEAL, LEWIS SHEINER, AND ALISON BOECKMANN
 CURRENT DEVELOPERS ARE ROBERT BAUER, ICON DEVELOPMENT SOLUTIONS,
 AND ALISON BOECKMANN. IMPLEMENTATION, EFFICIENCY, AND STANDARDIZATION
 PERFORMED BY NOUS INFOSYSTEMS.

 PROBLEM NO.:         1
 single pyDarwin individual, one among multitude
0DATA CHECKOUT RUN:              NO
 DATA SET LOCATED ON UNIT NO.:    2
 THIS UNIT TO BE REWOUND:        NO
 NO. OF DATA RECS IN DATA SET:      370
 NO. OF DATA ITEMS IN DATA SET:   8
 ID DATA ITEM IS DATA ITEM NO.:   1
 DEP VARIABLE IS DATA ITEM NO.:   3
 MDV DATA ITEM IS DATA ITEM NO.:  6
0INDICES PASSED TO SUBROUTINE PRED:
   5   2   4   0   0   0   7   0   0   0   0
0LABELS FOR DATA ITEMS:
 ID TIME DV AMT EVID MDV CMT WT
0FORMAT FOR DATA:
 (2E3.0,E20.0,E4.0,3E2.0,E17.0)

 TOT. NO. OF OBS RECS:      288
 TOT. NO. OF INDIVIDUALS:       10
0LENGTH OF THETA:   9
0DEFAULT THETA BOUNDARY TEST OMITTED:    NO
0OMEGA HAS SIMPLE DIAGONAL FORM WITH DIMENSION:   2
0DEFAULT OMEGA BOUNDARY TEST OMITTED:    NO
0SIGMA HAS SIMPLE DIAGONAL FORM WITH DIMENSION:   1
0DEFAULT SIGMA BOUNDARY TEST OMITTED:    NO
0INITIAL ESTIMATE OF THETA:
 LOWER BOUND    INITIAL EST    UPPER BOUND
  0.0000E+00     0.2000E+01     0.1000E+07
 -0.1000E+07     0.5000E+00     0.1000E+07
  0.0000E+00     0.1000E+01     0.1000E+07
  0.0000E+00     0.5000E+01     0.1000E+07
 -0.1000E+07     0.5000E+00     0.1000E+07
  0.0000E+00     0.1000E+01     0.1000E+07
  0.0000E+00     0.2500E+02     0.1000E+07
  0.0000E+00     0.1000E+01     0.1000E+07
  0.0000E+00     0.1000E+02     0.1000E+07
0INITIAL ESTIMATE OF OMEGA:
 0.1000E+00
 0.0000E+00   0.1000E+00
0INITIAL ESTIMATE OF SIGMA:
 0.1500E-01
0COVARIANCE STEP OMITTED:        NO
 EIGENVLS. PRINTED:             YES
 SPECIAL COMPUTATION:            NO
 COMPRESSED FORMAT:              NO
 GRADIENT METHOD USED:     NOSLOW
 SIGDIGITS ETAHAT (SIGLO):                  -1
 SIGDIGITS GRADIENTS (SIGL):                -1
 EXCLUDE COV FOR FOCE (NOFCOV):              NO
 TURN OFF Cholesky Transposition of R Matrix (CHOLROFF): NO
 KNUTHSUMOFF:                                -1
 RESUME COV ANALYSIS (RESUME):               NO
 SIR SAMPLE SIZE (SIRSAMPLE):              -1
 NON-LINEARLY TRANSFORM THETAS DURING COV (THBND): 1
 PRECONDTIONING CYCLES (PRECOND):        0
 PRECONDTIONING TYPES (PRECONDS):        TOS
 FORCED PRECONDTIONING CYCLES (PFCOND):0
 PRECONDTIONING TYPE (PRETYPE):        0
 FORCED POS. DEFINITE SETTING: (FPOSDEF):0
0WARNING: THE NUMBER OF PARAMETERS TO BE ESTIMATED
 EXCEEDS THE NUMBER OF INDIVIDUALS WITH DATA.
1DOUBLE PRECISION PREDPP VERSION 7.4.3

 THREE COMPARTMENT MODEL WITH FIRST-ORDER ABSORPTION (ADVAN12)
0MAXIMUM NO. OF BASIC PK PARAMETERS:   7
0BASIC PK PARAMETERS (AFTER TRANSLATION):
   BASIC PK PARAMETER NO.  1: ELIMINATION RATE (K)
   BASIC PK PARAMETER NO.  2: CENTRAL-TO-PERIPH1 RATE (K23)
   BASIC PK PARAMETER NO.  3: PERIPH1-TO-CENTRAL RATE (K32)
   BASIC PK PARAMETER NO.  4: CENTRAL-TO-PERIPH2 RATE (K24)
   BASIC PK PARAMETER NO.  5: PERIPH2-TO-CENTRAL RATE (K42)
   BASIC PK PARAMETER NO.  7: ABSORPTION RATE (KA)
 TRANSLATOR WILL CONVERT PARAMETERS
 CL, V2, Q3, V3, Q4, V4 TO K, K23, K32, K24, K42 (TRANS4)
0COMPARTMENT ATTRIBUTES
 COMPT. NO.   FUNCTION   INITIAL    ON/OFF      DOSE      DEFAULT    DEFAULT
                         STATUS     ALLOWED    ALLOWED    FOR DOSE   FOR OBS.
    1         DEPOT        OFF        YES        YES        YES        NO
    2         CENTRAL      ON         NO         YES        NO         YES
    3         PERIPH1      ON         NO         YES        NO         NO
    4         PERIPH2      ON         NO         YES        NO         NO
    5         OUTPUT       OFF        YES        NO         NO         NO
1
 ADDITIONAL PK PARAMETERS - ASSIGNMENT OF ROWS IN GG
 COMPT. NO.                             INDICES
              SCALE      BIOAVAIL.   ZERO-ORDER  ZERO-ORDER  ABSORB
                         FRACTION    RATE        DURATION    LAG
    1            *           *           *           *           *
    2            8           *           *           *           *
    3            *           *           *           *           *
    4            *           *           *           *           *
    5            *           -           -           -           -
             - PARAMETER IS NOT ALLOWED FOR THIS MODEL
             * PARAMETER IS NOT SUPPLIED BY PK SUBROUTINE;
               WILL DEFAULT TO ONE IF APPLICABLE
0DATA ITEM INDICES USED BY PRED ARE:
   EVENT ID DATA ITEM IS DATA ITEM NO.:      5
   TIME DATA ITEM IS DATA ITEM NO.:          2
   DOSE AMOUNT DATA ITEM IS DATA ITEM NO.:   4
   COMPT. NO. DATA ITEM IS DATA ITEM NO.:    7

0PK SUBROUTINE CALLED WITH EVERY EVENT RECORD.
 PK SUBROUTINE NOT CALLED AT NONEVENT (ADDITIONAL OR LAGGED) DOSE TIMES.
0ERROR SUBROUTINE CALLED WITH EVERY EVENT RECORD.
1


 #TBLN:      1
 #METH: First Order Conditional Estimation with Interaction

 ESTIMATION STEP OMITTED:                 NO
 ANALYSIS TYPE:                           POPULATION
 NUMBER OF SADDLE POINT RESET ITERATIONS:      0
 GRADIENT METHOD USED:               NOSLOW
 CONDITIONAL ESTIMATES USED:              YES
 CENTERED ETA:                            NO
 EPS-ETA INTERACTION:                     YES
 LAPLACIAN OBJ. FUNC.:                    NO
 NO. OF FUNCT. EVALS. ALLOWED:            999999
 NO. OF SIG. FIGURES REQUIRED:            3
 INTERMEDIATE PRINTOUT:                   YES
 ESTIMATE OUTPUT TO MSF:                  NO
 ABORT WITH PRED EXIT CODE 1:             NO
 IND. OBJ. FUNC. VALUES SORTED:           NO
 NUMERICAL DERIVATIVE
       FILE REQUEST (NUMDER):               NONE
 MAP (ETAHAT) ESTIMATION METHOD (OPTMAP):   0
 ETA HESSIAN EVALUATION METHOD (ETADER):    0
 INITIAL ETA FOR MAP ESTIMATION (MCETA):    0
 SIGDIGITS FOR MAP ESTIMATION (SIGLO):      100
 GRADIENT SIGDIGITS OF
       FIXED EFFECTS PARAMETERS (SIGL):     100
 NOPRIOR SETTING (NOPRIOR):                 OFF
 NOCOV SETTING (NOCOV):                     OFF
 DERCONT SETTING (DERCONT):                 OFF
 FINAL ETA RE-EVALUATION (FNLETA):          ON
 EXCLUDE NON-INFLUENTIAL (NON-INFL.) ETAS
       IN SHRINKAGE (ETASTYPE):             NO
 NON-INFL. ETA CORRECTION (NONINFETA):      OFF
 RAW OUTPUT FILE (FILE): NM_0_156.ext
 EXCLUDE TITLE (NOTITLE):                   NO
 EXCLUDE COLUMN LABELS (NOLABEL):           NO
 FORMAT FOR ADDITIONAL FILES (FORMAT):      S1PE12.5
 PARAMETER ORDER FOR OUTPUTS (ORDER):       TSOL
 WISHART PRIOR DF INTERPRETATION (WISHTYPE):0
 KNUTHSUMOFF:                               0
 INCLUDE LNTWOPI:                           NO
 INCLUDE CONSTANT TERM TO PRIOR (PRIORC):   NO
 INCLUDE CONSTANT TERM TO OMEGA (ETA) (OLNTWOPI):NO
 ADDITIONAL CONVERGENCE TEST (CTYPE=4)?:    NO
 EM OR BAYESIAN METHOD USED:                 NONE


 THE FOLLOWING LABELS ARE EQUIVALENT
 PRED=PREDI
 RES=RESI
 WRES=WRESI
 IWRS=IWRESI
 IPRD=IPREDI
 IRS=IRESI

 MONITORING OF SEARCH:


0ITERATION NO.:    0    OBJECTIVE VALUE:   2231.39213029990        NO. OF FUNC. EVALS.:  12
 CUMULATIVE NO. OF FUNC. EVALS.:       12
 NPARAMETR:  2.0000E+00  5.0000E-01  1.0000E+00  5.0000E+00  5.0000E-01  1.0000E+00  2.5000E+01  1.0000E+00  1.0000E+01  1.0000E-01
             1.0000E-01  1.5000E-02
 PARAMETER:  1.0000E-01  1.0000E-01  1.0000E-01  1.0000E-01  1.0000E-01  1.0000E-01  1.0000E-01  1.0000E-01  1.0000E-01  1.0000E-01
             1.0000E-01  1.0000E-01
 GRADIENT:  -3.2935E+01  1.6092E+01 -1.5736E+02 -2.5018E+00  5.5393E+00  5.1435E+01  7.1870E-01 -3.0666E+02 -8.8050E+01 -1.3860E+01
            -3.3354E+02 -6.6193E+03

0ITERATION NO.:   15    OBJECTIVE VALUE:  -575.487786041767        NO. OF FUNC. EVALS.: 275
 CUMULATIVE NO. OF FUNC. EVALS.:      287
 NPARAMETR:  4.3900E+00  1.0118E+00  5.6529E+02  1.0194E+00  5.9189E+00  3.0552E-01  1.3360E+01  4.3689E+01  5.7012E+01  1.9236E-02
             4.1750E+04  6.5866E-01
 PARAMETER:  8.8613E-01  2.0236E-01  6.4374E+00 -1.4905E+00  1.1836E+00 -1.0858E+00 -5.2654E-01  3.8772E+00  1.8407E+00 -7.2491E-01
             6.5710E+00  1.9911E+00
 GRADIENT:  -7.6729E+03  6.4979E+03  4.1133E+01 -1.0072E+04 -7.0786E+03 -3.9157E+03  2.9292E+04  1.0299E+03  1.9217E+03 -4.2521E+01
             0.0000E+00  7.5004E+02

 #TERM:
0MINIMIZATION TERMINATED
 DUE TO PROXIMITY OF LAST ITERATION EST. TO A VALUE
 AT WHICH THE OBJ. FUNC. IS INFINITE (ERROR=136)
0AT THE LAST COMPUTED INFINITE VALUE OF THE OBJ. FUNCT.:
0PRED EXIT CODE = 1
0INDIVIDUAL NO.      10   ID= 1.00000000000000E+01   (WITHIN-INDIVIDUAL) DATA REC NO.   2
 THETA=
  4.39E+00   1.01E+00   5.65E+02   1.02E+00   5.92E+00   3.06E-01   1.34E+01   4.37E+01   5.70E+01
 ETA=
  1.10E-01  -2.09E+01
 THE CHARACTERISTIC EQUATION CANNOT BE SOLVED

 NO. OF FUNCTION EVALUATIONS USED:      287
 NO. OF SIG. DIGITS UNREPORTABLE

 ETABAR IS THE ARITHMETIC MEAN OF THE ETA-ESTIMATES,
 AND THE P-VALUE IS GIVEN FOR THE NULL HYPOTHESIS THAT THE TRUE MEAN IS 0.

 ETABAR:         1.1251E-01 -6.1151E+00
 SE:             4.2788E-02  1.3191E+00
 N:                      10          10

 P VAL.:         8.5527E-03  3.5597E-06

 ETASHRINKSD(%)  1.0000E-10  9.7848E+01
 ETASHRINKVR(%)  1.0000E-10  9.9954E+01
 EBVSHRINKSD(%)  1.6997E+01  4.8742E+01
 EBVSHRINKVR(%)  3.1105E+01  7.3726E+01
 EPSSHRINKSD(%)  2.8080E+01
 EPSSHRINKVR(%)  4.8276E+01

  
 TOTAL DATA POINTS NORMALLY DISTRIBUTED (N):          288
 N*LOG(2PI) CONSTANT TO OBJECTIVE FUNCTION:    529.30859512589143     
 OBJECTIVE FUNCTION VALUE WITHOUT CONSTANT:   -575.48778604176687     
 OBJECTIVE FUNCTION VALUE WITH CONSTANT:      -46.179190915875438     
 REPORTED OBJECTIVE FUNCTION DOES NOT CONTAIN CONSTANT
  
 TOTAL EFFECTIVE ETAS (NIND*NETA):                            20
  
 #TERE:
 Elapsed estimation  time in seconds:     9.12
0PRED EXIT CODE = 1
0INDIVIDUAL NO.       2   ID= 2.00000000000000E+00   (WITHIN-INDIVIDUAL) DATA REC NO.   2
 THETA=
  4.39E+00   1.01E+00   5.65E+02   1.02E+00   5.92E+00   3.06E-01   1.34E+01   4.37E+01   5.70E+01
 ETA=
  8.69E-02  -2.33E+01
 OCCURS DURING SEARCH FOR ETA AT A NONZERO VALUE OF ETA
 THE CHARACTERISTIC EQUATION CANNOT BE SOLVED
0PROGRAM TERMINATED BY OBJ
 Elapsed covariance  time in seconds:     2.18
 MESSAGE ISSUED FROM COVARIANCE STEP
1
 
 
 
 
 
 
 
 
 
 
 
 
 
 
 
 
 
 
 
 
 ************************************************************************************************************************
 ********************                                                                                ********************
 ********************               FIRST ORDER CONDITIONAL ESTIMATION WITH INTERACTION              ********************
 #OBJT:**************                       MINIMUM VALUE OF OBJECTIVE FUNCTION                      ********************
 ********************                                                                                ********************
 ************************************************************************************************************************
 





 #OBJV:********************************************     -575.488       **************************************************
1
 ************************************************************************************************************************
 ********************                                                                                ********************
 ********************               FIRST ORDER CONDITIONAL ESTIMATION WITH INTERACTION              ********************
 ********************                             FINAL PARAMETER ESTIMATE                           ********************
 ********************                                                                                ********************
 ************************************************************************************************************************
 


 THETA - VECTOR OF FIXED EFFECTS PARAMETERS   *********


         TH 1      TH 2      TH 3      TH 4      TH 5      TH 6      TH 7      TH 8      TH 9     
 
         4.39E+00  1.01E+00  5.65E+02  1.02E+00  5.92E+00  3.06E-01  1.34E+01  4.37E+01  5.70E+01
 


 OMEGA - COV MATRIX FOR RANDOM EFFECTS - ETAS  ********


         ETA1      ETA2     
 
 ETA1
+        1.92E-02
 
 ETA2
+        0.00E+00  4.18E+04
 


 SIGMA - COV MATRIX FOR RANDOM EFFECTS - EPSILONS  ****


         EPS1     
 
 EPS1
+        6.59E-01
 
1


 OMEGA - CORR MATRIX FOR RANDOM EFFECTS - ETAS  *******


         ETA1      ETA2     
 
 ETA1
+        1.39E-01
 
 ETA2
+        0.00E+00  2.04E+02
 


 SIGMA - CORR MATRIX FOR RANDOM EFFECTS - EPSILONS  ***


         EPS1     
 
 EPS1
+        8.12E-01
 
1THERE ARE ERROR MESSAGES IN FILE PRDERR                                                                  
 #CPUT: Total CPU Time in Seconds,       11.406
Stop Time: 
23.06.2025 
15:42
OFV = -575.4877860417669
success = False
covariance = False
correlation = False
Condition # = 99999999
Num Non fixed THETAs = 9
Num Non fixed OMEGAs = 2
Num Non fixed SIGMAs = 1
Original run directory = D:\Users\selzer\Repos\GH\pyDarwinXploR\Datasets\Generated\1CP\sim_data\n10\dt1h\20pct\run\temp\0\156
