29.06.2025 
18:58
$SIZES PD=-1000 LVR=-150 LTH=-200
$PROBLEM single pyDarwin individual, one among multitude
$INPUT ID TIME DV AMT EVID MDV CMT WT DROP
$DATA "../../../dataset.csv" IGNORE=@
$SUBROUTINE ADVAN2 TRANS2
$PK
  CL = THETA(1) *(WT/70)**(THETA(2)) ; CL
  Ka = THETA(3) ; Ka
  V = THETA(4)  * EXP(ETA(1))
  SC = V ; V
  ; Q is not used ; Q
  ; V2 is not used ; V2
  ; V3 is not used ; V3
  ; Q3 is not used ; Q3
  ; Q4 is not used ; Q4
  ; V4 is not used ; V4
$ERROR
  IPRED = F
  Y = F *(1+EPS(1))
$SIGMA
  ;proportional error
  0.015	; EPS(1)
$THETA
  (0, 2) ; CL 
  (0.5); CL~WT
  (0, 1) ; Ka
  (0, 25) ; V 

  ; Q is not used
  ; V2 is not used
  ; V3 is not used
  ; Q3 is not used
  ; Q4 is not used
  ; V4 is not used
$OMEGA

  ; Ka is not used
  0.1  ; V
  ; Q is not used
  ; V2 is not used
  ; V3 is not used
  ; Q3 is not used
  ; Q4 is not used
  ; V4 is not used
$EST METHOD = COND INTER NOABORT MAX = 999999
$COV UNCOND PRINT=E


;; Phenotype: ([('ADVAN', 0), ('CL~WT', 1), ('CL_OMEGA', 0), ('V~WT', 0), ('V_OMEGA', 1), ('RESERR', 0)])
;; Genotype: [0, 1, 0, 0, 1, 0, 0, 0, 0]
;; Num non-influential tokens: 3
  
NM-TRAN MESSAGES 
  
 WARNINGS AND ERRORS (IF ANY) FOR PROBLEM    1
             
 (WARNING  2) NM-TRAN INFERS THAT THE DATA ARE POPULATION.

 (DATA WARNING   5) RECORD         3, DATA ITEM   3, CONTENTS: 1.74158967474001
 THE DV DATA ITEM IS POSITIVE, BUT THE MDV DATA ITEM IS 1

 (DATA WARNING   5) RECORD         5, DATA ITEM   3, CONTENTS: 1.76009341976312
 THE DV DATA ITEM IS POSITIVE, BUT THE MDV DATA ITEM IS 1

 (DATA WARNING   5) RECORD         6, DATA ITEM   3, CONTENTS: 1.49664305689329
 THE DV DATA ITEM IS POSITIVE, BUT THE MDV DATA ITEM IS 1

 (DATA WARNING   5) RECORD         8, DATA ITEM   3, CONTENTS: 1.49423074724907
 THE DV DATA ITEM IS POSITIVE, BUT THE MDV DATA ITEM IS 1

 (DATA WARNING   5) RECORD        12, DATA ITEM   3, CONTENTS: 0.606772266677486
 THE DV DATA ITEM IS POSITIVE, BUT THE MDV DATA ITEM IS 1

 (DATA WARNING   5) RECORD        13, DATA ITEM   3, CONTENTS: 0.845053310283177
 THE DV DATA ITEM IS POSITIVE, BUT THE MDV DATA ITEM IS 1

 (DATA WARNING   5) RECORD        15, DATA ITEM   3, CONTENTS: 0.582875743042722
 THE DV DATA ITEM IS POSITIVE, BUT THE MDV DATA ITEM IS 1

 (DATA WARNING   5) RECORD        16, DATA ITEM   3, CONTENTS: 0.272583078219445
 THE DV DATA ITEM IS POSITIVE, BUT THE MDV DATA ITEM IS 1

 (DATA WARNING   5) RECORD        17, DATA ITEM   3, CONTENTS: 0.321318912016698
 THE DV DATA ITEM IS POSITIVE, BUT THE MDV DATA ITEM IS 1

 (DATA WARNING   5) RECORD        18, DATA ITEM   3, CONTENTS: 0.525204033378801
 THE DV DATA ITEM IS POSITIVE, BUT THE MDV DATA ITEM IS 1

 (DATA WARNING   5) RECORD        21, DATA ITEM   3, CONTENTS: 0.258694103533099
 THE DV DATA ITEM IS POSITIVE, BUT THE MDV DATA ITEM IS 1

 (DATA WARNING   5) RECORD        22, DATA ITEM   3, CONTENTS: 0.0428889871165919
 THE DV DATA ITEM IS POSITIVE, BUT THE MDV DATA ITEM IS 1

 (DATA WARNING   5) RECORD        23, DATA ITEM   3, CONTENTS: 0.0682767775972841
 THE DV DATA ITEM IS POSITIVE, BUT THE MDV DATA ITEM IS 1

 (DATA WARNING   5) RECORD        24, DATA ITEM   3, CONTENTS: 0.274255215629307
 THE DV DATA ITEM IS POSITIVE, BUT THE MDV DATA ITEM IS 1

 (DATA WARNING   5) RECORD        27, DATA ITEM   3, CONTENTS: 0.00139598758142044
 THE DV DATA ITEM IS POSITIVE, BUT THE MDV DATA ITEM IS 1

 (DATA WARNING   5) RECORD        28, DATA ITEM   3, CONTENTS: 0.260004056819619
 THE DV DATA ITEM IS POSITIVE, BUT THE MDV DATA ITEM IS 1

 (DATA WARNING   5) RECORD        29, DATA ITEM   3, CONTENTS: 0.200672309455158
 THE DV DATA ITEM IS POSITIVE, BUT THE MDV DATA ITEM IS 1

 (DATA WARNING   5) RECORD        30, DATA ITEM   3, CONTENTS: 0.162036453786567
 THE DV DATA ITEM IS POSITIVE, BUT THE MDV DATA ITEM IS 1

 (DATA WARNING   5) RECORD        31, DATA ITEM   3, CONTENTS: 0.106850283785464
 THE DV DATA ITEM IS POSITIVE, BUT THE MDV DATA ITEM IS 1

 (DATA WARNING   5) RECORD        32, DATA ITEM   3, CONTENTS: 0.259181642484561
 THE DV DATA ITEM IS POSITIVE, BUT THE MDV DATA ITEM IS 1*

 * THE MAXIMUM NUMBER OF WARNINGS OF ONE OR MORE TYPES WAS REACHED.
 IT IS POSSIBLE THAT SOME WARNING MESSAGES WERE SUPPRESSED.
  
License Registered to: Universitat des Saarlandes
Expiration Date:    14 NOV 2025
Current Date:       29 JUN 2025
Days until program expires : 135
1NONLINEAR MIXED EFFECTS MODEL PROGRAM (NONMEM) VERSION 7.4.3
 ORIGINALLY DEVELOPED BY STUART BEAL, LEWIS SHEINER, AND ALISON BOECKMANN
 CURRENT DEVELOPERS ARE ROBERT BAUER, ICON DEVELOPMENT SOLUTIONS,
 AND ALISON BOECKMANN. IMPLEMENTATION, EFFICIENCY, AND STANDARDIZATION
 PERFORMED BY NOUS INFOSYSTEMS.

 PROBLEM NO.:         1
 single pyDarwin individual, one among multitude
0DATA CHECKOUT RUN:              NO
 DATA SET LOCATED ON UNIT NO.:    2
 THIS UNIT TO BE REWOUND:        NO
 NO. OF DATA RECS IN DATA SET:      370
 NO. OF DATA ITEMS IN DATA SET:   8
 ID DATA ITEM IS DATA ITEM NO.:   1
 DEP VARIABLE IS DATA ITEM NO.:   3
 MDV DATA ITEM IS DATA ITEM NO.:  6
0INDICES PASSED TO SUBROUTINE PRED:
   5   2   4   0   0   0   7   0   0   0   0
0LABELS FOR DATA ITEMS:
 ID TIME DV AMT EVID MDV CMT WT
0FORMAT FOR DATA:
 (2E3.0,E20.0,E4.0,3E2.0,E17.0)

 TOT. NO. OF OBS RECS:      180
 TOT. NO. OF INDIVIDUALS:       10
0LENGTH OF THETA:   4
0DEFAULT THETA BOUNDARY TEST OMITTED:    NO
0OMEGA HAS SIMPLE DIAGONAL FORM WITH DIMENSION:   1
0DEFAULT OMEGA BOUNDARY TEST OMITTED:    NO
0SIGMA HAS SIMPLE DIAGONAL FORM WITH DIMENSION:   1
0DEFAULT SIGMA BOUNDARY TEST OMITTED:    NO
0INITIAL ESTIMATE OF THETA:
 LOWER BOUND    INITIAL EST    UPPER BOUND
  0.0000E+00     0.2000E+01     0.1000E+07
 -0.1000E+07     0.5000E+00     0.1000E+07
  0.0000E+00     0.1000E+01     0.1000E+07
  0.0000E+00     0.2500E+02     0.1000E+07
0INITIAL ESTIMATE OF OMEGA:
 0.1000E+00
0INITIAL ESTIMATE OF SIGMA:
 0.1500E-01
0COVARIANCE STEP OMITTED:        NO
 EIGENVLS. PRINTED:             YES
 SPECIAL COMPUTATION:            NO
 COMPRESSED FORMAT:              NO
 GRADIENT METHOD USED:     NOSLOW
 SIGDIGITS ETAHAT (SIGLO):                  -1
 SIGDIGITS GRADIENTS (SIGL):                -1
 EXCLUDE COV FOR FOCE (NOFCOV):              NO
 TURN OFF Cholesky Transposition of R Matrix (CHOLROFF): NO
 KNUTHSUMOFF:                                -1
 RESUME COV ANALYSIS (RESUME):               NO
 SIR SAMPLE SIZE (SIRSAMPLE):              -1
 NON-LINEARLY TRANSFORM THETAS DURING COV (THBND): 1
 PRECONDTIONING CYCLES (PRECOND):        0
 PRECONDTIONING TYPES (PRECONDS):        TOS
 FORCED PRECONDTIONING CYCLES (PFCOND):0
 PRECONDTIONING TYPE (PRETYPE):        0
 FORCED POS. DEFINITE SETTING: (FPOSDEF):0
1DOUBLE PRECISION PREDPP VERSION 7.4.3

 ONE COMPARTMENT MODEL WITH FIRST-ORDER ABSORPTION (ADVAN2)
0MAXIMUM NO. OF BASIC PK PARAMETERS:   3
0BASIC PK PARAMETERS (AFTER TRANSLATION):
   ELIMINATION RATE (K) IS BASIC PK PARAMETER NO.:  1
   ABSORPTION RATE (KA) IS BASIC PK PARAMETER NO.:  3

 TRANSLATOR WILL CONVERT PARAMETERS
 CLEARANCE (CL) AND VOLUME (V) TO K (TRANS2)
0COMPARTMENT ATTRIBUTES
 COMPT. NO.   FUNCTION   INITIAL    ON/OFF      DOSE      DEFAULT    DEFAULT
                         STATUS     ALLOWED    ALLOWED    FOR DOSE   FOR OBS.
    1         DEPOT        OFF        YES        YES        YES        NO
    2         CENTRAL      ON         NO         YES        NO         YES
    3         OUTPUT       OFF        YES        NO         NO         NO
1
 ADDITIONAL PK PARAMETERS - ASSIGNMENT OF ROWS IN GG
 COMPT. NO.                             INDICES
              SCALE      BIOAVAIL.   ZERO-ORDER  ZERO-ORDER  ABSORB
                         FRACTION    RATE        DURATION    LAG
    1            *           *           *           *           *
    2            4           *           *           *           *
    3            *           -           -           -           -
             - PARAMETER IS NOT ALLOWED FOR THIS MODEL
             * PARAMETER IS NOT SUPPLIED BY PK SUBROUTINE;
               WILL DEFAULT TO ONE IF APPLICABLE
0DATA ITEM INDICES USED BY PRED ARE:
   EVENT ID DATA ITEM IS DATA ITEM NO.:      5
   TIME DATA ITEM IS DATA ITEM NO.:          2
   DOSE AMOUNT DATA ITEM IS DATA ITEM NO.:   4
   COMPT. NO. DATA ITEM IS DATA ITEM NO.:    7

0PK SUBROUTINE CALLED WITH EVERY EVENT RECORD.
 PK SUBROUTINE NOT CALLED AT NONEVENT (ADDITIONAL OR LAGGED) DOSE TIMES.
0ERROR SUBROUTINE CALLED WITH EVERY EVENT RECORD.
1


 #TBLN:      1
 #METH: First Order Conditional Estimation with Interaction

 ESTIMATION STEP OMITTED:                 NO
 ANALYSIS TYPE:                           POPULATION
 NUMBER OF SADDLE POINT RESET ITERATIONS:      0
 GRADIENT METHOD USED:               NOSLOW
 CONDITIONAL ESTIMATES USED:              YES
 CENTERED ETA:                            NO
 EPS-ETA INTERACTION:                     YES
 LAPLACIAN OBJ. FUNC.:                    NO
 NO. OF FUNCT. EVALS. ALLOWED:            999999
 NO. OF SIG. FIGURES REQUIRED:            3
 INTERMEDIATE PRINTOUT:                   YES
 ESTIMATE OUTPUT TO MSF:                  NO
 ABORT WITH PRED EXIT CODE 1:             NO
 IND. OBJ. FUNC. VALUES SORTED:           NO
 NUMERICAL DERIVATIVE
       FILE REQUEST (NUMDER):               NONE
 MAP (ETAHAT) ESTIMATION METHOD (OPTMAP):   0
 ETA HESSIAN EVALUATION METHOD (ETADER):    0
 INITIAL ETA FOR MAP ESTIMATION (MCETA):    0
 SIGDIGITS FOR MAP ESTIMATION (SIGLO):      100
 GRADIENT SIGDIGITS OF
       FIXED EFFECTS PARAMETERS (SIGL):     100
 NOPRIOR SETTING (NOPRIOR):                 OFF
 NOCOV SETTING (NOCOV):                     OFF
 DERCONT SETTING (DERCONT):                 OFF
 FINAL ETA RE-EVALUATION (FNLETA):          ON
 EXCLUDE NON-INFLUENTIAL (NON-INFL.) ETAS
       IN SHRINKAGE (ETASTYPE):             NO
 NON-INFL. ETA CORRECTION (NONINFETA):      OFF
 RAW OUTPUT FILE (FILE): NM_0_026.ext
 EXCLUDE TITLE (NOTITLE):                   NO
 EXCLUDE COLUMN LABELS (NOLABEL):           NO
 FORMAT FOR ADDITIONAL FILES (FORMAT):      S1PE12.5
 PARAMETER ORDER FOR OUTPUTS (ORDER):       TSOL
 WISHART PRIOR DF INTERPRETATION (WISHTYPE):0
 KNUTHSUMOFF:                               0
 INCLUDE LNTWOPI:                           NO
 INCLUDE CONSTANT TERM TO PRIOR (PRIORC):   NO
 INCLUDE CONSTANT TERM TO OMEGA (ETA) (OLNTWOPI):NO
 ADDITIONAL CONVERGENCE TEST (CTYPE=4)?:    NO
 EM OR BAYESIAN METHOD USED:                 NONE


 THE FOLLOWING LABELS ARE EQUIVALENT
 PRED=PREDI
 RES=RESI
 WRES=WRESI
 IWRS=IWRESI
 IPRD=IPREDI
 IRS=IRESI

 MONITORING OF SEARCH:


0ITERATION NO.:    0    OBJECTIVE VALUE:   3310.19267206726        NO. OF FUNC. EVALS.:   7
 CUMULATIVE NO. OF FUNC. EVALS.:        7
 NPARAMETR:  2.0000E+00  5.0000E-01  1.0000E+00  2.5000E+01  1.0000E-01  1.5000E-02
 PARAMETER:  1.0000E-01  1.0000E-01  1.0000E-01  1.0000E-01  1.0000E-01  1.0000E-01
 GRADIENT:  -3.2191E+03  1.2090E+02 -2.0635E+02  5.9963E+01 -3.8606E+01 -7.8041E+03

0ITERATION NO.:   24    OBJECTIVE VALUE:  -401.220327994717        NO. OF FUNC. EVALS.: 236
 CUMULATIVE NO. OF FUNC. EVALS.:      243
 NPARAMETR:  5.1679E+00 -1.0745E-01  9.4973E-01  6.6143E+01  7.8070E-02  2.2571E-01
 PARAMETER:  1.0493E+00 -2.1489E-02  4.8420E-02  1.0729E+00 -2.3785E-02  1.4556E+00
 GRADIENT:   4.2078E-03 -6.1047E-03 -8.5803E-04 -2.0306E-04 -2.0259E-03 -2.0029E-03

 #TERM:
0MINIMIZATION SUCCESSFUL
 NO. OF FUNCTION EVALUATIONS USED:      243
 NO. OF SIG. DIGITS IN FINAL EST.:  3.1

 ETABAR IS THE ARITHMETIC MEAN OF THE ETA-ESTIMATES,
 AND THE P-VALUE IS GIVEN FOR THE NULL HYPOTHESIS THAT THE TRUE MEAN IS 0.

 ETABAR:        -1.2504E-02
 SE:             8.2067E-02
 N:                      10

 P VAL.:         8.7890E-01

 ETASHRINKSD(%)  2.0945E+00
 ETASHRINKVR(%)  4.1452E+00
 EBVSHRINKSD(%)  7.4550E+00
 EBVSHRINKVR(%)  1.4354E+01
 EPSSHRINKSD(%)  1.2585E+00
 EPSSHRINKVR(%)  2.5012E+00

  
 TOTAL DATA POINTS NORMALLY DISTRIBUTED (N):          180
 N*LOG(2PI) CONSTANT TO OBJECTIVE FUNCTION:    330.81787195368219     
 OBJECTIVE FUNCTION VALUE WITHOUT CONSTANT:   -401.22032799471725     
 OBJECTIVE FUNCTION VALUE WITH CONSTANT:      -70.402456041035066     
 REPORTED OBJECTIVE FUNCTION DOES NOT CONTAIN CONSTANT
  
 TOTAL EFFECTIVE ETAS (NIND*NETA):                            10
  
 #TERE:
 Elapsed estimation  time in seconds:     0.78
 Elapsed covariance  time in seconds:     0.54
 Elapsed postprocess time in seconds:     0.00
1
 
 
 
 
 
 
 
 
 
 
 
 
 
 
 
 
 
 
 
 
 ************************************************************************************************************************
 ********************                                                                                ********************
 ********************               FIRST ORDER CONDITIONAL ESTIMATION WITH INTERACTION              ********************
 #OBJT:**************                       MINIMUM VALUE OF OBJECTIVE FUNCTION                      ********************
 ********************                                                                                ********************
 ************************************************************************************************************************
 





 #OBJV:********************************************     -401.220       **************************************************
1
 ************************************************************************************************************************
 ********************                                                                                ********************
 ********************               FIRST ORDER CONDITIONAL ESTIMATION WITH INTERACTION              ********************
 ********************                             FINAL PARAMETER ESTIMATE                           ********************
 ********************                                                                                ********************
 ************************************************************************************************************************
 


 THETA - VECTOR OF FIXED EFFECTS PARAMETERS   *********


         TH 1      TH 2      TH 3      TH 4     
 
         5.17E+00 -1.07E-01  9.50E-01  6.61E+01
 


 OMEGA - COV MATRIX FOR RANDOM EFFECTS - ETAS  ********


         ETA1     
 
 ETA1
+        7.81E-02
 


 SIGMA - COV MATRIX FOR RANDOM EFFECTS - EPSILONS  ****


         EPS1     
 
 EPS1
+        2.26E-01
 
1


 OMEGA - CORR MATRIX FOR RANDOM EFFECTS - ETAS  *******


         ETA1     
 
 ETA1
+        2.79E-01
 


 SIGMA - CORR MATRIX FOR RANDOM EFFECTS - EPSILONS  ***


         EPS1     
 
 EPS1
+        4.75E-01
 
1
 ************************************************************************************************************************
 ********************                                                                                ********************
 ********************               FIRST ORDER CONDITIONAL ESTIMATION WITH INTERACTION              ********************
 ********************                            STANDARD ERROR OF ESTIMATE                          ********************
 ********************                                                                                ********************
 ************************************************************************************************************************
 


 THETA - VECTOR OF FIXED EFFECTS PARAMETERS   *********


         TH 1      TH 2      TH 3      TH 4     
 
         3.99E-01  3.87E-01  1.28E-01  6.47E+00
 


 OMEGA - COV MATRIX FOR RANDOM EFFECTS - ETAS  ********


         ETA1     
 
 ETA1
+        3.55E-02
 


 SIGMA - COV MATRIX FOR RANDOM EFFECTS - EPSILONS  ****


         EPS1     
 
 EPS1
+        3.86E-02
 
1


 OMEGA - CORR MATRIX FOR RANDOM EFFECTS - ETAS  *******


         ETA1     
 
 ETA1
+        6.35E-02
 


 SIGMA - CORR MATRIX FOR RANDOM EFFECTS - EPSILONS  ***


         EPS1     
 
 EPS1
+        4.07E-02
 
1
 ************************************************************************************************************************
 ********************                                                                                ********************
 ********************               FIRST ORDER CONDITIONAL ESTIMATION WITH INTERACTION              ********************
 ********************                          COVARIANCE MATRIX OF ESTIMATE                         ********************
 ********************                                                                                ********************
 ************************************************************************************************************************
 

            TH 1      TH 2      TH 3      TH 4      OM11      SG11  
 
 TH 1
+        1.59E-01
 
 TH 2
+        8.65E-02  1.50E-01
 
 TH 3
+       -1.33E-03 -1.28E-02  1.63E-02
 
 TH 4
+        9.98E-01  5.67E-02  5.02E-01  4.18E+01
 
 OM11
+       -2.10E-03 -5.77E-03  6.84E-04 -7.16E-02  1.26E-03
 
 SG11
+        8.64E-03  6.18E-03 -1.05E-04 -1.80E-02  2.68E-04  1.49E-03
 
1
 ************************************************************************************************************************
 ********************                                                                                ********************
 ********************               FIRST ORDER CONDITIONAL ESTIMATION WITH INTERACTION              ********************
 ********************                          CORRELATION MATRIX OF ESTIMATE                        ********************
 ********************                                                                                ********************
 ************************************************************************************************************************
 

            TH 1      TH 2      TH 3      TH 4      OM11      SG11  
 
 TH 1
+        3.99E-01
 
 TH 2
+        5.61E-01  3.87E-01
 
 TH 3
+       -2.61E-02 -2.58E-01  1.28E-01
 
 TH 4
+        3.87E-01  2.27E-02  6.08E-01  6.47E+00
 
 OM11
+       -1.48E-01 -4.20E-01  1.51E-01 -3.12E-01  3.55E-02
 
 SG11
+        5.60E-01  4.13E-01 -2.13E-02 -7.20E-02  1.95E-01  3.86E-02
 
1
 ************************************************************************************************************************
 ********************                                                                                ********************
 ********************               FIRST ORDER CONDITIONAL ESTIMATION WITH INTERACTION              ********************
 ********************                      INVERSE COVARIANCE MATRIX OF ESTIMATE                     ********************
 ********************                                                                                ********************
 ************************************************************************************************************************
 

            TH 1      TH 2      TH 3      TH 4      OM11      SG11  
 
 TH 1
+        2.00E+01
 
 TH 2
+       -7.35E+00  1.51E+01
 
 TH 3
+        2.38E+01 -1.70E+00  1.55E+02
 
 TH 4
+       -8.66E-01  3.02E-01 -2.79E+00  8.91E-02
 
 OM11
+       -4.41E+01  8.16E+01 -1.85E+02  5.75E+00  1.59E+03
 
 SG11
+       -8.60E+01 -3.11E+01 -1.20E+02  3.60E+00 -3.11E+02  1.39E+03
 
1
 
 
 
 
 
 
 
 
 
 
 
 
 
 
 
 
 
 
 
 
 ************************************************************************************************************************
 ********************                                                                                ********************
 ********************               FIRST ORDER CONDITIONAL ESTIMATION WITH INTERACTION              ********************
 ********************                      EIGENVALUES OF COR MATRIX OF ESTIMATE                     ********************
 ********************                                                                                ********************
 ************************************************************************************************************************
 

             1         2         3         4         5         6
 
         1.21E-01  2.97E-01  4.29E-01  1.31E+00  1.69E+00  2.15E+00
 
 Elapsed finaloutput time in seconds:     0.01
 #CPUT: Total CPU Time in Seconds,        1.359
Stop Time: 
29.06.2025 
19:01
OFV = -401.22032799471725
success = True
covariance = True
correlation = True
Condition # = 17.76588156577133
Num Non fixed THETAs = 4
Num Non fixed OMEGAs = 1
Num Non fixed SIGMAs = 1
Original run directory = D:\Users\selzer\Repos\GH\pyDarwinXploR\Datasets\Generated\1CP\sim_data_n10_repeated\125\dt1h\50pct\run\temp\0\026
