29.07.2025 
04:53
$SIZES PD=-1000 LVR=-150 LTH=-200
$PROBLEM single pyDarwin individual, one among multitude
$INPUT ID TIME AMT RATE DV DROP MDV AGE SEX LBM DROP CMT EVID
$DATA "D:\Users\selzer\Repos\GH\pyDarwinXploR\RemiR/data.csv" IGNORE=@
$SUBROUTINE ADVAN11 TRANS4
$PK


  TVCLSEX = 0
  IF(SEX == 1) THEN
  TVCLSEX = THETA(1)
  ENDIF
  CL = THETA(2) *(1 + THETA(3) * (AGE)) *(LBM/50)**(THETA(4)) *(1 + TVCLSEX) * EXP(ETA(1)) ; CL
  ; Q is not used ; Q

  V1 = THETA(5)  *(LBM/50)**(THETA(6))  * EXP(ETA(2))
  SC = V1 ; V1

  V2 = THETA(7) *(1 + THETA(8) * (AGE))   * EXP(ETA(3)) ; V2

  Q2 = THETA(9)    * EXP(ETA(4)) ; Q2

  Q3 = THETA(10) *(1 + THETA(11) * (AGE))   * EXP(ETA(5)) ; Q3

  V3 = THETA(12) *(1 + THETA(13) * (AGE))   * EXP(ETA(6)) ; V3
$ERROR
  IPRED = F
  Y = F *(1+EPS(1))+EPS(2)
$SIGMA
  ;proportional error
  0.2	; EPS(1)
  ;additive error
  1	; EPS(2)
$THETA


  (1.1);CL~SEX1
  (0, 2) ; CL 
  (1); CL~AGE
  (1); CL~LBM
  ; Q is not used

  (0, 5) ; V1 

  (1); V1~LBM

  (0, 10) ; V2 
  (1); V2~AGE


  (0, 2) ; Q2 



  (0, 0.05) ; Q3 
  (1); Q3~AGE


  (0, 5) ; V3 
  (1); V3~AGE

$OMEGA
  0.3  ; CL
  ; Q is not used
  0.3  ; V1
  0.3  ; V2
  0.3  ; Q2
  0.3  ; Q3
  0.3  ; V3
$EST METHOD = COND INTER NOABORT MAX = 999999
$TABLE ID TIME AMT DV PRED IPRED WRES CWRES FILE=results.tab NOPRINT NOAPPEND ONEHEADER
$COV UNCOND PRINT=E


;; Phenotype: ([('ADVAN', 1), ('CL~AGE', 1), ('CL~LBM', 1), ('CL~SEX', 1), ('V1~AGE', 0), ('V1~LBM', 1), ('V1~SEX', 0), ('V2~AGE', 1), ('V2~LBM', 0), ('V2~SEX', 0), ('Q2~AGE', 0), ('Q2~LBM', 0), ('Q2~SEX', 0), ('Q3~AGE', 1), ('Q3~LBM', 0), ('Q3~SEX', 0), ('V3~AGE', 1), ('V3~LBM', 0), ('V3~SEX', 0), ('V3_OMEGA', 1), ('RESERR', 1)])
;; Genotype: [1, 1, 1, 1, 1, 0, 0, 0, 0, 0, 1, 0, 0, 1, 0, 0, 0, 0, 0, 0, 1, 0, 0, 1, 0, 0, 1, 1]
;; Num non-influential tokens: 7
  
NM-TRAN MESSAGES 
  
 WARNINGS AND ERRORS (IF ANY) FOR PROBLEM    1
             
 (WARNING  2) NM-TRAN INFERS THAT THE DATA ARE POPULATION.
  
License Registered to: Universitat des Saarlandes
Expiration Date:    14 NOV 2025
Current Date:       29 JUL 2025
Days until program expires : 105
1NONLINEAR MIXED EFFECTS MODEL PROGRAM (NONMEM) VERSION 7.4.3
 ORIGINALLY DEVELOPED BY STUART BEAL, LEWIS SHEINER, AND ALISON BOECKMANN
 CURRENT DEVELOPERS ARE ROBERT BAUER, ICON DEVELOPMENT SOLUTIONS,
 AND ALISON BOECKMANN. IMPLEMENTATION, EFFICIENCY, AND STANDARDIZATION
 PERFORMED BY NOUS INFOSYSTEMS.

 PROBLEM NO.:         1
 single pyDarwin individual, one among multitude
0DATA CHECKOUT RUN:              NO
 DATA SET LOCATED ON UNIT NO.:    2
 THIS UNIT TO BE REWOUND:        NO
 NO. OF DATA RECS IN DATA SET:     2057
 NO. OF DATA ITEMS IN DATA SET:  11
 ID DATA ITEM IS DATA ITEM NO.:   1
 DEP VARIABLE IS DATA ITEM NO.:   5
 MDV DATA ITEM IS DATA ITEM NO.:  6
0INDICES PASSED TO SUBROUTINE PRED:
  11   2   3   4   0   0  10   0   0   0   0
0LABELS FOR DATA ITEMS:
 ID TIME AMT RATE DV MDV AGE SEX LBM CMT EVID
0(NONBLANK) LABELS FOR PRED-DEFINED ITEMS:
 IPRED
0FORMAT FOR DATA:
 (E3.0,E7.0,E8.0,2E7.0,E2.0,E6.0,E2.0,E8.0,2E2.0)

 TOT. NO. OF OBS RECS:     1992
 TOT. NO. OF INDIVIDUALS:       65
0LENGTH OF THETA:  13
0DEFAULT THETA BOUNDARY TEST OMITTED:    NO
0OMEGA HAS SIMPLE DIAGONAL FORM WITH DIMENSION:   6
0DEFAULT OMEGA BOUNDARY TEST OMITTED:    NO
0SIGMA HAS SIMPLE DIAGONAL FORM WITH DIMENSION:   2
0DEFAULT SIGMA BOUNDARY TEST OMITTED:    NO
0INITIAL ESTIMATE OF THETA:
 LOWER BOUND    INITIAL EST    UPPER BOUND
 -0.1000E+07     0.1100E+01     0.1000E+07
  0.0000E+00     0.2000E+01     0.1000E+07
 -0.1000E+07     0.1000E+01     0.1000E+07
 -0.1000E+07     0.1000E+01     0.1000E+07
  0.0000E+00     0.5000E+01     0.1000E+07
 -0.1000E+07     0.1000E+01     0.1000E+07
  0.0000E+00     0.1000E+02     0.1000E+07
 -0.1000E+07     0.1000E+01     0.1000E+07
  0.0000E+00     0.2000E+01     0.1000E+07
  0.0000E+00     0.5000E-01     0.1000E+07
 -0.1000E+07     0.1000E+01     0.1000E+07
  0.0000E+00     0.5000E+01     0.1000E+07
 -0.1000E+07     0.1000E+01     0.1000E+07
0INITIAL ESTIMATE OF OMEGA:
 0.3000E+00
 0.0000E+00   0.3000E+00
 0.0000E+00   0.0000E+00   0.3000E+00
 0.0000E+00   0.0000E+00   0.0000E+00   0.3000E+00
 0.0000E+00   0.0000E+00   0.0000E+00   0.0000E+00   0.3000E+00
 0.0000E+00   0.0000E+00   0.0000E+00   0.0000E+00   0.0000E+00   0.3000E+00
0INITIAL ESTIMATE OF SIGMA:
 0.2000E+00
 0.0000E+00   0.1000E+01
0COVARIANCE STEP OMITTED:        NO
 EIGENVLS. PRINTED:             YES
 SPECIAL COMPUTATION:            NO
 COMPRESSED FORMAT:              NO
 GRADIENT METHOD USED:     NOSLOW
 SIGDIGITS ETAHAT (SIGLO):                  -1
 SIGDIGITS GRADIENTS (SIGL):                -1
 EXCLUDE COV FOR FOCE (NOFCOV):              NO
 TURN OFF Cholesky Transposition of R Matrix (CHOLROFF): NO
 KNUTHSUMOFF:                                -1
 RESUME COV ANALYSIS (RESUME):               NO
 SIR SAMPLE SIZE (SIRSAMPLE):              -1
 NON-LINEARLY TRANSFORM THETAS DURING COV (THBND): 1
 PRECONDTIONING CYCLES (PRECOND):        0
 PRECONDTIONING TYPES (PRECONDS):        TOS
 FORCED PRECONDTIONING CYCLES (PFCOND):0
 PRECONDTIONING TYPE (PRETYPE):        0
 FORCED POS. DEFINITE SETTING: (FPOSDEF):0
0TABLES STEP OMITTED:    NO
 NO. OF TABLES:           1
 SEED NUMBER (SEED):    11456
 RANMETHOD:             3U
 MC SAMPLES (ESAMPLE):    300
 WRES SQUARE ROOT TYPE (WRESCHOL): EIGENVALUE
0-- TABLE   1 --
0RECORDS ONLY:    ALL
04 COLUMNS APPENDED:    NO
 PRINTED:                NO
 HEADERS:               ONE
 FILE TO BE FORWARDED:   NO
 FORMAT:                S1PE11.4
 LFORMAT:
 RFORMAT:
 FIXED_EFFECT_ETAS:
0USER-CHOSEN ITEMS:
 ID TIME AMT DV PRED IPRED WRES CWRES
1DOUBLE PRECISION PREDPP VERSION 7.4.3

 THREE COMPARTMENT MODEL (ADVAN11)
0MAXIMUM NO. OF BASIC PK PARAMETERS:   6
0BASIC PK PARAMETERS (AFTER TRANSLATION):
   BASIC PK PARAMETER NO.  1: ELIMINATION RATE (K)
   BASIC PK PARAMETER NO.  2: CENTRAL-TO-PERIPH1 RATE (K12)
   BASIC PK PARAMETER NO.  3: PERIPH1-TO-CENTRAL RATE (K21)
   BASIC PK PARAMETER NO.  4: CENTRAL-TO-PERIPH2 RATE (K13)
   BASIC PK PARAMETER NO.  5: PERIPH2-TO-CENTRAL RATE (K31)
 TRANSLATOR WILL CONVERT PARAMETERS
 CL, V1, Q2, V2, Q3, V3 TO K, K12, K21, K13, K31 (TRANS4)
0COMPARTMENT ATTRIBUTES
 COMPT. NO.   FUNCTION   INITIAL    ON/OFF      DOSE      DEFAULT    DEFAULT
                         STATUS     ALLOWED    ALLOWED    FOR DOSE   FOR OBS.
    1         CENTRAL      ON         NO         YES        YES        YES
    2         PERIPH1      ON         NO         YES        NO         NO
    3         PERIPH2      ON         NO         YES        NO         NO
    4         OUTPUT       OFF        YES        NO         NO         NO
1
 ADDITIONAL PK PARAMETERS - ASSIGNMENT OF ROWS IN GG
 COMPT. NO.                             INDICES
              SCALE      BIOAVAIL.   ZERO-ORDER  ZERO-ORDER  ABSORB
                         FRACTION    RATE        DURATION    LAG
    1            7           *           *           *           *
    2            *           *           *           *           *
    3            *           *           *           *           *
    4            *           -           -           -           -
             - PARAMETER IS NOT ALLOWED FOR THIS MODEL
             * PARAMETER IS NOT SUPPLIED BY PK SUBROUTINE;
               WILL DEFAULT TO ONE IF APPLICABLE
0DATA ITEM INDICES USED BY PRED ARE:
   EVENT ID DATA ITEM IS DATA ITEM NO.:     11
   TIME DATA ITEM IS DATA ITEM NO.:          2
   DOSE AMOUNT DATA ITEM IS DATA ITEM NO.:   3
   DOSE RATE DATA ITEM IS DATA ITEM NO.:     4
   COMPT. NO. DATA ITEM IS DATA ITEM NO.:   10

0PK SUBROUTINE CALLED WITH EVERY EVENT RECORD.
 PK SUBROUTINE NOT CALLED AT NONEVENT (ADDITIONAL OR LAGGED) DOSE TIMES.
0ERROR SUBROUTINE CALLED WITH EVERY EVENT RECORD.
1


 #TBLN:      1
 #METH: First Order Conditional Estimation with Interaction

 ESTIMATION STEP OMITTED:                 NO
 ANALYSIS TYPE:                           POPULATION
 NUMBER OF SADDLE POINT RESET ITERATIONS:      0
 GRADIENT METHOD USED:               NOSLOW
 CONDITIONAL ESTIMATES USED:              YES
 CENTERED ETA:                            NO
 EPS-ETA INTERACTION:                     YES
 LAPLACIAN OBJ. FUNC.:                    NO
 NO. OF FUNCT. EVALS. ALLOWED:            999999
 NO. OF SIG. FIGURES REQUIRED:            3
 INTERMEDIATE PRINTOUT:                   YES
 ESTIMATE OUTPUT TO MSF:                  NO
 ABORT WITH PRED EXIT CODE 1:             NO
 IND. OBJ. FUNC. VALUES SORTED:           NO
 NUMERICAL DERIVATIVE
       FILE REQUEST (NUMDER):               NONE
 MAP (ETAHAT) ESTIMATION METHOD (OPTMAP):   0
 ETA HESSIAN EVALUATION METHOD (ETADER):    0
 INITIAL ETA FOR MAP ESTIMATION (MCETA):    0
 SIGDIGITS FOR MAP ESTIMATION (SIGLO):      100
 GRADIENT SIGDIGITS OF
       FIXED EFFECTS PARAMETERS (SIGL):     100
 NOPRIOR SETTING (NOPRIOR):                 OFF
 NOCOV SETTING (NOCOV):                     OFF
 DERCONT SETTING (DERCONT):                 OFF
 FINAL ETA RE-EVALUATION (FNLETA):          ON
 EXCLUDE NON-INFLUENTIAL (NON-INFL.) ETAS
       IN SHRINKAGE (ETASTYPE):             NO
 NON-INFL. ETA CORRECTION (NONINFETA):      OFF
 RAW OUTPUT FILE (FILE): NM_FNS02_308.ext
 EXCLUDE TITLE (NOTITLE):                   NO
 EXCLUDE COLUMN LABELS (NOLABEL):           NO
 FORMAT FOR ADDITIONAL FILES (FORMAT):      S1PE12.5
 PARAMETER ORDER FOR OUTPUTS (ORDER):       TSOL
 WISHART PRIOR DF INTERPRETATION (WISHTYPE):0
 KNUTHSUMOFF:                               0
 INCLUDE LNTWOPI:                           NO
 INCLUDE CONSTANT TERM TO PRIOR (PRIORC):   NO
 INCLUDE CONSTANT TERM TO OMEGA (ETA) (OLNTWOPI):NO
 ADDITIONAL CONVERGENCE TEST (CTYPE=4)?:    NO
 EM OR BAYESIAN METHOD USED:                 NONE


 THE FOLLOWING LABELS ARE EQUIVALENT
 PRED=PREDI
 RES=RESI
 WRES=WRESI
 IWRS=IWRESI
 IPRD=IPREDI
 IRS=IRESI

 MONITORING OF SEARCH:


0ITERATION NO.:    0    OBJECTIVE VALUE:   13380.1156987034        NO. OF FUNC. EVALS.:  17
 CUMULATIVE NO. OF FUNC. EVALS.:       17
 NPARAMETR:  1.1000E+00  2.0000E+00  1.0000E+00  1.0000E+00  5.0000E+00  1.0000E+00  1.0000E+01  1.0000E+00  2.0000E+00  5.0000E-02
             1.0000E+00  5.0000E+00  1.0000E+00  3.0000E-01  3.0000E-01  3.0000E-01  3.0000E-01  3.0000E-01  3.0000E-01  2.0000E-01
             1.0000E+00
 PARAMETER:  1.0000E-01  1.0000E-01  1.0000E-01  1.0000E-01  1.0000E-01  1.0000E-01  1.0000E-01  1.0000E-01  1.0000E-01  1.0000E-01
             1.0000E-01  1.0000E-01  1.0000E-01  1.0000E-01  1.0000E-01  1.0000E-01  1.0000E-01  1.0000E-01  1.0000E-01  1.0000E-01
             1.0000E-01
 GRADIENT:   5.8979E+03  1.8136E+03  1.7811E+04  1.7376E+03 -2.6084E+02 -1.0208E+02  4.7920E+01  4.6433E+02  4.6447E+02  2.0993E+02
             2.0822E+03  4.6653E+02  4.5530E+03 -7.6899E+03 -1.6404E+02 -9.3686E+01 -5.7404E+02 -3.9293E+02 -8.1280E+02  7.3754E+02
             4.8748E+02

0ITERATION NO.:  129    OBJECTIVE VALUE:   3590.49512180361        NO. OF FUNC. EVALS.:6354
 CUMULATIVE NO. OF FUNC. EVALS.:     6371
 NPARAMETR:  3.6076E-02  3.0357E+00 -4.7847E-03  3.3963E-01  4.2063E+00  1.2764E+00  1.0000E-01  1.2195E+00  2.0000E-02  5.9575E-02
             6.7602E-01  1.0179E+00  1.7228E-01  2.1849E-02  6.4731E-02  7.0637E-01  2.3987E+00  9.2738E-01  4.9995E-01  1.1900E-02
             2.3922E-04
 PARAMETER:  3.3055E-03  5.1744E-01 -4.8154E-04  3.3987E-02 -7.2878E-02  1.2761E-01 -1.1552E+01  1.2192E-01 -7.3765E+00  2.7515E-01
             6.7627E-02 -1.4921E+00  1.7250E-02 -1.2095E+00 -6.6661E-01  5.2831E-01  1.1397E+00  6.6496E-01  3.5501E-01 -1.3112E+00
            -4.0681E+00
 GRADIENT:   1.3400E+03  1.0380E+04 -2.0622E+04  2.4342E+03 -2.4843E+03 -1.9395E+03  0.0000E+00 -1.9575E+03  0.0000E+00 -9.3533E+03
             2.4971E+03 -8.8982E+01  4.9070E+04  2.0508E+02  3.7320E+02  4.5675E+02  2.1709E+02  3.4679E+00 -7.6230E+00 -1.7909E+02
             1.2061E+03

 #TERM:
0MINIMIZATION TERMINATED
 DUE TO ROUNDING ERRORS (ERROR=134)
 NO. OF FUNCTION EVALUATIONS USED:     6371
 NO. OF SIG. DIGITS UNREPORTABLE
0PARAMETER ESTIMATE IS NEAR ITS BOUNDARY

 ETABAR IS THE ARITHMETIC MEAN OF THE ETA-ESTIMATES,
 AND THE P-VALUE IS GIVEN FOR THE NULL HYPOTHESIS THAT THE TRUE MEAN IS 0.

 ETABAR:         4.4027E-03 -7.6001E-03  7.5941E-02  1.3139E+00  1.2443E-02  2.4809E-02
 SE:             1.7934E-02  2.6179E-02  6.1428E-02  9.8626E-02  1.1790E-01  8.6574E-02
 N:                      65          65          65          65          65          65

 P VAL.:         8.0608E-01  7.7158E-01  2.1636E-01  1.7858E-40  9.1595E-01  7.7445E-01

 ETASHRINKSD(%)  1.4489E+00  1.6410E+01  4.0623E+01  4.8274E+01  5.8844E-01  4.8194E-01
 ETASHRINKVR(%)  2.8767E+00  3.0127E+01  6.4744E+01  7.3245E+01  1.1734E+00  9.6155E-01
 EBVSHRINKSD(%)  1.7515E+00  1.7660E+01  3.6755E+01  4.0916E+00  1.2384E+00  9.7904E-01
 EBVSHRINKVR(%)  3.4724E+00  3.2201E+01  6.0001E+01  8.0158E+00  2.4615E+00  1.9485E+00
 EPSSHRINKSD(%)  8.2767E+00  8.2767E+00
 EPSSHRINKVR(%)  1.5868E+01  1.5868E+01

  
 TOTAL DATA POINTS NORMALLY DISTRIBUTED (N):         1992
 N*LOG(2PI) CONSTANT TO OBJECTIVE FUNCTION:    3661.0511162874159     
 OBJECTIVE FUNCTION VALUE WITHOUT CONSTANT:    3590.4951218036072     
 OBJECTIVE FUNCTION VALUE WITH CONSTANT:       7251.5462380910230     
 REPORTED OBJECTIVE FUNCTION DOES NOT CONTAIN CONSTANT
  
 TOTAL EFFECTIVE ETAS (NIND*NETA):                           390
  
 #TERE:
 Elapsed estimation  time in seconds:  1963.40
0S MATRIX ALGORITHMICALLY SINGULAR
0S MATRIX IS OUTPUT
0INVERSE COVARIANCE MATRIX SET TO RS*RMAT, WHERE S* IS A PSEUDO INVERSE OF S
 Elapsed covariance  time in seconds:   292.21
 Elapsed postprocess time in seconds:     0.63
1
 
 
 
 
 
 
 
 
 
 
 
 
 
 
 
 
 
 
 
 
 ************************************************************************************************************************
 ********************                                                                                ********************
 ********************               FIRST ORDER CONDITIONAL ESTIMATION WITH INTERACTION              ********************
 #OBJT:**************                       MINIMUM VALUE OF OBJECTIVE FUNCTION                      ********************
 ********************                                                                                ********************
 ************************************************************************************************************************
 





 #OBJV:********************************************     3590.495       **************************************************
1
 ************************************************************************************************************************
 ********************                                                                                ********************
 ********************               FIRST ORDER CONDITIONAL ESTIMATION WITH INTERACTION              ********************
 ********************                             FINAL PARAMETER ESTIMATE                           ********************
 ********************                                                                                ********************
 ************************************************************************************************************************
 


 THETA - VECTOR OF FIXED EFFECTS PARAMETERS   *********


         TH 1      TH 2      TH 3      TH 4      TH 5      TH 6      TH 7      TH 8      TH 9      TH10      TH11      TH12     
          TH13     
 
         3.64E-02  3.04E+00 -4.82E-03  3.40E-01  4.21E+00  1.28E+00  1.00E-01  1.22E+00  2.00E-02  5.96E-02  6.76E-01  1.02E+00
          1.73E-01
 


 OMEGA - COV MATRIX FOR RANDOM EFFECTS - ETAS  ********


         ETA1      ETA2      ETA3      ETA4      ETA5      ETA6     
 
 ETA1
+        2.19E-02
 
 ETA2
+        0.00E+00  6.48E-02
 
 ETA3
+        0.00E+00  0.00E+00  7.07E-01
 
 ETA4
+        0.00E+00  0.00E+00  0.00E+00  2.40E+00
 
 ETA5
+        0.00E+00  0.00E+00  0.00E+00  0.00E+00  9.29E-01
 
 ETA6
+        0.00E+00  0.00E+00  0.00E+00  0.00E+00  0.00E+00  5.00E-01
 


 SIGMA - COV MATRIX FOR RANDOM EFFECTS - EPSILONS  ****


         EPS1      EPS2     
 
 EPS1
+        1.19E-02
 
 EPS2
+        0.00E+00  2.40E-04
 
1


 OMEGA - CORR MATRIX FOR RANDOM EFFECTS - ETAS  *******


         ETA1      ETA2      ETA3      ETA4      ETA5      ETA6     
 
 ETA1
+        1.48E-01
 
 ETA2
+        0.00E+00  2.54E-01
 
 ETA3
+        0.00E+00  0.00E+00  8.41E-01
 
 ETA4
+        0.00E+00  0.00E+00  0.00E+00  1.55E+00
 
 ETA5
+        0.00E+00  0.00E+00  0.00E+00  0.00E+00  9.64E-01
 
 ETA6
+        0.00E+00  0.00E+00  0.00E+00  0.00E+00  0.00E+00  7.07E-01
 


 SIGMA - CORR MATRIX FOR RANDOM EFFECTS - EPSILONS  ***


         EPS1      EPS2     
 
 EPS1
+        1.09E-01
 
 EPS2
+        0.00E+00  1.55E-02
 
1
 ************************************************************************************************************************
 ********************                                                                                ********************
 ********************               FIRST ORDER CONDITIONAL ESTIMATION WITH INTERACTION              ********************
 ********************                            STANDARD ERROR OF ESTIMATE                          ********************
 ********************                                                                                ********************
 ************************************************************************************************************************
 


 THETA - VECTOR OF FIXED EFFECTS PARAMETERS   *********


         TH 1      TH 2      TH 3      TH 4      TH 5      TH 6      TH 7      TH 8      TH 9      TH10      TH11      TH12     
          TH13     
 
         2.30E+02  1.67E+01  1.05E+00  4.32E+02  7.94E+01  5.50E+02  0.00E+00  8.19E+00  0.00E+00  1.40E-03  2.58E+00  4.98E+00
          6.27E-01
 


 OMEGA - COV MATRIX FOR RANDOM EFFECTS - ETAS  ********


         ETA1      ETA2      ETA3      ETA4      ETA5      ETA6     
 
 ETA1
+        7.71E-01
 
 ETA2
+       .........  2.26E+00
 
 ETA3
+       ......... .........  7.08E-01
 
 ETA4
+       ......... ......... .........  5.40E+00
 
 ETA5
+       ......... ......... ......... .........  1.00E+01
 
 ETA6
+       ......... ......... ......... ......... .........  9.66E-01
 


 SIGMA - COV MATRIX FOR RANDOM EFFECTS - EPSILONS  ****


         EPS1      EPS2     
 
 EPS1
+        5.87E-06
 
 EPS2
+       .........  1.80E-07
 
1


 OMEGA - CORR MATRIX FOR RANDOM EFFECTS - ETAS  *******


         ETA1      ETA2      ETA3      ETA4      ETA5      ETA6     
 
 ETA1
+        2.61E+00
 
 ETA2
+       .........  4.44E+00
 
 ETA3
+       ......... .........  4.21E-01
 
 ETA4
+       ......... ......... .........  1.74E+00
 
 ETA5
+       ......... ......... ......... .........  5.21E+00
 
 ETA6
+       ......... ......... ......... ......... .........  6.84E-01
 


 SIGMA - CORR MATRIX FOR RANDOM EFFECTS - EPSILONS  ***


         EPS1      EPS2     
 
 EPS1
+        2.69E-05
 
 EPS2
+       .........  5.82E-06
 
1
 ************************************************************************************************************************
 ********************                                                                                ********************
 ********************               FIRST ORDER CONDITIONAL ESTIMATION WITH INTERACTION              ********************
 ********************                          COVARIANCE MATRIX OF ESTIMATE                         ********************
 ********************                                                                                ********************
 ************************************************************************************************************************
 

            TH 1      TH 2      TH 3      TH 4      TH 5      TH 6      TH 7      TH 8      TH 9      TH10      TH11      TH12  
             TH13      OM11      OM12      OM13      OM14      OM15      OM16      OM22      OM23      OM24      OM25      OM26  
            OM33      OM34      OM35      OM36      OM44      OM45      OM46      OM55      OM56      OM66      SG11      SG12  
             SG22  
 
 TH 1
+        5.28E+04
 
 TH 2
+        3.83E+03  2.78E+02
 
 TH 3
+       -2.42E+02 -1.76E+01  1.11E+00
 
 TH 4
+       -9.93E+04 -7.20E+03  4.56E+02  1.87E+05
 
 TH 5
+        1.82E+04  1.32E+03 -8.36E+01 -3.43E+04  6.30E+03
 
 TH 6
+       -1.26E+05 -9.17E+03  5.80E+02  2.38E+05 -4.37E+04  3.03E+05
 
 TH 7
+        0.00E+00  0.00E+00  0.00E+00  0.00E+00  0.00E+00  0.00E+00  0.00E+00
 
 TH 8
+        1.88E+03  1.37E+02 -8.64E+00 -3.54E+03  6.50E+02 -4.51E+03  0.00E+00  6.71E+01
 
 TH 9
+        0.00E+00  0.00E+00  0.00E+00  0.00E+00  0.00E+00  0.00E+00  0.00E+00  0.00E+00  0.00E+00
 
 TH10
+       -3.22E-01 -2.34E-02  1.48E-03  6.05E-01 -1.11E-01  7.71E-01  0.00E+00 -1.15E-02  0.00E+00  1.96E-06
 
 TH11
+        5.93E+02  4.30E+01 -2.72E+00 -1.12E+03  2.05E+02 -1.42E+03  0.00E+00  2.11E+01  0.00E+00 -3.62E-03  6.66E+00
 
 TH12
+       -1.14E+03 -8.30E+01  5.25E+00  2.15E+03 -3.95E+02  2.74E+03  0.00E+00 -4.08E+01  0.00E+00  6.97E-03 -1.28E+01  2.48E+01
 
 TH13
+       -1.44E+02 -1.05E+01  6.61E-01  2.71E+02 -4.98E+01  3.45E+02  0.00E+00 -5.14E+00  0.00E+00  8.79E-04 -1.62E+00  3.12E+00
          3.93E-01
 
 OM11
+        1.77E+02  1.29E+01 -8.13E-01 -3.33E+02  6.12E+01 -4.24E+02  0.00E+00  6.32E+00  0.00E+00 -1.08E-03  1.99E+00 -3.84E+00
         -4.83E-01  5.94E-01
 
 OM12
+       ......... ......... ......... ......... ......... ......... ......... ......... ......... ......... ......... .........
         ......... ......... .........
 
 OM13
+       ......... ......... ......... ......... ......... ......... ......... ......... ......... ......... ......... .........
         ......... ......... ......... .........
 
 OM14
+       ......... ......... ......... ......... ......... ......... ......... ......... ......... ......... ......... .........
         ......... ......... ......... ......... .........
 
 OM15
+       ......... ......... ......... ......... ......... ......... ......... ......... ......... ......... ......... .........
         ......... ......... ......... ......... ......... .........
 
1

            TH 1      TH 2      TH 3      TH 4      TH 5      TH 6      TH 7      TH 8      TH 9      TH10      TH11      TH12  
             TH13      OM11      OM12      OM13      OM14      OM15      OM16      OM22      OM23      OM24      OM25      OM26  
            OM33      OM34      OM35      OM36      OM44      OM45      OM46      OM55      OM56      OM66      SG11      SG12  
             SG22  
 
 OM16
+       ......... ......... ......... ......... ......... ......... ......... ......... ......... ......... ......... .........
         ......... ......... ......... ......... ......... ......... .........
 
 OM22
+        5.20E+02  3.77E+01 -2.38E+00 -9.77E+02  1.79E+02 -1.24E+03  0.00E+00  1.85E+01  0.00E+00 -3.17E-03  5.84E+00 -1.13E+01
         -1.42E+00  1.74E+00 ......... ......... ......... ......... .........  5.11E+00
 
 OM23
+       ......... ......... ......... ......... ......... ......... ......... ......... ......... ......... ......... .........
         ......... ......... ......... ......... ......... ......... ......... ......... .........
 
 OM24
+       ......... ......... ......... ......... ......... ......... ......... ......... ......... ......... ......... .........
         ......... ......... ......... ......... ......... ......... ......... ......... ......... .........
 
 OM25
+       ......... ......... ......... ......... ......... ......... ......... ......... ......... ......... ......... .........
         ......... ......... ......... ......... ......... ......... ......... ......... ......... ......... .........
 
 OM26
+       ......... ......... ......... ......... ......... ......... ......... ......... ......... ......... ......... .........
         ......... ......... ......... ......... ......... ......... ......... ......... ......... ......... ......... .........
 
 OM33
+        1.63E+02  1.18E+01 -7.46E-01 -3.06E+02  5.62E+01 -3.90E+02  0.00E+00  5.80E+00  0.00E+00 -9.92E-04  1.83E+00 -3.52E+00
         -4.44E-01  5.46E-01 ......... ......... ......... ......... .........  1.60E+00 ......... ......... ......... .........
         5.01E-01
 
 OM34
+       ......... ......... ......... ......... ......... ......... ......... ......... ......... ......... ......... .........
         ......... ......... ......... ......... ......... ......... ......... ......... ......... ......... ......... .........
        ......... .........
 
 OM35
+       ......... ......... ......... ......... ......... ......... ......... ......... ......... ......... ......... .........
         ......... ......... ......... ......... ......... ......... ......... ......... ......... ......... ......... .........
        ......... ......... .........
 
 OM36
+       ......... ......... ......... ......... ......... ......... ......... ......... ......... ......... ......... .........
         ......... ......... ......... ......... ......... ......... ......... ......... ......... ......... ......... .........
        ......... ......... ......... .........
 
 OM44
+        1.24E+03  9.00E+01 -5.69E+00 -2.33E+03  4.28E+02 -2.97E+03  0.00E+00  4.42E+01  0.00E+00 -7.56E-03  1.39E+01 -2.69E+01
         -3.39E+00  4.16E+00 ......... ......... ......... ......... .........  1.22E+01 ......... ......... ......... .........
         3.82E+00 ......... ......... .........  2.92E+01
 
 OM45
+       ......... ......... ......... ......... ......... ......... ......... ......... ......... ......... ......... .........
         ......... ......... ......... ......... ......... ......... ......... ......... ......... ......... ......... .........
        ......... ......... ......... ......... ......... .........
 
 OM46
+       ......... ......... ......... ......... ......... ......... ......... ......... ......... ......... ......... .........
         ......... ......... ......... ......... ......... ......... ......... ......... ......... ......... ......... .........
        ......... ......... ......... ......... ......... ......... .........
 
 OM55
+       -2.31E+03 -1.67E+02  1.06E+01  4.34E+03 -7.96E+02  5.52E+03  0.00E+00 -8.22E+01  0.00E+00  1.41E-02 -2.59E+01  4.99E+01
          6.29E+00 -7.73E+00 ......... ......... ......... ......... ......... -2.27E+01 ......... ......... ......... .........
        -7.10E+00 ......... ......... ......... -5.42E+01 ......... .........  1.01E+02
 
1

            TH 1      TH 2      TH 3      TH 4      TH 5      TH 6      TH 7      TH 8      TH 9      TH10      TH11      TH12  
             TH13      OM11      OM12      OM13      OM14      OM15      OM16      OM22      OM23      OM24      OM25      OM26  
            OM33      OM34      OM35      OM36      OM44      OM45      OM46      OM55      OM56      OM66      SG11      SG12  
             SG22  
 
 OM56
+       ......... ......... ......... ......... ......... ......... ......... ......... ......... ......... ......... .........
         ......... ......... ......... ......... ......... ......... ......... ......... ......... ......... ......... .........
        ......... ......... ......... ......... ......... ......... ......... ......... .........
 
 OM66
+        2.22E+02  1.61E+01 -1.02E+00 -4.18E+02  7.67E+01 -5.32E+02  0.00E+00  7.92E+00  0.00E+00 -1.35E-03  2.49E+00 -4.81E+00
         -6.06E-01  7.45E-01 ......... ......... ......... ......... .........  2.19E+00 ......... ......... ......... .........
         6.84E-01 ......... ......... .........  5.22E+00 ......... ......... -9.70E+00 .........  9.34E-01
 
 SG11
+       -1.35E-03 -9.78E-05  6.19E-06  2.54E-03 -4.66E-04  3.23E-03  0.00E+00 -4.81E-05  0.00E+00  8.22E-09 -1.51E-05  2.92E-05
          3.68E-06 -4.52E-06 ......... ......... ......... ......... ......... -1.33E-05 ......... ......... ......... .........
        -4.16E-06 ......... ......... ......... -3.17E-05 ......... .........  5.89E-05 ......... -5.67E-06  3.44E-11
 
 SG12
+       ......... ......... ......... ......... ......... ......... ......... ......... ......... ......... ......... .........
         ......... ......... ......... ......... ......... ......... ......... ......... ......... ......... ......... .........
        ......... ......... ......... ......... ......... ......... ......... ......... ......... ......... ......... .........
 
 SG22
+        4.14E-05  3.00E-06 -1.90E-07 -7.78E-05  1.43E-05 -9.91E-05  0.00E+00  1.48E-06  0.00E+00 -2.52E-10  4.65E-07 -8.96E-07
         -1.13E-07  1.39E-07 ......... ......... ......... ......... .........  4.07E-07 ......... ......... ......... .........
         1.28E-07 ......... ......... .........  9.72E-07 ......... ......... -1.81E-06 .........  1.74E-07 -1.06E-12 .........
          3.24E-14
 
1
 ************************************************************************************************************************
 ********************                                                                                ********************
 ********************               FIRST ORDER CONDITIONAL ESTIMATION WITH INTERACTION              ********************
 ********************                          CORRELATION MATRIX OF ESTIMATE                        ********************
 ********************                                                                                ********************
 ************************************************************************************************************************
 

            TH 1      TH 2      TH 3      TH 4      TH 5      TH 6      TH 7      TH 8      TH 9      TH10      TH11      TH12  
             TH13      OM11      OM12      OM13      OM14      OM15      OM16      OM22      OM23      OM24      OM25      OM26  
            OM33      OM34      OM35      OM36      OM44      OM45      OM46      OM55      OM56      OM66      SG11      SG12  
             SG22  
 
 TH 1
+        2.30E+02
 
 TH 2
+        1.00E+00  1.67E+01
 
 TH 3
+       -1.00E+00 -1.00E+00  1.05E+00
 
 TH 4
+       -1.00E+00 -1.00E+00  1.00E+00  4.32E+02
 
 TH 5
+        1.00E+00  1.00E+00 -1.00E+00 -1.00E+00  7.94E+01
 
 TH 6
+       -1.00E+00 -1.00E+00  1.00E+00  1.00E+00 -1.00E+00  5.50E+02
 
 TH 7
+        0.00E+00  0.00E+00  0.00E+00  0.00E+00  0.00E+00  0.00E+00  0.00E+00
 
 TH 8
+        1.00E+00  1.00E+00 -1.00E+00 -1.00E+00  1.00E+00 -1.00E+00  0.00E+00  8.19E+00
 
 TH 9
+        0.00E+00  0.00E+00  0.00E+00  0.00E+00  0.00E+00  0.00E+00  0.00E+00  0.00E+00  0.00E+00
 
 TH10
+       -1.00E+00 -1.00E+00  1.00E+00  1.00E+00 -1.00E+00  1.00E+00  0.00E+00 -1.00E+00  0.00E+00  1.40E-03
 
 TH11
+        1.00E+00  1.00E+00 -1.00E+00 -1.00E+00  1.00E+00 -1.00E+00  0.00E+00  1.00E+00  0.00E+00 -1.00E+00  2.58E+00
 
 TH12
+       -1.00E+00 -1.00E+00  1.00E+00  1.00E+00 -1.00E+00  1.00E+00  0.00E+00 -1.00E+00  0.00E+00  1.00E+00 -1.00E+00  4.98E+00
 
 TH13
+       -1.00E+00 -1.00E+00  1.00E+00  1.00E+00 -1.00E+00  1.00E+00  0.00E+00 -1.00E+00  0.00E+00  1.00E+00 -1.00E+00  1.00E+00
          6.27E-01
 
 OM11
+        1.00E+00  1.00E+00 -1.00E+00 -1.00E+00  1.00E+00 -1.00E+00  0.00E+00  1.00E+00  0.00E+00 -1.00E+00  1.00E+00 -1.00E+00
         -1.00E+00  7.71E-01
 
 OM12
+       ......... ......... ......... ......... ......... ......... ......... ......... ......... ......... ......... .........
         ......... ......... .........
 
 OM13
+       ......... ......... ......... ......... ......... ......... ......... ......... ......... ......... ......... .........
         ......... ......... ......... .........
 
 OM14
+       ......... ......... ......... ......... ......... ......... ......... ......... ......... ......... ......... .........
         ......... ......... ......... ......... .........
 
 OM15
+       ......... ......... ......... ......... ......... ......... ......... ......... ......... ......... ......... .........
         ......... ......... ......... ......... ......... .........
 
1

            TH 1      TH 2      TH 3      TH 4      TH 5      TH 6      TH 7      TH 8      TH 9      TH10      TH11      TH12  
             TH13      OM11      OM12      OM13      OM14      OM15      OM16      OM22      OM23      OM24      OM25      OM26  
            OM33      OM34      OM35      OM36      OM44      OM45      OM46      OM55      OM56      OM66      SG11      SG12  
             SG22  
 
 OM16
+       ......... ......... ......... ......... ......... ......... ......... ......... ......... ......... ......... .........
         ......... ......... ......... ......... ......... ......... .........
 
 OM22
+        1.00E+00  1.00E+00 -1.00E+00 -1.00E+00  1.00E+00 -1.00E+00  0.00E+00  1.00E+00  0.00E+00 -1.00E+00  1.00E+00 -1.00E+00
         -1.00E+00  1.00E+00 ......... ......... ......... ......... .........  2.26E+00
 
 OM23
+       ......... ......... ......... ......... ......... ......... ......... ......... ......... ......... ......... .........
         ......... ......... ......... ......... ......... ......... ......... ......... .........
 
 OM24
+       ......... ......... ......... ......... ......... ......... ......... ......... ......... ......... ......... .........
         ......... ......... ......... ......... ......... ......... ......... ......... ......... .........
 
 OM25
+       ......... ......... ......... ......... ......... ......... ......... ......... ......... ......... ......... .........
         ......... ......... ......... ......... ......... ......... ......... ......... ......... ......... .........
 
 OM26
+       ......... ......... ......... ......... ......... ......... ......... ......... ......... ......... ......... .........
         ......... ......... ......... ......... ......... ......... ......... ......... ......... ......... ......... .........
 
 OM33
+        1.00E+00  1.00E+00 -1.00E+00 -1.00E+00  1.00E+00 -1.00E+00  0.00E+00  1.00E+00  0.00E+00 -1.00E+00  1.00E+00 -1.00E+00
         -1.00E+00  1.00E+00 ......... ......... ......... ......... .........  1.00E+00 ......... ......... ......... .........
         7.08E-01
 
 OM34
+       ......... ......... ......... ......... ......... ......... ......... ......... ......... ......... ......... .........
         ......... ......... ......... ......... ......... ......... ......... ......... ......... ......... ......... .........
        ......... .........
 
 OM35
+       ......... ......... ......... ......... ......... ......... ......... ......... ......... ......... ......... .........
         ......... ......... ......... ......... ......... ......... ......... ......... ......... ......... ......... .........
        ......... ......... .........
 
 OM36
+       ......... ......... ......... ......... ......... ......... ......... ......... ......... ......... ......... .........
         ......... ......... ......... ......... ......... ......... ......... ......... ......... ......... ......... .........
        ......... ......... ......... .........
 
 OM44
+        1.00E+00  1.00E+00 -1.00E+00 -1.00E+00  1.00E+00 -1.00E+00  0.00E+00  1.00E+00  0.00E+00 -1.00E+00  1.00E+00 -1.00E+00
         -1.00E+00  1.00E+00 ......... ......... ......... ......... .........  1.00E+00 ......... ......... ......... .........
         1.00E+00 ......... ......... .........  5.40E+00
 
 OM45
+       ......... ......... ......... ......... ......... ......... ......... ......... ......... ......... ......... .........
         ......... ......... ......... ......... ......... ......... ......... ......... ......... ......... ......... .........
        ......... ......... ......... ......... ......... .........
 
 OM46
+       ......... ......... ......... ......... ......... ......... ......... ......... ......... ......... ......... .........
         ......... ......... ......... ......... ......... ......... ......... ......... ......... ......... ......... .........
        ......... ......... ......... ......... ......... ......... .........
 
 OM55
+       -1.00E+00 -1.00E+00  1.00E+00  1.00E+00 -1.00E+00  1.00E+00  0.00E+00 -1.00E+00  0.00E+00  1.00E+00 -1.00E+00  1.00E+00
          1.00E+00 -1.00E+00 ......... ......... ......... ......... ......... -1.00E+00 ......... ......... ......... .........
        -1.00E+00 ......... ......... ......... -1.00E+00 ......... .........  1.00E+01
 
1

            TH 1      TH 2      TH 3      TH 4      TH 5      TH 6      TH 7      TH 8      TH 9      TH10      TH11      TH12  
             TH13      OM11      OM12      OM13      OM14      OM15      OM16      OM22      OM23      OM24      OM25      OM26  
            OM33      OM34      OM35      OM36      OM44      OM45      OM46      OM55      OM56      OM66      SG11      SG12  
             SG22  
 
 OM56
+       ......... ......... ......... ......... ......... ......... ......... ......... ......... ......... ......... .........
         ......... ......... ......... ......... ......... ......... ......... ......... ......... ......... ......... .........
        ......... ......... ......... ......... ......... ......... ......... ......... .........
 
 OM66
+        1.00E+00  1.00E+00 -1.00E+00 -1.00E+00  1.00E+00 -1.00E+00  0.00E+00  1.00E+00  0.00E+00 -1.00E+00  1.00E+00 -1.00E+00
         -1.00E+00  1.00E+00 ......... ......... ......... ......... .........  1.00E+00 ......... ......... ......... .........
         1.00E+00 ......... ......... .........  1.00E+00 ......... ......... -1.00E+00 .........  9.66E-01
 
 SG11
+       -1.00E+00 -1.00E+00  1.00E+00  1.00E+00 -1.00E+00  1.00E+00  0.00E+00 -1.00E+00  0.00E+00  1.00E+00 -1.00E+00  1.00E+00
          1.00E+00 -1.00E+00 ......... ......... ......... ......... ......... -1.00E+00 ......... ......... ......... .........
        -1.00E+00 ......... ......... ......... -1.00E+00 ......... .........  1.00E+00 ......... -1.00E+00  5.87E-06
 
 SG12
+       ......... ......... ......... ......... ......... ......... ......... ......... ......... ......... ......... .........
         ......... ......... ......... ......... ......... ......... ......... ......... ......... ......... ......... .........
        ......... ......... ......... ......... ......... ......... ......... ......... ......... ......... ......... .........
 
 SG22
+        1.00E+00  1.00E+00 -1.00E+00 -1.00E+00  1.00E+00 -1.00E+00  0.00E+00  1.00E+00  0.00E+00 -1.00E+00  1.00E+00 -1.00E+00
         -1.00E+00  1.00E+00 ......... ......... ......... ......... .........  1.00E+00 ......... ......... ......... .........
         1.00E+00 ......... ......... .........  1.00E+00 ......... ......... -1.00E+00 .........  1.00E+00 -1.00E+00 .........
          1.80E-07
 
1
 ************************************************************************************************************************
 ********************                                                                                ********************
 ********************               FIRST ORDER CONDITIONAL ESTIMATION WITH INTERACTION              ********************
 ********************                      INVERSE COVARIANCE MATRIX OF ESTIMATE                     ********************
 ********************                                                                                ********************
 ************************************************************************************************************************
 

            TH 1      TH 2      TH 3      TH 4      TH 5      TH 6      TH 7      TH 8      TH 9      TH10      TH11      TH12  
             TH13      OM11      OM12      OM13      OM14      OM15      OM16      OM22      OM23      OM24      OM25      OM26  
            OM33      OM34      OM35      OM36      OM44      OM45      OM46      OM55      OM56      OM66      SG11      SG12  
             SG22  
 
 TH 1
+        2.08E+05
 
 TH 2
+        1.37E+02  9.05E-02
 
 TH 3
+        1.11E+02  7.30E-02  5.89E-02
 
 TH 4
+        4.99E+01  3.29E-02  2.65E-02  1.20E-02
 
 TH 5
+        7.51E+03  4.95E+00  4.00E+00  1.80E+00  2.71E+02
 
 TH 6
+       -4.24E+01 -2.80E-02 -2.26E-02 -1.02E-02 -1.53E+00  8.65E-03
 
 TH 7
+        0.00E+00  0.00E+00  0.00E+00  0.00E+00  0.00E+00  0.00E+00  0.00E+00
 
 TH 8
+        2.42E+03  1.60E+00  1.29E+00  5.82E-01  8.76E+01 -4.95E-01  0.00E+00  2.83E+01
 
 TH 9
+        0.00E+00  0.00E+00  0.00E+00  0.00E+00  0.00E+00  0.00E+00  0.00E+00  0.00E+00  0.00E+00
 
 TH10
+        9.18E+08  6.06E+05  4.89E+05  2.20E+05  3.32E+07 -1.87E+05  0.00E+00  1.07E+07  0.00E+00  4.06E+12
 
 TH11
+        3.01E+01  1.99E-02  1.60E-02  7.22E-03  1.09E+00 -6.14E-03  0.00E+00  3.51E-01  0.00E+00  1.33E+05  4.36E-03
 
 TH12
+       -7.65E+01 -5.05E-02 -4.07E-02 -1.84E-02 -2.77E+00  1.56E-02  0.00E+00 -8.93E-01  0.00E+00 -3.38E+05 -1.11E-02  2.82E-02
 
 TH13
+       -3.52E+02 -2.32E-01 -1.87E-01 -8.44E-02 -1.27E+01  7.18E-02  0.00E+00 -4.11E+00  0.00E+00 -1.56E+06 -5.10E-02  1.30E-01
          5.96E-01
 
 OM11
+        2.29E+03  1.51E+00  1.22E+00  5.50E-01  8.28E+01 -4.67E-01  0.00E+00  2.67E+01  0.00E+00  1.01E+07  3.32E-01 -8.44E-01
         -3.88E+00  2.53E+01
 
 OM12
+       ......... ......... ......... ......... ......... ......... ......... ......... ......... ......... ......... .........
         ......... ......... .........
 
 OM13
+       ......... ......... ......... ......... ......... ......... ......... ......... ......... ......... ......... .........
         ......... ......... ......... .........
 
 OM14
+       ......... ......... ......... ......... ......... ......... ......... ......... ......... ......... ......... .........
         ......... ......... ......... ......... .........
 
 OM15
+       ......... ......... ......... ......... ......... ......... ......... ......... ......... ......... ......... .........
         ......... ......... ......... ......... ......... .........
 
1

            TH 1      TH 2      TH 3      TH 4      TH 5      TH 6      TH 7      TH 8      TH 9      TH10      TH11      TH12  
             TH13      OM11      OM12      OM13      OM14      OM15      OM16      OM22      OM23      OM24      OM25      OM26  
            OM33      OM34      OM35      OM36      OM44      OM45      OM46      OM55      OM56      OM66      SG11      SG12  
             SG22  
 
 OM16
+       ......... ......... ......... ......... ......... ......... ......... ......... ......... ......... ......... .........
         ......... ......... ......... ......... ......... ......... .........
 
 OM22
+        2.61E+06  1.72E+03  1.39E+03  6.26E+02  9.42E+04 -5.32E+02  0.00E+00  3.04E+04  0.00E+00  1.15E+10  3.78E+02 -9.60E+02
         -4.41E+03  2.87E+04 ......... ......... ......... ......... .........  3.27E+07
 
 OM23
+       ......... ......... ......... ......... ......... ......... ......... ......... ......... ......... ......... .........
         ......... ......... ......... ......... ......... ......... ......... ......... .........
 
 OM24
+       ......... ......... ......... ......... ......... ......... ......... ......... ......... ......... ......... .........
         ......... ......... ......... ......... ......... ......... ......... ......... ......... .........
 
 OM25
+       ......... ......... ......... ......... ......... ......... ......... ......... ......... ......... ......... .........
         ......... ......... ......... ......... ......... ......... ......... ......... ......... ......... .........
 
 OM26
+       ......... ......... ......... ......... ......... ......... ......... ......... ......... ......... ......... .........
         ......... ......... ......... ......... ......... ......... ......... ......... ......... ......... ......... .........
 
 OM33
+       -3.01E+05 -1.99E+02 -1.60E+02 -7.22E+01 -1.09E+04  6.14E+01  0.00E+00 -3.51E+03  0.00E+00 -1.33E+09 -4.36E+01  1.11E+02
          5.10E+02 -3.32E+03 ......... ......... ......... ......... ......... -3.78E+06 ......... ......... ......... .........
         4.36E+05
 
 OM34
+       ......... ......... ......... ......... ......... ......... ......... ......... ......... ......... ......... .........
         ......... ......... ......... ......... ......... ......... ......... ......... ......... ......... ......... .........
        ......... .........
 
 OM35
+       ......... ......... ......... ......... ......... ......... ......... ......... ......... ......... ......... .........
         ......... ......... ......... ......... ......... ......... ......... ......... ......... ......... ......... .........
        ......... ......... .........
 
 OM36
+       ......... ......... ......... ......... ......... ......... ......... ......... ......... ......... ......... .........
         ......... ......... ......... ......... ......... ......... ......... ......... ......... ......... ......... .........
        ......... ......... ......... .........
 
 OM44
+        1.81E+02  1.20E-01  9.65E-02  4.35E-02  6.55E+00 -3.70E-02  0.00E+00  2.11E+00  0.00E+00  8.01E+05  2.63E-02 -6.68E-02
         -3.07E-01  2.00E+00 ......... ......... ......... ......... .........  2.27E+03 ......... ......... ......... .........
        -2.63E+02 ......... ......... .........  1.58E-01
 
 OM45
+       ......... ......... ......... ......... ......... ......... ......... ......... ......... ......... ......... .........
         ......... ......... ......... ......... ......... ......... ......... ......... ......... ......... ......... .........
        ......... ......... ......... ......... ......... .........
 
 OM46
+       ......... ......... ......... ......... ......... ......... ......... ......... ......... ......... ......... .........
         ......... ......... ......... ......... ......... ......... ......... ......... ......... ......... ......... .........
        ......... ......... ......... ......... ......... ......... .........
 
 OM55
+        1.82E+05  1.20E+02  9.70E+01  4.37E+01  6.59E+03 -3.72E+01  0.00E+00  2.13E+03  0.00E+00  8.06E+08  2.64E+01 -6.71E+01
         -3.09E+02  2.01E+03 ......... ......... ......... ......... .........  2.29E+06 ......... ......... ......... .........
        -2.64E+05 ......... ......... .........  1.59E+02 ......... .........  1.60E+05
 
1

            TH 1      TH 2      TH 3      TH 4      TH 5      TH 6      TH 7      TH 8      TH 9      TH10      TH11      TH12  
             TH13      OM11      OM12      OM13      OM14      OM15      OM16      OM22      OM23      OM24      OM25      OM26  
            OM33      OM34      OM35      OM36      OM44      OM45      OM46      OM55      OM56      OM66      SG11      SG12  
             SG22  
 
 OM56
+       ......... ......... ......... ......... ......... ......... ......... ......... ......... ......... ......... .........
         ......... ......... ......... ......... ......... ......... ......... ......... ......... ......... ......... .........
        ......... ......... ......... ......... ......... ......... ......... ......... .........
 
 OM66
+        1.95E+00  1.29E-03  1.04E-03  4.68E-04  7.04E-02 -3.97E-04  0.00E+00  2.27E-02  0.00E+00  8.61E+03  2.82E-04 -7.18E-04
         -3.30E-03  2.15E-02 ......... ......... ......... ......... .........  2.44E+01 ......... ......... ......... .........
        -2.82E+00 ......... ......... .........  1.70E-03 ......... .........  1.71E+00 .........  1.83E-05
 
 SG11
+        4.23E+08  2.79E+05  2.25E+05  1.01E+05  1.53E+07 -8.63E+04  0.00E+00  4.93E+06  0.00E+00  1.87E+12  6.12E+04 -1.56E+05
         -7.16E+05  4.66E+06 ......... ......... ......... ......... .........  5.30E+09 ......... ......... ......... .........
        -6.12E+08 ......... ......... .........  3.69E+05 ......... .........  3.71E+08 .........  3.97E+03  8.60E+11
 
 SG12
+       ......... ......... ......... ......... ......... ......... ......... ......... ......... ......... ......... .........
         ......... ......... ......... ......... ......... ......... ......... ......... ......... ......... ......... .........
        ......... ......... ......... ......... ......... ......... ......... ......... ......... ......... ......... .........
 
 SG22
+       -2.83E+14 -1.87E+11 -1.50E+11 -6.79E+10 -1.02E+13  5.77E+10  0.00E+00 -3.30E+12  0.00E+00 -1.25E+18 -4.10E+10  1.04E+11
          4.79E+11 -3.12E+12 ......... ......... ......... ......... ......... -3.55E+15 ......... ......... ......... .........
         4.10E+14 ......... ......... ......... -2.47E+11 ......... ......... -2.48E+14 ......... -2.65E+09 -5.75E+17 .........
          3.85E+23
 
1
 
 
 
 
 
 
 
 
 
 
 
 
 
 
 
 
 
 
 
 
 ************************************************************************************************************************
 ********************                                                                                ********************
 ********************               FIRST ORDER CONDITIONAL ESTIMATION WITH INTERACTION              ********************
 ********************                      EIGENVALUES OF COR MATRIX OF ESTIMATE                     ********************
 ********************                                                                                ********************
 ************************************************************************************************************************
 

             1         2         3         4         5         6         7         8         9        10        11        12
             13        14        15        16        17        18        19        20        21
 
        -1.54E-17 -8.45E-16  3.23E-15  7.06E-15  4.03E-14  7.90E-14  2.10E-13  1.21E-12  1.53E-11  6.71E-10  9.43E-10  3.05E-09
          4.11E-09  1.05E-08  1.84E-08  3.69E-08  8.85E-08  1.66E-07  1.00E+00  1.00E+00  1.90E+01
 
1
 ************************************************************************************************************************
 ********************                                                                                ********************
 ********************               FIRST ORDER CONDITIONAL ESTIMATION WITH INTERACTION              ********************
 ********************                                     S MATRIX                                   ********************
 ********************                                                                                ********************
 ************************************************************************************************************************
 

            TH 1      TH 2      TH 3      TH 4      TH 5      TH 6      TH 7      TH 8      TH 9      TH10      TH11      TH12  
             TH13      OM11      OM12      OM13      OM14      OM15      OM16      OM22      OM23      OM24      OM25      OM26  
            OM33      OM34      OM35      OM36      OM44      OM45      OM46      OM55      OM56      OM66      SG11      SG12  
             SG22  
 
 TH 1
+        1.22E+04
 
 TH 2
+        1.11E+04  2.69E+06
 
 TH 3
+        3.73E+03  7.83E+04  1.65E+07
 
 TH 4
+        1.31E+04  9.92E+03 -8.24E+04  1.53E+04
 
 TH 5
+       -3.08E+04 -2.35E+04  1.97E+05 -3.63E+04  8.72E+04
 
 TH 6
+       -1.01E+04 -8.21E+03  6.75E+04 -1.19E+04  2.86E+04  9.42E+03
 
 TH 7
+        0.00E+00  0.00E+00  0.00E+00  0.00E+00  0.00E+00  0.00E+00  0.00E+00
 
 TH 8
+       -1.02E+04 -1.03E+04  6.62E+04 -1.20E+04  2.87E+04  9.43E+03  0.00E+00  9.48E+03
 
 TH 9
+        0.00E+00  0.00E+00  0.00E+00  0.00E+00  0.00E+00  0.00E+00  0.00E+00  0.00E+00  0.00E+00
 
 TH10
+       -2.60E+05 -2.57E+08 -6.55E+06 -5.29E+04  1.02E+05  8.16E+04  0.00E+00  2.79E+05  0.00E+00  2.46E+10
 
 TH11
+        1.32E+04  6.91E+03 -7.31E+04  1.54E+04 -3.70E+04 -1.21E+04  0.00E+00 -1.22E+04  0.00E+00  2.59E+05  1.58E+04
 
 TH12
+       -8.36E+03 -1.00E+04  6.44E+04 -9.93E+03  2.38E+04  7.82E+03  0.00E+00  7.86E+03  0.00E+00  3.81E+05 -9.97E+03  6.62E+03
 
 TH13
+       -7.72E+03  4.19E+06  2.43E+05 -1.37E+04  3.32E+04  1.01E+04  0.00E+00  7.01E+03  0.00E+00 -4.02E+08 -1.84E+04  3.90E+03
          6.58E+06
 
 OM11
+       -1.21E+04  2.65E+04 -2.21E+05 -1.38E+04  3.23E+04  1.04E+04  0.00E+00  1.07E+04  0.00E+00 -3.29E+06 -1.36E+04  9.03E+03
          6.77E+04  1.06E+05
 
 OM12
+       ......... ......... ......... ......... ......... ......... ......... ......... ......... ......... ......... .........
         ......... ......... .........
 
 OM13
+       ......... ......... ......... ......... ......... ......... ......... ......... ......... ......... ......... .........
         ......... ......... ......... .........
 
 OM14
+       ......... ......... ......... ......... ......... ......... ......... ......... ......... ......... ......... .........
         ......... ......... ......... ......... .........
 
 OM15
+       ......... ......... ......... ......... ......... ......... ......... ......... ......... ......... ......... .........
         ......... ......... ......... ......... ......... .........
 
1

            TH 1      TH 2      TH 3      TH 4      TH 5      TH 6      TH 7      TH 8      TH 9      TH10      TH11      TH12  
             TH13      OM11      OM12      OM13      OM14      OM15      OM16      OM22      OM23      OM24      OM25      OM26  
            OM33      OM34      OM35      OM36      OM44      OM45      OM46      OM55      OM56      OM66      SG11      SG12  
             SG22  
 
 OM16
+       ......... ......... ......... ......... ......... ......... ......... ......... ......... ......... ......... .........
         ......... ......... ......... ......... ......... ......... .........
 
 OM22
+       -2.05E+03  1.92E+03 -4.98E+04 -1.83E+03  4.20E+03  1.39E+03  0.00E+00  1.41E+03  0.00E+00 -3.15E+05 -1.79E+03  1.19E+03
          7.03E+03  2.41E+03 ......... ......... ......... ......... .........  2.47E+03
 
 OM23
+       ......... ......... ......... ......... ......... ......... ......... ......... ......... ......... ......... .........
         ......... ......... ......... ......... ......... ......... ......... ......... .........
 
 OM24
+       ......... ......... ......... ......... ......... ......... ......... ......... ......... ......... ......... .........
         ......... ......... ......... ......... ......... ......... ......... ......... ......... .........
 
 OM25
+       ......... ......... ......... ......... ......... ......... ......... ......... ......... ......... ......... .........
         ......... ......... ......... ......... ......... ......... ......... ......... ......... ......... .........
 
 OM26
+       ......... ......... ......... ......... ......... ......... ......... ......... ......... ......... ......... .........
         ......... ......... ......... ......... ......... ......... ......... ......... ......... ......... ......... .........
 
 OM33
+       -3.35E+03 -5.71E+03  2.12E+04 -3.95E+03  9.48E+03  3.11E+03  0.00E+00  3.13E+03  0.00E+00  3.14E+05 -4.02E+03  2.60E+03
         -1.33E+03  3.48E+03 ......... ......... ......... ......... .........  4.53E+02 ......... ......... ......... .........
         1.05E+03
 
 OM34
+       ......... ......... ......... ......... ......... ......... ......... ......... ......... ......... ......... .........
         ......... ......... ......... ......... ......... ......... ......... ......... ......... ......... ......... .........
        ......... .........
 
 OM35
+       ......... ......... ......... ......... ......... ......... ......... ......... ......... ......... ......... .........
         ......... ......... ......... ......... ......... ......... ......... ......... ......... ......... ......... .........
        ......... ......... .........
 
 OM36
+       ......... ......... ......... ......... ......... ......... ......... ......... ......... ......... ......... .........
         ......... ......... ......... ......... ......... ......... ......... ......... ......... ......... ......... .........
        ......... ......... ......... .........
 
 OM44
+       -1.64E+02 -4.38E+02  1.48E+03 -1.97E+02  4.70E+02  1.55E+02  0.00E+00  1.59E+02  0.00E+00  3.10E+04 -1.86E+02  1.37E+02
         -2.73E+02  1.30E+02 ......... ......... ......... ......... .........  1.63E+01 ......... ......... ......... .........
         5.18E+01 ......... ......... .........  6.03E+00
 
 OM45
+       ......... ......... ......... ......... ......... ......... ......... ......... ......... ......... ......... .........
         ......... ......... ......... ......... ......... ......... ......... ......... ......... ......... ......... .........
        ......... ......... ......... ......... ......... .........
 
 OM46
+       ......... ......... ......... ......... ......... ......... ......... ......... ......... ......... ......... .........
         ......... ......... ......... ......... ......... ......... ......... ......... ......... ......... ......... .........
        ......... ......... ......... ......... ......... ......... .........
 
 OM55
+        1.10E+02 -2.03E+02 -3.20E+03  1.18E+02 -2.87E+02 -9.71E+01  0.00E+00 -9.30E+01  0.00E+00  2.74E+04  1.14E+02 -8.97E+01
         -6.31E+02  5.11E+02 ......... ......... ......... ......... ......... -4.66E+01 ......... ......... ......... .........
        -3.12E+01 ......... ......... ......... -1.10E+00 ......... .........  2.35E+01
 
1

            TH 1      TH 2      TH 3      TH 4      TH 5      TH 6      TH 7      TH 8      TH 9      TH10      TH11      TH12  
             TH13      OM11      OM12      OM13      OM14      OM15      OM16      OM22      OM23      OM24      OM25      OM26  
            OM33      OM34      OM35      OM36      OM44      OM45      OM46      OM55      OM56      OM66      SG11      SG12  
             SG22  
 
 OM56
+       ......... ......... ......... ......... ......... ......... ......... ......... ......... ......... ......... .........
         ......... ......... ......... ......... ......... ......... ......... ......... ......... ......... ......... .........
        ......... ......... ......... ......... ......... ......... ......... ......... .........
 
 OM66
+       -1.46E+02 -3.43E+03 -4.34E+03 -2.13E+02  5.43E+02  1.78E+02  0.00E+00  1.88E+02  0.00E+00  3.17E+05 -2.37E+02  1.45E+02
         -5.01E+03  1.73E+03 ......... ......... ......... ......... ......... -1.65E+01 ......... ......... ......... .........
         7.38E+01 ......... ......... .........  2.63E+00 ......... .........  3.04E+01 .........  9.41E+01
 
 SG11
+       -3.39E+05 -2.23E+06 -5.78E+06 -4.03E+05  1.00E+06  3.25E+05  0.00E+00  3.34E+05  0.00E+00  1.87E+08 -4.32E+05  2.62E+05
         -2.72E+06  6.32E+05 ......... ......... ......... ......... .........  4.79E+04 ......... ......... ......... .........
         1.13E+05 ......... ......... .........  7.55E+03 ......... .........  8.31E+03 .........  2.10E+04  5.76E+07
 
 SG12
+       ......... ......... ......... ......... ......... ......... ......... ......... ......... ......... ......... .........
         ......... ......... ......... ......... ......... ......... ......... ......... ......... ......... ......... .........
        ......... ......... ......... ......... ......... ......... ......... ......... ......... ......... ......... .........
 
 SG22
+       -4.24E+06  2.15E+09  1.03E+08 -7.20E+06  1.74E+07  5.32E+06  0.00E+00  3.71E+06  0.00E+00 -2.07E+11 -9.87E+06  1.84E+06
          3.38E+09  3.45E+07 ......... ......... ......... ......... .........  3.51E+06 ......... ......... ......... .........
        -6.14E+05 ......... ......... ......... -1.49E+05 ......... ......... -2.82E+05 ......... -2.53E+06 -1.35E+09 .........
          1.74E+12
 
 Elapsed finaloutput time in seconds:     0.43
1THERE ARE ERROR MESSAGES IN FILE PRDERR                                                                  
 #CPUT: Total CPU Time in Seconds,     2257.156
Stop Time: 
29.07.2025 
05:36
Post run R code Penalty = 14275.669
Post run R code text = 14275.669
OFV = 3590.495121803607
success = False
covariance = True
correlation = False
Condition # = 1.232087187769354e+18
Num Non fixed THETAs = 13
Num Non fixed OMEGAs = 6
Num Non fixed SIGMAs = 2
Original run directory = D:\Users\selzer\Repos\GH\pyDarwinXploR\RemiR\temp\FNS02\308
